==========================================================================
W42 probe-4 (layer −2): signature (3,2) in the weighted Box — does the Box SEE
the parity of n=5; do the two doors-to-muteness (Pf-mirror W29 ⊥ Box-collapse S1008) —
meet or not. Weights ℚ⁺ on both sides; exact arithmetic; L∈{3,4}.
==========================================================================

T1 (named signatures at EQUAL weights w=1; does the Box see the parity of n):
signature | n | #null-modes | q_eff | p_eff | split | C̃ | state
------------------------------------------------------------------------
(3,2) | 5 | 210 | 2 | 3 | 60 | 2 | bistable (q_eff=2≥2)
(2,3) | 5 | 210 | 3 | 2 | 116 | 4 | bistable (q_eff=3≥2)
(2,2) | 4 | 70 | 2 | 2 | 24 | 2 | bistable (q_eff=2≥2)
(3,3) | 6 | 924 | 3 | 3 | 520 | 4 | bistable (q_eff=3≥2)
(3,1) | 4 | 28 | 1 | 2 | 0 | 1 | single time (q_eff=1)
  ★MEASUREMENT (bet-1): (3,2) is bistable in the Box (q_eff=2) ⟹ the Box does NOT see the parity of n=5.
  The doors are DIFFERENT: Pf-muteness W29 (structural, ∀ weights, mirror machinery) ⊥ Box-collapse
  (weight-generic). (3,2) is killed TWICE independently — the mirror does not hold the 5th axis ∀ weights
  PLUS the Box collapses under detuning. The exceptionality profile of (3,1) thickens from two machineries.

T2 (bistability law of (3,2): sweep of time-weights w=(1,w₂); do the vertices scale ~ p?):
w₂ | #null-modes | q_eff | split | C̃ | state
------------------------------------------------------------------------
1 | 210 | 2 | 60 | 2 | bistable (C̃=2)
5/4 | 28 | 1 | 0 | 1 | ★collapse: one clock
3/2 | 84 | 1 | 0 | 1 | ★collapse: one clock
2 | 196 | 2 | 80 | 2 | bistable (C̃=2)
5/2 | 36 | 1 | 0 | 1 | ★collapse: one clock
3 | 141 | 2 | 60 | 2 | bistable (C̃=2)
4 | 84 | 2 | 24 | 2 | bistable (C̃=2)
5 | 44 | 2 | 4 | 2 | bistable (C̃=2)
6 | 30 | 1 | 0 | 2 | ★disjoint clocks (C̃=2)
7 | 28 | 1 | 0 | 1 | ★collapse: one clock
  bistable w₂ (at w₁=1): ['1', '2', '3', '4', '5']
  ★MEASUREMENT: (3,2) bistable ⟺ w₁+w₂∈{{1,…,6}} = {{1..2p}}, p=3. S1008 (2,2): {{1..4}}={{1..2p}}
  p=2. The vertices scale with the SIGNATURE legitimately (the max T-sums grow with p). The ANCESTOR
  of the form = S1008-T2 (multiplicity 1, NOT a new witness — K2 anti-artifact: L=3↔4 in M1).
  ★Task refinement: the law = {1..2p} (not {1..p}) — measured, not postulated.

T3 (under generic collapse of (3,2): which axis goes mute, the effective null-structure):
  w=(1,1,1 | 1, 3/2): axis reachability (active in some null mode?):
    space x0=True x1=True x2=True | time t0=True t1(w=3/2)=False
    q_eff=1 split=0 C̃=1
  ★MEASUREMENT: collapse → q_eff=1; the incommensurate time-axis t1(w=3/2) is FULLY MUTE (mute-structurally:
  T(k)·3/2 is odd ⊥ the even ticks of the rest — no balance is possible). All 3 space + t0 remain ⟹
  the effective grip = EXACTLY (3 space + 1 time) = (3,1). Active tick-structure = 36 modes.
  ★HONEST BOUNDARY against the Pf-branches of W29 (citation, not re-derivation): the mirror gives «mute time ⟹
  (3,1)» STRUCTURALLY, odd n, ∀ weights; the Box gives «incommensurate time-weight ⟹ that axis is mute ⟹
  (3,1)» WEIGHT-generically. The SAME (3,1) PROFILE from TWO independent machineries — but
  the mirror forces it ∀ weights (even equal ones), the Box only under detuning ⟹ DIFFERENT doors,
  a coincidence of profile of multiplicity 0 (a rhyme across epochs §7b, NOT a shared derivation). The Box weighs only time-axes
  here — the branch «mute space ⟹ (2,2)» is seen only by T5 (weights on space too).

T4 ((2,3) control p<q: does q>p change anything qualitatively; sweep w=(1,1,w₃)):
w₃ | #null-modes | q_eff | split | C̃ | state
------------------------------------------------------------------------
1 | 210 | 3 | 116 | 4 | bistable q_eff=3
3/2 | 78 | 2 | 24 | 2 | bistable q_eff=2
2 | 127 | 3 | 64 | 4 | bistable q_eff=3
5/2 | 70 | 2 | 24 | 2 | bistable q_eff=2
3 | 86 | 2 | 32 | 4 | bistable q_eff=2
  bistab-Σw (q_eff=3): ['2', '3', '4']
  ★MEASUREMENT (2,3): q>p reaches q_eff=3 (three shared time-axes); full participation ⟺ Σw≤2p=4 (the CEILING scales
  with p LEGITIMATELY, as in S1008/(3,2)-T2). The measured set {{2,3,4}}: floor=2 — NOT a law, but
  positivity (three weights ≥1/2 ⟹ Σ≥3/2, the smallest INTEGER sum=2). QUALITATIVELY the same (commens.
  sums ≤ ceiling-2p), quantitatively narrower: an excess of time over space ⟹ full bistability is rarer.

T5 (LAW OF UNIFORM PARTICIPATION: weights on SPACE too; is the law BLIND to the sign of the axis):
  (a) clean sign test on (2,2): weight w on the SPATIAL axis vs on the TIME axis, the same partners:
  w | space(1,w|1,1): x1-reachable? | time(1,1|1,w): t1-reachable? | symmetric?
------------------------------------------------------------------------
  1 | True | True | YES
  3/2 | False | False | YES
  5/2 | False | False | YES
  4 | True | True | YES
  7/3 | False | False | YES
  ★MEASUREMENT(a): axis realizability is the same in the + and − position (the bare Box machinery is sign-blind).
  The pre-registered prediction of the author's ansatz (§8 item 6) is CONFIRMED: the bare Box has NO rotational compulsion
  ⟹ a spatial axis with an incommensurate weight mutes symmetrically to a temporal one. What keeps space equal in
  the FULL structure (the scroll around the time-column) — is OUTSIDE this machinery (S1004-Coxeter, cited).
  (b) Diophantine participation condition: axis a reachable ⟺ w_a·2 = a signed combo of the remaining ticks?
  ★MEASUREMENT(b): «an axis participates ⟺ its weighted tick = a signed integer combination of the
  remaining ticks» — ONE law for space and time, the axis sign enters the sum ONLY as a sign (confirmed).
  (c) codimension of the sticking set (bistability): the bistable fraction on the weight grid
  denom-3 grid 12×12: bistab=43/144 — sticking only where w₁+w₂∈ℤ (a commensurate sublattice)
  ★MEASUREMENT(c): bistability sits on the sublattice w₁+w₂∈ℤ (codim.1) — GENERICALLY one
  clock ∀ signatures; axis-democracy breaks only through weights, the sign decides WHICH is the clock.

T6 (orbits of the zero-set under axis permutations; REFINEMENT under weight detuning):
  EQUAL weights (S₃×S₂ acts) — invariance = a THEOREM (exercise-fence, NOT a bet):
    #null-modes=210, orbits=[12, 12, 12, 12, 12, 12, 6, 6, 6, 6, 6, 6]
  DETUNED spatial weight x2=3/2 (only S₂×S₂ preserves the pattern) — MEASURED refinement:
    #null-modes=78, orbits=[4, 4, 4, 4, 4, 4, 4, 4, 4, 4, 4, 4]
  ★MEASUREMENT: detuning one spatial weight splits the orbits (the symmetry drops S₃×S₂→S₂×S₂);
  the detuned spatial axis x2 is mute-on-active=True (T5a-muteness). Coxeter-enforced equality
  of all d+1 axes on the cell = the S1004 ANCESTOR (citation, not re-derivation). The refinement is a number, not a theorem.

MUTANTS:
  MUTANT M1 (size L=3): CAUGHT ((3,2) w=1 bistab q_eff=2, w₂=4/3 collapse q_eff=1 —
    the same conclusion as L=4: the Box does not see parity regardless of size)
  MUTANT M2 (false-parity «(3,2)≈(3,3)»): CAUGHT (q_eff cap 2 vs 3; #null 210≠924 —
    (3,2) is NOT (3,3): fewer time-axes ⟹ a lower bistability ceiling. The tables differ)
  MUTANT M3 (false-q_eff): CAUGHT (at w₂=3/2 «count all time-axes»=2, ACTIVE=1 —
    the mute axis is not counted; the false version would give bistability where there is collapse)
  MUTANT M4 (limit w→0): CAUGHT (w₂=0 degenerate #null=112 ≠ w₂=1/100 #null=28 —
    axis-0 removed ≠ small weight; the limit is discontinuous)
  MUTANT M5 (false-sign-law): CAUGHT (a spatial axis w=3/2 and a time axis w=3/2 — the SAME
    reachability; the false «sign changes resonance» is caught by the T5(a) symmetry measurement)

NEGATIVE CONTROL (seeded): (3,1) — q=1, nothing to collapse ∀w
  (3,1) w=7/3: C̃=1 — single time ∀w (no bistability to collapse)

SUMMARY: asserts_passed=14 | FAIL=0
FORBIDDEN-SCAN: hits=0 (src=0, log=0)
EXIT=0
PROC_EXIT=0
STOP
