[master] T3: 392 cells in Pool(18)
==========================================================================
W40: two independent weights on the cell + stabilizer commutant (blind probe)
     g = s + t*w_1 + sum_{i>=2} w_i ; polygon {s,t,1^(d-1)} ; exact arithmetic
==========================================================================

T1 (bit-fences)
  (a) s=t=1 (all weights 1 = the base); cross-check type/dim against S999 T1 BIT-FOR-BIT:
    d=3: variety dim=1 rank=2  <- S999: 'd=3: variety | dim=1 | #points=- | rank=2  <- matches S998 run.log'
    d=4: variety dim=2 rank=2  <- S999: 'd=4: variety | dim=2 | #points=- | rank=2  <- matches S998 run.log'
  (b) s=t (both marked axes equal): cross-check against S998-T3 (m=2), d=3, t in {1/2,2}:
    s=t=1/2: variety dim=1  <- S998-T3: variety dim=1
    s=t=2: variety dim=1  <- S998-T3: variety dim=1

T2 (commutant of the stabilizer S_m x S_{d+1-m} on {sum x=0}; d=2..6, m=0..3)
d | m | dim(commutant) | block-ranks T/std_M/std_U | sum=d?
------------------------------------------------------------------------------
2 | 0 | 1 | 0/0/2 | yes
2 | 1 | 2 | 1/0/1 | yes
2 | 2 | 2 | 1/1/0 | yes
2 | 3 | 1 | 0/2/0 | yes
3 | 0 | 1 | 0/0/3 | yes
3 | 1 | 2 | 1/0/2 | yes
3 | 2 | 3 | 1/1/1 | yes
3 | 3 | 2 | 1/2/0 | yes
4 | 0 | 1 | 0/0/4 | yes
4 | 1 | 2 | 1/0/3 | yes
4 | 2 | 3 | 1/1/2 | yes
4 | 3 | 3 | 1/2/1 | yes
5 | 0 | 1 | 0/0/5 | yes
5 | 1 | 2 | 1/0/4 | yes
5 | 2 | 3 | 1/1/3 | yes
5 | 3 | 3 | 1/2/2 | yes
6 | 0 | 1 | 0/0/6 | yes
6 | 1 | 2 | 1/0/5 | yes
6 | 2 | 3 | 1/1/4 | yes
6 | 3 | 3 | 1/2/3 | yes

T2b (symmetry is significant on the FULL module R^(d+1); ordered vs symmetric):
  d=4 m=2: R^(d+1) ordered-commutant=6 > symmetric=5
  d=5 m=2: R^(d+1) ordered-commutant=6 > symmetric=5
  d=6 m=3: R^(d+1) ordered-commutant=6 > symmetric=5

  direction e0-e1 (m=2) under the swap 0<->1: [-1, 1, 0, 0, 0] = -(e0-e1) => ODD (yes)

T3 (the weight plane (s,t); d=3,4; a 14x14 grid): classes of the zero-set
    legend: E=empty · 0=point · 1/2/3=variety dim · (min|f|^2 for E)

  d=3  (rows s, columns t; GRID values=0,1/4,1/3,1/2,2/3,3/4,1,4/3,3/2,2,5/2,3,7/2,4):
  s\t |    0  1/4  1/3  1/2  2/3  3/4    1  4/3  3/2    2  5/2    3  7/2    4
     0 |    2    1    1    1    1    1    1    1    1    1    E    E    E    E
   1/4 |    1    1    1    1    1    1    1    1    1    1    E    E    E    E
   1/3 |    1    1    1    1    1    1    1    1    1    1    E    E    E    E
   1/2 |    1    1    1    1    1    1    1    1    1    1    0    E    E    E
   2/3 |    1    1    1    1    1    1    1    1    1    1    1    E    E    E
   3/4 |    1    1    1    1    1    1    1    1    1    1    1    E    E    E
     1 |    1    1    1    1    1    1    1    1    1    1    1    0    E    E
   4/3 |    1    1    1    1    1    1    1    1    1    1    1    1    E    E
   3/2 |    1    1    1    1    1    1    1    1    1    1    1    1    0    E
     2 |    1    1    1    1    1    1    1    1    1    1    1    1    1    0
   5/2 |    E    E    E    0    1    1    1    1    1    1    1    1    1    1
     3 |    E    E    E    E    E    E    0    1    1    1    1    1    1    1
   7/2 |    E    E    E    E    E    E    E    E    0    1    1    1    1    1
     4 |    E    E    E    E    E    E    E    E    E    0    1    1    1    1

  d=4  (rows s, columns t; GRID values=0,1/4,1/3,1/2,2/3,3/4,1,4/3,3/2,2,5/2,3,7/2,4):
  s\t |    0  1/4  1/3  1/2  2/3  3/4    1  4/3  3/2    2  5/2    3  7/2    4
     0 |    2    2    2    2    2    2    2    2    2    2    2    1    E    E
   1/4 |    2    2    2    2    2    2    2    2    2    2    2    2    E    E
   1/3 |    2    2    2    2    2    2    2    2    2    2    2    2    E    E
   1/2 |    2    2    2    2    2    2    2    2    2    2    2    2    0    E
   2/3 |    2    2    2    2    2    2    2    2    2    2    2    2    2    E
   3/4 |    2    2    2    2    2    2    2    2    2    2    2    2    2    E
     1 |    2    2    2    2    2    2    2    2    2    2    2    2    2    0
   4/3 |    2    2    2    2    2    2    2    2    2    2    2    2    2    2
   3/2 |    2    2    2    2    2    2    2    2    2    2    2    2    2    2
     2 |    2    2    2    2    2    2    2    2    2    2    2    2    2    2
   5/2 |    2    2    2    2    2    2    2    2    2    2    2    2    2    2
     3 |    1    2    2    2    2    2    2    2    2    2    2    2    2    2
   7/2 |    E    E    E    0    2    2    2    2    2    2    2    2    2    2
     4 |    E    E    E    E    E    E    0    2    2    2    2    2    2    2

  T3 cross-check (raw samples + rank(J)):
    d=3 (s,t)=(1,1): interior rank(J)=2, dim=1 (analytic 1)
    d=4 (s,t)=(1,1): interior rank(J)=2, dim=2 (analytic 2)
    d=3 (s,t)=(3,1): boundary rank(J)=1, type=point dim=0
    d=4 (s,t)=(4,1): boundary rank(J)=1, type=point dim=0
    d=3 (s,t)=(4,1/4): empty, min|f|^2(symmetric)=153/16
    d=4 (s,t)=(4,1/4): empty, min|f|^2(symmetric)=153/16 - 9*(-1)**(2/5)/4 + 9*(-1)**(3/5)/4

  T3 discriminant curves (2*max = sum; symbolic):
    (t max): t = s + (d-1)        [line, slope 1, offset d-1]
    (s max): s = t + (d-1)
    (1 max, s,t<=1): s + t = 3 - d  => d>=3: outside the 1st quadrant (none)
    degenerate: s=0 (the constant is removed), t=0 (psi_1 free, dim+1)
    rational vertices in the 1st quadrant: (0, d-1) and (d-1, 0)
      d=3: (0,2) = (t=s+(d-1)) ∩ (s=0) ; (2,0) = (s=t+(d-1)) ∩ (t=0)
      d=4: (0,3) = (t=s+(d-1)) ∩ (s=0) ; (3,0) = (s=t+(d-1)) ∩ (t=0)
    FINDING (measurement): the T3 matrix is transpose-symmetric => the classification
    is invariant under s<->t (the two marked axes are equivalent; dividing by z_0 = a free normalization)

T4 (the line s=t=tau against the break s=tau+eps, t=tau-eps; d=3)
(tau,eps) | type | dim | #symm-points on Z | #collinear-sing | note
--------------------------------------------------------------------------------------------
(1/2,0) | variety | 1 | 1 | 2 | symmetric
(1/2,1/10) | variety | 1 | 0 | 0 | break s!=t
(1/2,1/4) | variety | 1 | 0 | 0 | break s!=t
(1,0) | variety | 1 | 3 | 3 | symmetric
(1,1/10) | variety | 1 | 0 | 1 | break s!=t
(1,1/4) | variety | 1 | 0 | 1 | break s!=t
(3/2,0) | variety | 1 | 1 | 2 | symmetric
(3/2,1/10) | variety | 1 | 0 | 0 | break s!=t
(3/2,1/4) | variety | 1 | 0 | 0 | break s!=t
(2,0) | variety | 1 | 1 | 2 | symmetric
(2,1/10) | variety | 1 | 0 | 0 | break s!=t
(2,1/4) | variety | 1 | 0 | 0 | break s!=t
  T4 note: tau=1 collinear-singularities 3 (symmetric) -> 1 (break eps=1/4)

T5 (special relations t/s and t*s=1 against the discriminant curves)
d | relation | (s,t) on discr. t=s+(d-1) | class-change | depends on d?
----------------------------------------------------------------------------------------
3 | t/s=1/2 | (s,t)=(4,2) | boundary | yes (∝ d-1)
3 | t/s=1/3 | (s,t)=(3,1) | boundary | yes (∝ d-1)
3 | t/s=1/4 | (s,t)=(8/3,2/3) | boundary | yes (∝ d-1)
3 | t/s=2 | (s,t)=(2,4) | boundary | yes (∝ d-1)
3 | t/s=3 | (s,t)=(1,3) | boundary | yes (∝ d-1)
3 | t/s=4 | (s,t)=(2/3,8/3) | boundary | yes (∝ d-1)
3 | t*s=1 | s=-1 + sqrt(2) (algebraic), t=s+(d-1) | boundary | yes (depends on d)
4 | t/s=1/2 | (s,t)=(6,3) | boundary | yes (∝ d-1)
4 | t/s=1/3 | (s,t)=(9/2,3/2) | boundary | yes (∝ d-1)
4 | t/s=1/4 | (s,t)=(4,1) | boundary | yes (∝ d-1)
4 | t/s=1/5 | (s,t)=(15/4,3/4) | boundary | yes (∝ d-1)
4 | t/s=2 | (s,t)=(3,6) | boundary | yes (∝ d-1)
4 | t/s=3 | (s,t)=(3/2,9/2) | boundary | yes (∝ d-1)
4 | t/s=4 | (s,t)=(1,4) | boundary | yes (∝ d-1)
4 | t/s=5 | (s,t)=(3/4,15/4) | boundary | yes (∝ d-1)
4 | t*s=1 | s=-3/2 + sqrt(13)/2 (algebraic), t=s+(d-1) | boundary | yes (depends on d)
  T5 conclusion: the discr. lines t=s+(d-1), s=t+(d-1) do NOT pass through the origin => no
  fixed t/s lies ON the discr.; the intersection ray∩discr. scales as (d-1)
  => depends on d (except the directions t=0, s=0, whose vertices (d-1,0),(0,d-1) also ∝ d-1)

MUTANTS:
  MUTANT M1: CAUGHT (SC=1: pair=-1/4=-1/(d+1)!=-1/d; norm=3/4!=1)
  MUTANT M2: CAUGHT (R^5 m=2: without symmetry ordered=6!=symmetric=5)
  MUTANT M3: CAUGHT (boundary 2max=sum at (s,t)=(3,1),d=3: a strict '<' would say 'empty', but a collinear zero exists -> the class would shift)
  MUTANT M4: CAUGHT (t*s=1: 1/3*3=1 exactly, but 0.333*3=999/1000!=1 -> float breaks the T5 verdict)
  MUTANT M5: CAUGHT (the zero-set is s<->t SYMMETRIC: dim(1,0)=1=dim(0,1)=1 — the swap is invisible to the classification; BUT the free angle is NOT: t=0 frees psi_1 (free=1), s=0 does not (free=0); the blind swap gives free=0!=1)

NEGATIVE CONTROL (seeded): weight 13/10 on the UNmarked axis, d=3
  axis=3 (unmarked), weight=13/10: symmetric zeros [] (count 0) vs base (1,1) [1, 2, 3] (count 3); |f|^2(j=1)=9/100

SUMMARY: asserts_passed=327 | FAIL=0
FORBIDDEN-SCAN: hits=0 (src=0, log=0)
EXIT=0
PROC_EXIT=0
STOP
