==========================================================================
W40 leg-5 «Cartan torus»: alcove<->cell · Gauss-zeros<->center ℤ/(d+1) ·
cutting into |W|=(d+1)! alcoves · DEFLECTION (zero = alcove barycenter?). Exact.
==========================================================================

T1 (stake-a): the cell (regular simplex) ≟ the fund. alcove {0,ω_i} of the affine W(A_d)
d | cell edges² | alcove edges² | congruent? | similar (ratio)? | verdict
------------------------------------------------------------------------------------------------
2 | {3} | {2/3} | False | yes | SIMILAR (ratio 9/2)
3 | {8/3} | {1,3/4} | False | no | NO (the shape differs)
4 | {5/2} | {4/5,6/5} | False | no | NO (the shape differs)
  ★MEASUREMENT: the cell = a REGULAR simplex (weights of the fund. rep of su(d+1), all edges equal).
  Fund. alcove {0,ω_i}: d=2 is regular (SIMILAR to the cell, not congruent); d≥3 —
  cyclically symmetric (ℤ/(d+1)) but NOT regular ⟹ there is NO congruence.
  ⟹ K1: the line «cell≅alcove» is metrically decorative (these are DUAL simplices:
  cell=weight, alcove=affine-fund.-domain). The real link — in T4 (zero=barycenter).

T2 (stake-b): zeros of the Gauss sum ⟺ nontrivial characters of ℤ/(d+1) — ∀d symbolically
d | j=0 (trivial) | j=1..d (nontrivial) | # zeros = # nontriv.chars
----------------------------------------------------------------------------------------
2 | 3 | all 0 | 2 = d
3 | 4 | all 0 | 3 = d
4 | 5 | all 0 | 4 = d
  ★MEASUREMENT+∀d: Σ_{i=0}^{d} ζ^{ij} = (ζ^{jn}−1)/(ζ^j−1) = 0 for j≢0 (ζ^n=1), = n for j=0.
  d Dirac-zeros (j=1..d) = d nontrivial characters of the center ℤ/(d+1) — EXACTLY, ∀d.

T3 (stake-c): the Weyl walls cut the torus V/Q into |W|=(d+1)! congruent alcoves
d | covol(Q)=√det(Cartan) | vol(alcove) | # = covol/vol | (d+1)! | match?
--------------------------------------------------------------------------------------------
2 | √3 | √1/12 | 6 | 6 | True
3 | √4 | √1/144 | 24 | 24 | True
4 | √5 | √1/2880 | 120 | 120 | True
  ★MEASUREMENT: covol(Q)=√(d+1); vol(alcove{0,ω_i})=√(1/(d+1))/d!; ratio = (d+1)!
  (d=2→6, d=3→24, d=4→120). Weyl reflections preserve the Gram ⟹ all alcoves are CONGRUENT.

T4 (stake-d, ★DEFLECTION): the positions of the Dirac-zeros vs alcove barycenters — WITH NO tuning
d | node_1 (ψ phases) | centroid(Δ fund.alcove) | match? | f(node_1) | nodes=center ℤ/(d+1)?
------------------------------------------------------------------------------------------------
2 | [1/3, 2/3] | [1/3, 2/3] | True | 0 | True
3 | [1/4, 1/2, 3/4] | [1/4, 1/2, 3/4] | True | 0 | True
4 | [1/5, 2/5, 3/5, 4/5] | [1/5, 2/5, 3/5, 4/5] | True | 0 | True
  ★★★MEASUREMENT (author pre-registration №5): the Dirac-zero SITS EXACTLY AT THE ALCOVE BARYCENTER.
  node_1 = centroid{0≤p_1≤...≤p_d≤1} = (i/(d+1))_i — an EXACT equality, DISTANCE 0,
  NO tuning at all (the probe only computed the centroid and the phases of the zero). The deflection hit the center.
  Mechanism: centroid = E[the i-th order statistic of d uniforms] = i/(d+1) = exactly
  the phases of the (d+1)-th roots of unity = a zero of the symmetric sum. Nodes=center=barycenters ∀d.

MUTANTS:
  MUTANT M1: CAUGHT (broken root e_1-e_3: <·,α_2>=1 != the simple root -1 => Cartan/angle differs)
  MUTANT M2: CAUGHT (false-character period n+1=5: |sum|=1.0000≠0; the true ℤ/n character = 0)
  MUTANT M3: CAUGHT (a count with a mirror double 2·(d+1)!=48 != (d+1)!=24)
  MUTANT M4: CAUGHT (shifted barycenter: |shift|²=1/100≠0 => the zero is NO longer at the barycenter — the deflection test catches the tuning)

NEGATIVE CONTROL (seeded): a random torus point vs. a zero
  phases=[3/11, 6/11, 9/11]: |f|²=0.1390≠0, != the barycenter — the measurement is sensitive (a zero only at the center-barycenter)

SUMMARY: asserts_passed=36 | FAIL=0
FORBIDDEN-SCAN: hits=0 (src=0, log=0) [group-theory language su/Weyl/center/alcove is allowed; fence on the physics interpretation]
EXIT=0
PROC_EXIT=0
STOP
