==========================================================================
THE ASSEMBLY LAW (c) · S1036 — the SIGN-CHAIN m₀→shov.2→the Ϸ-sign (is every link canonical?)
★THE TOOTH: a canonical map by ancestor, not «both signs». A legal FAIL. Computing parities.
PRIMITIVES+symbol. FS=STONE. Court — to the project's adjudication; I do NOT render a verdict.
==========================================================================

──────────────────────────────────────────────────────────────────────────
THE SIGN-CHAIN m₀→shov.2→the Ϸ-sign: the parity of EVERY object under ε→−ε (computed)
──────────────────────────────────────────────────────────────────────────
   object              | ε-parity under ε→−ε (computed)
   sign(m₀)=sign⟨σ_z⟩  | −1 ODD  (σ_x·σ_z·σ_x=−σ_z ⟹ ε-ODD)
   T32-minus (Box)     | +1 EVEN  (T_A,T_col even cos; Box(−k,−ν)−Box=0 ⟹ ε-EVEN)
   the Ϸ-orientation/dial| −1 ODD (w₀ reverses the direction of traversal of the circle)
   shov.2=the Ϸ-CIRCLE(structure)| +1 EVEN = ⟨c⟩ (the S1029-stratification — a cycle-stratum)

  ★LINK (1) sign(m₀) → the T32-minus: ε-odd → ε-even = a CROSSING of ε-parity ⟹ THERE IS NO CANONICAL MAP (a homonym, like the S1027-minus)
     ANCESTOR-CHECK: sign(m₀) ∈ the sign-character D_h (D_h/⟨c⟩, ε-odd) · the T32-minus ∈ the ⟨c⟩-
     machinery (center/column, ε-even, a signature (d,1)). DIFFERENT REPs ⟹ there is NO shared ancestor.
     (SSB = spontaneous symmetry breaking)
     ★DEEPER: sign(m₀) is SPONTANEOUS (SSB, S1034) — it is NOT derived from the ε-even T32-minus; if it
     were derived — it would NOT be spontaneous (contradicting T36-v «a spontaneous mark, NOT canonical»).
     ⟹ link (1) AS A DERIVATION does NOT link up canonically. This IS the legal FAIL of the chain.

  ★LINK (2) T32 → the Ϸ-orientation: the T32-minus[ε-even] gives the Ϸ-CIRCLE (a structure, ⟨c⟩, shov.2=S1029),
     BUT the orientation of the circle is ε-ODD ⟹ the T32-minus does NOT determine the orientation (the parity does not match).
     T32 supplies the CIRCLE (an ε-even arena), not the arrow. The check shov.2=⟨c⟩ [S1029] is CONFIRMED.

  ★LINK (3) sign(m₀) → the orientation of the dial: ε-odd → ε-odd = CANONICAL ✓
     both are ε-odd, both = the sign-character D_h (S1035) ⟹ the stage-2 CHOICE IS READ at −1
     as the orientation of the dial. This link DOES link up (this is S1035 reformulated).

──────────────────────────────────────────────────────────────────────────
BOTH READINGS (discipline) + the honest state of the chain
──────────────────────────────────────────────────────────────────────────
  READING A (the chain as a DERIVATION of sign(m₀) from the −2/T32-minus):
   A legal FAIL — link (1) crosses ε-parity (odd→even), there is no shared ancestor;
   A deeper reason: sign(m₀) is SPONTANEOUS (SSB) ⟹ in principle NOT derived from the ε-even −2.
   ⟹ shov.1 as «the T32-minus DETERMINES the arrow» is NOT derived. The arrow-sign = a NEW −1-bit.
  READING B (the chain as a READING of an already-chosen sign):
   PASS — link (3): once spontaneously chosen, sign(m₀) IS READ at −1 as the orientation
   of the dial (ε-odd=ε-odd, a sign-character, S1035). The circle (a structure) = T32/shov.2 (ε-even).
  ★SYNTHESIS (not a verdict — the project's): −2 supplies the ARENA (the Ϸ-circle, ε-even, T32/shov.2), −1 SPONTANEOUSLY
   chooses the SIGN (ε-odd, SSB), and that sign IS READ as the orientation of the arena. The chain links up
   as ARENA+ORIENTATION, BUT NOT as a DERIVATION-of-the-sign-from-−2 (that is spontaneous). shov.1 = a spontaneous
   −1-bit-of-orientation over the T32-arena, NOT a derivation from the T32-minus. FAIL(A)/PASS(B) — the project's call.

──────────────────────────────────────────────────────────────────────────
MUTANTS (≥4)
──────────────────────────────────────────────────────────────────────────
  M1 (the T32-minus is ε-even): Box(−k,−ν)−Box=0 ⟹ REJECTED false-odd ✓ (a signature, not a direction)
  M2 (sign(m₀) is ε-odd): σ_x σ_z σ_x=−σ_z ⟹ REJECTED false-even ✓
  M3 (a parity-barrier: odd≠even ⟹ no map): p(m₀)=-1, p(T32)=1 ⟹ REJECTED false-canonical-map ✓ (link 1 does not link up)
  M4 (the SSB-sign is spontaneous, not derived): V is ε-even ⟹ ±m₀ are equally valid ⟹ REJECTED false-derived-sign ✓ (spontaneity=not a function of −2)

  mutants caught: 4/4

==========================================================================
RAW RESULTS (the court — to the project's adjudication; I do NOT render a verdict):
──────────────────────────────────────────────────────────────────────────
  ★COMPUTED PARITIES: sign(m₀)=ε-ODD · the T32-minus=ε-EVEN · the orientation=ε-ODD.
  LINK (1) sign(m₀)→the T32-minus: a CROSSING of ε-parity ⟹ there is NO canonical map (a homonym).
   A deeper reason (load-bearing): sign(m₀) is SPONTANEOUS (SSB, V ε-even) — in principle NOT derived
   from an ε-even −2-object. shov.1 as «the T32-minus determines the arrow» is NOT derived.
  LINK (3) sign(m₀)→the orientation of the dial: CANONICAL ✓ (both ε-odd, a sign-character, S1035).
  ⟹ −2 supplies the ARENA (the Ϸ-circle ε-even, T32/shov.2=⟨c⟩), −1 SPONTANEOUSLY chooses the SIGN; the sign
   IS READ as the orientation of the arena. The chain links up as ARENA+ORIENTATION, NOT a DERIVATION-from-−2.
──────────────────────────────────────────────────────────────────────────
  ★THE HONEST VERDICT (the project's call): FAIL(legal) on the chain-as-DERIVATION (link 1, parity+
   spontaneity) ⊥ PASS on the chain-as-READING (link 3). The arrow-sign = a NEW spontaneous −1-bit
   over the T32-arena, NOT a derivative of −2 (a rhyme with S1033 «the arrow is not a −2-phenomenon» + S1027 «the T32-minus
   is a separate object»). This is NOT a failure of the assembly — it is a CONFIRMATION that the sign is free (SSB), as it should be.
──────────────────────────────────────────────────────────────────────────
  SUMMARY: link1(derivation)=FAIL-legal(parity+spontaneity) · link3(reading)=PASS · mutants=4/4
==========================================================================
FORBIDDEN-SCAN (STONE): hits=0 (src=0, log=0)
EXIT=0
PROC_EXIT=0
STOP
