================================================================================
S1061 — T38-PRODUCTIVITY: is a split needed so the tact does not lose distinction
================================================================================

FIELD 0 — THE ONE-TACT OPERATOR AND ITS UNITARITY (an empty field = a refusal of the assignment)
  (0a) THE ADDRESS OF THE WEIGHT: `G₀ = diag(1/(ϸ−m₀), 1/(ϸ+m₀))` — S1045 Component 3
       («the splitter = the weight of the segment between zigzag-hops»); ONE TACT = one factor
       `(H·G₀)` — S1045 Component 1, the series `G = Σₙ G₀(H·G₀)ⁿ`.
       U(f=2 + 3*I, m₀=5, ϸ on the shell) = Matrix([[0, (2 + 3*I)/(5 + sqrt(38))], [-(2 - 3*I)/(5 - sqrt(38)), 0]])
  ✓ ★★(0b) BINARY: U is NOT unitary by construction — U†U = diag(|f|²/(ϸ−m₀)², |f|²/(ϸ+m₀)²), and with a split these two numbers are DIFFERENT  [0b · dimensionless · U†U−I on the shell m₀=5]
       (tooth: said NO on «the splitter-free shell (m₀=0, ϸ=|f|) — THERE U really is unitary» ⟹ able to fail)
  ✓ ★unitarity holds EXACTLY on the splitter-free shell (m₀=0 and ϸ²=|f|²) — that is, the predicate is non-empty on BOTH sides  [0b · dimensionless · U†U at m₀=0]
       (tooth: said NO on «the same shell with a split m₀=5» ⟹ able to fail)
  ⟹ (0c) SO P2 IS NOT AN EXERCISE: the question of growth has a subject, because unitarity
       is ABSENT by construction.  There will be no tautological PASS here — measured honestly.

P1 — NONTRIVIALITY: does the tact leave a RELATIVE trace (Δθ between the blades)
  ★HONESTY OF ANCESTRY (the exante, carved BEFORE the count): P1 stands on the VERY SAME
    ancestor as section D (the degeneracy at H≡0), read on a different property
    ⟹ the WITNESS MULTIPLICITY is 1, NOT 2.  This is a naming of the property, not a new witness.
  ✓ ★the tact leaves a trace OFF the node and WITHOUT a split: Δθ = π ≠ 0  [P1 · a tact · the difference of the arguments of the eigenvalues of U]
       (tooth: said NO on «★AT THE NODE without a split (f=0, m₀=0) — H≡0 ⟹ U≡0, no trace» ⟹ able to fail)
     ⟹ ★A NEW LINE AGAINST THE EXANTE'S EXPECTATION: at the node a split does NOT restore the trace
       of the tact (U = H·G₀ ≡ 0 at f=0 regardless of m₀), whereas in section D it
       restored the FORCING OF THE SLOT.  These are again DIFFERENT properties — and line D is not
       shaken by this: there the commutant was computed for (H+m₀σ_z), here — for the STEP per tact.

P1-addendum — WHICH PHASES PER TACT ARE POSSIBLE AT ALL (an alphabet, not values)
  ✓ ★★THE PHASE PER TACT IS DISCRETIZED: the segment weight is REAL (S1045) ⟹ the alphabet of phases is exactly {0, ±π/2, π} — zone/split/node, and NOTHING in between  [P1-addendum · a tact · the set of arg λ over 4 worlds]
       (tooth: said NO on «a hypothetical segment weight with a phase e^{i·3/10} — the alphabet breaks» ⟹ able to fail)
     [f=2 + 3*I, m₀=0, ϸ=2*sqrt(13)] λ = [-1/2, 1/2]  ⟹ arg = [pi, 0], |λ| = [0.500000, 0.500000]
     [f=2 + 3*I, m₀=5, ϸ=1/2] λ = [-2*sqrt(143)*I/33, 2*sqrt(143)*I/33]  ⟹ arg = [-pi/2, pi/2], |λ| = [0.724743, 0.724743]
     [f=2 + 3*I, m₀=5, ϸ=sqrt(38)] λ = [-1, 1]  ⟹ arg = [pi, 0], |λ| = [1.00000, 1.00000]
     [f=2 + 3*I, m₀=0, ϸ=sqrt(13)] λ = [-1, 1]  ⟹ arg = [pi, 0], |λ| = [1.00000, 1.00000]
     ⟹ ★THE TACT IS A BIT-REGISTER, NOT A DIAL: a continuous phase per tact in this
       construction does NOT exist.  ★And this is the SAME fact as T4-B (there is no i∂ₜ as
       an identity): a continuous phase would be given by `U = e^{−iϸ}` — exactly the form that
       T4-B refused to derive.  ⟹ ANCESTOR MULTIPLICITY 1, declared (a K-ancestor).

P2 — BOUNDEDNESS: is growth over tacts possible at all
  ✓ ★★ON THE SHELL U² = I EXACTLY, WITH A SPLIT TOO ⟹ ρ(U)=1, divergence is IMPOSSIBLE ∀n regardless of m₀; this is the ALTERNATION PERIOD 2 [T39] in tact form  [P2 · a tact · U²−I on the shell m₀=5]
       (tooth: said NO on «off the shell (ϸ=2|f|, m₀=0) — there U² ≠ I» ⟹ able to fail)
     ⟹ ★THE READING «PRODUCTIVITY VIA BOUNDEDNESS» IS EMPTY, AND I REPORT IT AS A NEGATIVE:
       a split is NOT NEEDED for boundedness (U²=I even at m₀=0).  T38 does not work here
       either FOR or AGAINST — there is no subject.
  ✓ ★A SPLIT BREAKS THE NORMALITY of U on the shell (U†U ≠ UU†): ‖U‖ = √((ϸ+m₀)/(ϸ−m₀)) > 1 while ρ(U)=1  [P2 · dimensionless · the commutator U†U−UU† on the shell]
       (tooth: said NO on «the splitter-free shell — there U is NORMAL (unitary), ‖U‖=1» ⟹ able to fail)
     χ² = (ϸ+m₀)/(ϸ−m₀) at m₀=5, |f|=√13: 10*sqrt(38)/13 + 63/13 ≈ 9.58801
     ⟹ ★THE CARVED RISK OF AN INVERSION WAS REALIZED IN A WEAKER FORM, and I say this directly:
       a split genuinely makes the step per tact NON-unitary — but this is a DISTORTION
       (a bounded χ), NOT growth: U²=I kills accumulation over tacts.

P3 — INJECTIVITY: does `m₀ ↦ (a readout per tact)` remain distinguishing
  (the homonym is declared: here `kappa_stab=0` [T38(3)], NOT `kappa_conv` [S1060-T3])
  ✓ ★★THE PHASE PER TACT IS BLIND TO m₀ (stands at {0,π} ∀m₀), whereas the POLARITY OF THE BLADES moves — the same machinery moves the control  [P3 · a tact · (arg λ) ⊥ (m₀/ϸ)]
       invariant [('0', 'pi'), ('0', 'pi'), ('0', 'pi'), ('0', 'pi'), ('0', 'pi')] ⊥ control [0, sqrt(1301)/1301, sqrt(14)/14, 10*sqrt(113)/113, 1000*sqrt(1000013)/1000013] — the same machinery MOVES the control,
       so 'the invariant stands' is a measurement, not blindness
     ⟹ ★★THIS IS THE ANSWER TO P3 BY TYPE, NOT BY MAGNITUDE: m₀ DOES NOT LIVE IN THE PHASE.
       There is no winding of the phase from m₀ — hence «winding ⟹ indistinguishability» also
       cannot occur.  The exante's positive world (κ_stab=0 ⟹ the phase winds)
       is NOT REALIZED, and the reason is structural, not numerical.
  ✓ ★★m₀ ↦ THE POLARITY OF THE BLADES IS INJECTIVE EXACTLY over the entire range that admits an unstabilized regime (m₀ = 1 … 10⁶+1) ⟹ THERE IS NO CEILING  [P3 · dimensionless · a pairwise difference of m₀/ϸ, exact]
       (tooth: said NO on «a wound readout (m₀ mod 1) — there injectivity dies» ⟹ able to fail)
     [threshold control] p(10⁶) and p(10⁶+1) exactly: different (the difference = True); with an 8-significant threshold: 1.0000000 = 1.0000000  [P3 · dimensionless · the same mapping under two resolutions]
  ✓ ★★THE CHANNEL THROUGH WHICH THE TACT READS m₀ IS NONCOMPACT: χ² grows without a ceiling (1 → 10¹²) ⟹ the compactness of the dual [T4-A] does NOT GIVE a ceiling on m₀  [P3 · dimensionless · χ²(m₀) at m₀=1,10³,10⁶]
       (tooth: said NO on «the phase per tact itself (compact: |arg λ| ≤ π ∀m₀)» ⟹ able to fail)
     ⟹ ★★A CONSEQUENCE FOR THE CARVED CONDITIONAL CONCLUSION (I report it JUST AS LOUDLY
       as a positive would be reported): the exante carved «if P3 gives a CEILING on the phase per
       tact ⟹ a ceiling on m₀ ⟹ via 2·kappa_stab=J(m₀), kappa_stab=Λ — a LOWER bound
       on Λ ⟹ a TWO-SIDED WINDOW».  THE PREMISE DOES NOT HOLD: m₀ is not a phase quantity,
       and no change of variable saves this (the polarity p=m₀/ϸ ∈ [0,1) and χ²
       are related by a BIJECTION ⟹ the injectivity is the same).  ⟹ Λ_min does NOT FOLLOW from this.
     ⟹ ★AND WHAT REALLY HAPPENS AT kappa_stab=0 (m₀→∞): the contrast CONVERGES
       to zero as 1−p ≈ |f|²/(2m₀²), but this is CONVERGENCE, not COLLISION.  Calling
       it «indistinguishability» is possible only against a resolution THRESHOLD, and there is
       no threshold in the model, and introducing one = a NEW CONSTANT ⟹ a K-handle ⟹ STOP.
     ★AND THIS IS NOT RHETORIC — IT IS SHOWN CONSTRUCTIVELY (the tooth above): the same
       mapping with an 8-significant threshold ALREADY collapses m₀=10⁶ and m₀=10⁶+1.
       A threshold — and only a threshold — produces indistinguishability.
       m₀=0: p = 0  ·  χ² = 1.0000000  [P3 · dimensionless · the polarity and the ratio of the blade weights]
       m₀=1: p = 0.26726124  ·  χ² = 1.7294858  [P3 · dimensionless · the polarity and the ratio of the blade weights]
       m₀=10: p = 0.94072087  ·  χ² = 32.738686  [P3 · dimensionless · the polarity and the ratio of the blade weights]
       m₀=1000: p = 0.99999350  ·  χ² = 307694.31  [P3 · dimensionless · the polarity and the ratio of the blade weights]

★A SUMMARY MEASUREMENT: in HOW MANY channels the tact reads m₀
  ✓ ★★★m₀ ENTERS THE TACT THROUGH EXACTLY ONE CHANNEL — THE POLARITY OF THE BLADES: the phases are the same, the moduli are the same (ρ=1), the difference is EXACTLY in U†U  [summary · a tact · a comparison of three invariants of U at m₀=0 and m₀=5]
       (tooth: said NO on «a pair off the shell (ϸ=2|f|) — there already the MODULI differ, not only the polarity» ⟹ able to fail)
     ⟹ ★THE OPERATIONAL CONTENT OF THE AUTHOR'S WORD («a stable ONE-VECTOR splitting»):
       a split = the SOLE source of UNEQUAL weight of the two blades per tact (p = m₀/ϸ > 0).
       Without a split the blades weigh EQUALLY (p=0, U unitary) — a splitting exists, but
       it is SYMMETRIC, not one-vector.  ⟹ T38 is needed NOT for the existence of the tact
       (T4-C) and NOT for its boundedness (P2 above — empty), but for its
       POLARIZATION.  This is the THIRD property, and it is separate from existence and forcing.

★A POSITIVE CONTROL — THE HARNESS CAUGHT ME HERE TOO, AND THE CATCH TURNED OUT SUBSTANTIVE
  The first run: 9 ✓ / 1 ✗.  It was exactly the injectivity assert that failed — and NOT because
  the object is not injective, but because my detector compared values via
  `nsimplify`, which COLLAPSED p(10⁶) to exactly 1.  That is, the tool carried its own
  RESOLUTION THRESHOLD and would have reported «indistinguishability» as a measurement of the object —
  ★and this is EXACTLY the positive world the exante was waiting for.  A false POSITIVE
  nearly slipped through disguised as a confirmation of the wager.  Rewritten to an EXACT
  pairwise comparison, and the artifact itself was turned into a TOOTH (negative world 2).


SCORE [S1061 T38-productivity]: 10 ✓ / 0 ✗ / 0 ☠ EMPTY

================================================================================
★THE BINARY OUTPUTS OF S1061
  FIELD 0. U = H·G₀ [S1045]; NOT unitary by construction; unitary EXACTLY on the
     splitter-free shell ⟹ P2 was a genuine question, not an exercise.
  P1. A trace of the tact EXISTS ⟺ there is a hop (f≠0), WITHOUT a split too.  ★At the node a split does NOT
     restore the trace (unlike the forcing of the slot in D) — ancestor multiplicity 1.
  P1-addendum. ★The alphabet of phases per tact is DISCRETIZED {0,±π/2,π}: a tact = a bit-register, not
     a dial.  The same fact as T4-B (no i∂ₜ) ⟹ multiplicity 1.
  P2. ★EMPTY, reported as a negative: U²=I on the shell ∀m₀ ⟹ divergence is impossible even without
     a split.  The carved risk of an inversion was realized MORE WEAKLY: a split breaks
     normality (‖U‖=χ>1), but this is a distortion without accumulation.
  P3. ★★A NEGATIVE BY TYPE: m₀ does not live in the phase ⟹ there is no winding ⟹ no ceiling ⟹
     ★THE EXANTE'S CONDITIONAL CONSEQUENCE (Λ_min, a two-sided window) DOES NOT FOLLOW.  The channel by which
     the tact reads m₀ is NONCOMPACT (χ² without a ceiling); injectivity holds ∀m₀.
     «Indistinguishability» would require a resolution THRESHOLD = a new constant = a K-handle.
  ★A POSITIVE. m₀ enters the tact through EXACTLY one channel — the polarity of the blades p=m₀/ϸ.
     ⟹ T38 carries a THIRD property: the POLARIZATION of the tact (not existence, not forcing).
     The author's wager gains operational content precisely here — and only here.
================================================================================
