S918 (w29): residual structure of Omega in so(p,q) — centralizer c(A), A = eta^{-1}*Omega
Exact sympy arithmetic; no float/random/time.

SAMPLING BOUNDARY (explicit): n=4 — ALL signatures x {GEN,COLL,CRACK,CRACK2};
  n=3 — all signatures x {(1),(0)}; n=5 — all signatures x {(1,2),(1,1)};
  n=6 — ONLY signatures (3,3) and (5,1), families GEN/COLL/CRACK (sampling deliberately limited).

====================================================================================================
SECTION S0 — SANITY: Pf(Omega)^2 = det(Omega) (Pf by recursion + block formula)
====================================================================================================
  (4,0) GEN    profile=(1, 2)   : Pf=2, det=4, rank=4  [Pf_rec==Pf_block: ok; Pf^2==det: ok]
  (4,0) COLL   profile=(1, 1)   : Pf=1, det=1, rank=4  [Pf_rec==Pf_block: ok; Pf^2==det: ok]
  (4,0) CRACK  profile=(1, 0)   : Pf=0, det=0, rank=2  [Pf_rec==Pf_block: ok; Pf^2==det: ok]
  (4,0) CRACK2 profile=(0, 0)   : Pf=0, det=0, rank=0  [Pf_rec==Pf_block: ok; Pf^2==det: ok]
  (3,1) GEN    profile=(1, 2)   : Pf=2, det=4, rank=4  [Pf_rec==Pf_block: ok; Pf^2==det: ok]
  (3,1) COLL   profile=(1, 1)   : Pf=1, det=1, rank=4  [Pf_rec==Pf_block: ok; Pf^2==det: ok]
  (3,1) CRACK  profile=(1, 0)   : Pf=0, det=0, rank=2  [Pf_rec==Pf_block: ok; Pf^2==det: ok]
  (3,1) CRACK2 profile=(0, 0)   : Pf=0, det=0, rank=0  [Pf_rec==Pf_block: ok; Pf^2==det: ok]
  (2,2) GEN    profile=(1, 2)   : Pf=2, det=4, rank=4  [Pf_rec==Pf_block: ok; Pf^2==det: ok]
  (2,2) COLL   profile=(1, 1)   : Pf=1, det=1, rank=4  [Pf_rec==Pf_block: ok; Pf^2==det: ok]
  (2,2) CRACK  profile=(1, 0)   : Pf=0, det=0, rank=2  [Pf_rec==Pf_block: ok; Pf^2==det: ok]
  (2,2) CRACK2 profile=(0, 0)   : Pf=0, det=0, rank=0  [Pf_rec==Pf_block: ok; Pf^2==det: ok]
  (1,3) GEN    profile=(1, 2)   : Pf=2, det=4, rank=4  [Pf_rec==Pf_block: ok; Pf^2==det: ok]
  (1,3) COLL   profile=(1, 1)   : Pf=1, det=1, rank=4  [Pf_rec==Pf_block: ok; Pf^2==det: ok]
  (1,3) CRACK  profile=(1, 0)   : Pf=0, det=0, rank=2  [Pf_rec==Pf_block: ok; Pf^2==det: ok]
  (1,3) CRACK2 profile=(0, 0)   : Pf=0, det=0, rank=0  [Pf_rec==Pf_block: ok; Pf^2==det: ok]
  (0,4) GEN    profile=(1, 2)   : Pf=2, det=4, rank=4  [Pf_rec==Pf_block: ok; Pf^2==det: ok]
  (0,4) COLL   profile=(1, 1)   : Pf=1, det=1, rank=4  [Pf_rec==Pf_block: ok; Pf^2==det: ok]
  (0,4) CRACK  profile=(1, 0)   : Pf=0, det=0, rank=2  [Pf_rec==Pf_block: ok; Pf^2==det: ok]
  (0,4) CRACK2 profile=(0, 0)   : Pf=0, det=0, rank=0  [Pf_rec==Pf_block: ok; Pf^2==det: ok]
  (3,0) GEN    profile=(1,)     : Pf=0, det=0, rank=2  [Pf_rec==Pf_block: ok; Pf^2==det: ok; odd n: det==0: ok]
  (3,0) CRACK  profile=(0,)     : Pf=0, det=0, rank=0  [Pf_rec==Pf_block: ok; Pf^2==det: ok; odd n: det==0: ok]
  (2,1) GEN    profile=(1,)     : Pf=0, det=0, rank=2  [Pf_rec==Pf_block: ok; Pf^2==det: ok; odd n: det==0: ok]
  (2,1) CRACK  profile=(0,)     : Pf=0, det=0, rank=0  [Pf_rec==Pf_block: ok; Pf^2==det: ok; odd n: det==0: ok]
  (1,2) GEN    profile=(1,)     : Pf=0, det=0, rank=2  [Pf_rec==Pf_block: ok; Pf^2==det: ok; odd n: det==0: ok]
  (1,2) CRACK  profile=(0,)     : Pf=0, det=0, rank=0  [Pf_rec==Pf_block: ok; Pf^2==det: ok; odd n: det==0: ok]
  (0,3) GEN    profile=(1,)     : Pf=0, det=0, rank=2  [Pf_rec==Pf_block: ok; Pf^2==det: ok; odd n: det==0: ok]
  (0,3) CRACK  profile=(0,)     : Pf=0, det=0, rank=0  [Pf_rec==Pf_block: ok; Pf^2==det: ok; odd n: det==0: ok]
  (5,0) GEN    profile=(1, 2)   : Pf=0, det=0, rank=4  [Pf_rec==Pf_block: ok; Pf^2==det: ok; odd n: det==0: ok]
  (5,0) COLL   profile=(1, 1)   : Pf=0, det=0, rank=4  [Pf_rec==Pf_block: ok; Pf^2==det: ok; odd n: det==0: ok]
  (4,1) GEN    profile=(1, 2)   : Pf=0, det=0, rank=4  [Pf_rec==Pf_block: ok; Pf^2==det: ok; odd n: det==0: ok]
  (4,1) COLL   profile=(1, 1)   : Pf=0, det=0, rank=4  [Pf_rec==Pf_block: ok; Pf^2==det: ok; odd n: det==0: ok]
  (3,2) GEN    profile=(1, 2)   : Pf=0, det=0, rank=4  [Pf_rec==Pf_block: ok; Pf^2==det: ok; odd n: det==0: ok]
  (3,2) COLL   profile=(1, 1)   : Pf=0, det=0, rank=4  [Pf_rec==Pf_block: ok; Pf^2==det: ok; odd n: det==0: ok]
  (2,3) GEN    profile=(1, 2)   : Pf=0, det=0, rank=4  [Pf_rec==Pf_block: ok; Pf^2==det: ok; odd n: det==0: ok]
  (2,3) COLL   profile=(1, 1)   : Pf=0, det=0, rank=4  [Pf_rec==Pf_block: ok; Pf^2==det: ok; odd n: det==0: ok]
  (1,4) GEN    profile=(1, 2)   : Pf=0, det=0, rank=4  [Pf_rec==Pf_block: ok; Pf^2==det: ok; odd n: det==0: ok]
  (1,4) COLL   profile=(1, 1)   : Pf=0, det=0, rank=4  [Pf_rec==Pf_block: ok; Pf^2==det: ok; odd n: det==0: ok]
  (0,5) GEN    profile=(1, 2)   : Pf=0, det=0, rank=4  [Pf_rec==Pf_block: ok; Pf^2==det: ok; odd n: det==0: ok]
  (0,5) COLL   profile=(1, 1)   : Pf=0, det=0, rank=4  [Pf_rec==Pf_block: ok; Pf^2==det: ok; odd n: det==0: ok]
  (3,3) GEN    profile=(1, 2, 3): Pf=6, det=36, rank=6  [Pf_rec==Pf_block: ok; Pf^2==det: ok]
  (3,3) COLL   profile=(1, 1, 2): Pf=2, det=4, rank=6  [Pf_rec==Pf_block: ok; Pf^2==det: ok]
  (3,3) CRACK  profile=(1, 2, 0): Pf=0, det=0, rank=4  [Pf_rec==Pf_block: ok; Pf^2==det: ok]
  (5,1) GEN    profile=(1, 2, 3): Pf=6, det=36, rank=6  [Pf_rec==Pf_block: ok; Pf^2==det: ok]
  (5,1) COLL   profile=(1, 1, 2): Pf=2, det=4, rank=6  [Pf_rec==Pf_block: ok; Pf^2==det: ok]
  (5,1) CRACK  profile=(1, 2, 0): Pf=0, det=0, rank=4  [Pf_rec==Pf_block: ok; Pf^2==det: ok]
  Omega checked: 46 (zero => invalid)
  VERDICT S0: OK — 46/46 Omega passed Pf^2=det (recursion agreed with the block formula everywhere)

====================================================================================================
SECTION S1 — CENTRALIZERS BY STRATUM (signature x family)
====================================================================================================
  n=4 (4,0) GEN    profile=(1, 2)   : dim so=6 (=n(n-1)/2 ok), dim c(A)=2, closed under [,]: yes, abelian: yes, dim[c,c]=0
      charpoly(A) = (lam**2 + 1)*(lam**2 + 4)  [multiplicity of zero m0=0, collision of nonzero: no; rank Omega=4]
  n=4 (4,0) COLL   profile=(1, 1)   : dim so=6 (=n(n-1)/2 ok), dim c(A)=4, closed under [,]: yes, abelian: NO, dim[c,c]=3
      charpoly(A) = (lam**2 + 1)**2  [multiplicity of zero m0=0, collision of nonzero: yes; rank Omega=4]
  n=4 (4,0) CRACK  profile=(1, 0)   : dim so=6 (=n(n-1)/2 ok), dim c(A)=2, closed under [,]: yes, abelian: yes, dim[c,c]=0
      charpoly(A) = lam**2*(lam**2 + 1)  [multiplicity of zero m0=2, collision of nonzero: no; rank Omega=2, RANK DROP]
  n=4 (4,0) CRACK2 profile=(0, 0)   : dim so=6 (=n(n-1)/2 ok), dim c(A)=6, closed under [,]: yes, abelian: NO, dim[c,c]=6
      charpoly(A) = lam**4  [multiplicity of zero m0=4, collision of nonzero: no; rank Omega=0, RANK DROP]
  n=4 (3,1) GEN    profile=(1, 2)   : dim so=6 (=n(n-1)/2 ok), dim c(A)=2, closed under [,]: yes, abelian: yes, dim[c,c]=0
      charpoly(A) = (lam - 2)*(lam + 2)*(lam**2 + 1)  [multiplicity of zero m0=0, collision of nonzero: no; rank Omega=4]
  n=4 (3,1) COLL   profile=(1, 1)   : dim so=6 (=n(n-1)/2 ok), dim c(A)=2, closed under [,]: yes, abelian: yes, dim[c,c]=0
      charpoly(A) = (lam - 1)*(lam + 1)*(lam**2 + 1)  [multiplicity of zero m0=0, collision of nonzero: no; rank Omega=4]
  n=4 (3,1) CRACK  profile=(1, 0)   : dim so=6 (=n(n-1)/2 ok), dim c(A)=2, closed under [,]: yes, abelian: yes, dim[c,c]=0
      charpoly(A) = lam**2*(lam**2 + 1)  [multiplicity of zero m0=2, collision of nonzero: no; rank Omega=2, RANK DROP]
  n=4 (3,1) CRACK2 profile=(0, 0)   : dim so=6 (=n(n-1)/2 ok), dim c(A)=6, closed under [,]: yes, abelian: NO, dim[c,c]=6
      charpoly(A) = lam**4  [multiplicity of zero m0=4, collision of nonzero: no; rank Omega=0, RANK DROP]
  n=4 (2,2) GEN    profile=(1, 2)   : dim so=6 (=n(n-1)/2 ok), dim c(A)=2, closed under [,]: yes, abelian: yes, dim[c,c]=0
      charpoly(A) = (lam**2 + 1)*(lam**2 + 4)  [multiplicity of zero m0=0, collision of nonzero: no; rank Omega=4]
  n=4 (2,2) COLL   profile=(1, 1)   : dim so=6 (=n(n-1)/2 ok), dim c(A)=4, closed under [,]: yes, abelian: NO, dim[c,c]=3
      charpoly(A) = (lam**2 + 1)**2  [multiplicity of zero m0=0, collision of nonzero: yes; rank Omega=4]
  n=4 (2,2) CRACK  profile=(1, 0)   : dim so=6 (=n(n-1)/2 ok), dim c(A)=2, closed under [,]: yes, abelian: yes, dim[c,c]=0
      charpoly(A) = lam**2*(lam**2 + 1)  [multiplicity of zero m0=2, collision of nonzero: no; rank Omega=2, RANK DROP]
  n=4 (2,2) CRACK2 profile=(0, 0)   : dim so=6 (=n(n-1)/2 ok), dim c(A)=6, closed under [,]: yes, abelian: NO, dim[c,c]=6
      charpoly(A) = lam**4  [multiplicity of zero m0=4, collision of nonzero: no; rank Omega=0, RANK DROP]
  n=4 (1,3) GEN    profile=(1, 2)   : dim so=6 (=n(n-1)/2 ok), dim c(A)=2, closed under [,]: yes, abelian: yes, dim[c,c]=0
      charpoly(A) = (lam - 1)*(lam + 1)*(lam**2 + 4)  [multiplicity of zero m0=0, collision of nonzero: no; rank Omega=4]
  n=4 (1,3) COLL   profile=(1, 1)   : dim so=6 (=n(n-1)/2 ok), dim c(A)=2, closed under [,]: yes, abelian: yes, dim[c,c]=0
      charpoly(A) = (lam - 1)*(lam + 1)*(lam**2 + 1)  [multiplicity of zero m0=0, collision of nonzero: no; rank Omega=4]
  n=4 (1,3) CRACK  profile=(1, 0)   : dim so=6 (=n(n-1)/2 ok), dim c(A)=2, closed under [,]: yes, abelian: yes, dim[c,c]=0
      charpoly(A) = lam**2*(lam - 1)*(lam + 1)  [multiplicity of zero m0=2, collision of nonzero: no; rank Omega=2, RANK DROP]
  n=4 (1,3) CRACK2 profile=(0, 0)   : dim so=6 (=n(n-1)/2 ok), dim c(A)=6, closed under [,]: yes, abelian: NO, dim[c,c]=6
      charpoly(A) = lam**4  [multiplicity of zero m0=4, collision of nonzero: no; rank Omega=0, RANK DROP]
  n=4 (0,4) GEN    profile=(1, 2)   : dim so=6 (=n(n-1)/2 ok), dim c(A)=2, closed under [,]: yes, abelian: yes, dim[c,c]=0
      charpoly(A) = (lam**2 + 1)*(lam**2 + 4)  [multiplicity of zero m0=0, collision of nonzero: no; rank Omega=4]
  n=4 (0,4) COLL   profile=(1, 1)   : dim so=6 (=n(n-1)/2 ok), dim c(A)=4, closed under [,]: yes, abelian: NO, dim[c,c]=3
      charpoly(A) = (lam**2 + 1)**2  [multiplicity of zero m0=0, collision of nonzero: yes; rank Omega=4]
  n=4 (0,4) CRACK  profile=(1, 0)   : dim so=6 (=n(n-1)/2 ok), dim c(A)=2, closed under [,]: yes, abelian: yes, dim[c,c]=0
      charpoly(A) = lam**2*(lam**2 + 1)  [multiplicity of zero m0=2, collision of nonzero: no; rank Omega=2, RANK DROP]
  n=4 (0,4) CRACK2 profile=(0, 0)   : dim so=6 (=n(n-1)/2 ok), dim c(A)=6, closed under [,]: yes, abelian: NO, dim[c,c]=6
      charpoly(A) = lam**4  [multiplicity of zero m0=4, collision of nonzero: no; rank Omega=0, RANK DROP]
  n=3 (3,0) GEN    profile=(1,)     : dim so=3 (=n(n-1)/2 ok), dim c(A)=1, closed under [,]: yes, abelian: yes, dim[c,c]=0
      charpoly(A) = lam*(lam**2 + 1)  [multiplicity of zero m0=1, collision of nonzero: no; rank Omega=2]
  n=3 (3,0) CRACK  profile=(0,)     : dim so=3 (=n(n-1)/2 ok), dim c(A)=3, closed under [,]: yes, abelian: NO, dim[c,c]=3
      charpoly(A) = lam**3  [multiplicity of zero m0=3, collision of nonzero: no; rank Omega=0, RANK DROP]
  n=3 (2,1) GEN    profile=(1,)     : dim so=3 (=n(n-1)/2 ok), dim c(A)=1, closed under [,]: yes, abelian: yes, dim[c,c]=0
      charpoly(A) = lam*(lam**2 + 1)  [multiplicity of zero m0=1, collision of nonzero: no; rank Omega=2]
  n=3 (2,1) CRACK  profile=(0,)     : dim so=3 (=n(n-1)/2 ok), dim c(A)=3, closed under [,]: yes, abelian: NO, dim[c,c]=3
      charpoly(A) = lam**3  [multiplicity of zero m0=3, collision of nonzero: no; rank Omega=0, RANK DROP]
  n=3 (1,2) GEN    profile=(1,)     : dim so=3 (=n(n-1)/2 ok), dim c(A)=1, closed under [,]: yes, abelian: yes, dim[c,c]=0
      charpoly(A) = lam*(lam - 1)*(lam + 1)  [multiplicity of zero m0=1, collision of nonzero: no; rank Omega=2]
  n=3 (1,2) CRACK  profile=(0,)     : dim so=3 (=n(n-1)/2 ok), dim c(A)=3, closed under [,]: yes, abelian: NO, dim[c,c]=3
      charpoly(A) = lam**3  [multiplicity of zero m0=3, collision of nonzero: no; rank Omega=0, RANK DROP]
  n=3 (0,3) GEN    profile=(1,)     : dim so=3 (=n(n-1)/2 ok), dim c(A)=1, closed under [,]: yes, abelian: yes, dim[c,c]=0
      charpoly(A) = lam*(lam**2 + 1)  [multiplicity of zero m0=1, collision of nonzero: no; rank Omega=2]
  n=3 (0,3) CRACK  profile=(0,)     : dim so=3 (=n(n-1)/2 ok), dim c(A)=3, closed under [,]: yes, abelian: NO, dim[c,c]=3
      charpoly(A) = lam**3  [multiplicity of zero m0=3, collision of nonzero: no; rank Omega=0, RANK DROP]
  n=5 (5,0) GEN    profile=(1, 2)   : dim so=10 (=n(n-1)/2 ok), dim c(A)=2, closed under [,]: yes, abelian: yes, dim[c,c]=0
      charpoly(A) = lam*(lam**2 + 1)*(lam**2 + 4)  [multiplicity of zero m0=1, collision of nonzero: no; rank Omega=4]
  n=5 (5,0) COLL   profile=(1, 1)   : dim so=10 (=n(n-1)/2 ok), dim c(A)=4, closed under [,]: yes, abelian: NO, dim[c,c]=3
      charpoly(A) = lam*(lam**2 + 1)**2  [multiplicity of zero m0=1, collision of nonzero: yes; rank Omega=4]
  n=5 (4,1) GEN    profile=(1, 2)   : dim so=10 (=n(n-1)/2 ok), dim c(A)=2, closed under [,]: yes, abelian: yes, dim[c,c]=0
      charpoly(A) = lam*(lam**2 + 1)*(lam**2 + 4)  [multiplicity of zero m0=1, collision of nonzero: no; rank Omega=4]
  n=5 (4,1) COLL   profile=(1, 1)   : dim so=10 (=n(n-1)/2 ok), dim c(A)=4, closed under [,]: yes, abelian: NO, dim[c,c]=3
      charpoly(A) = lam*(lam**2 + 1)**2  [multiplicity of zero m0=1, collision of nonzero: yes; rank Omega=4]
  n=5 (3,2) GEN    profile=(1, 2)   : dim so=10 (=n(n-1)/2 ok), dim c(A)=2, closed under [,]: yes, abelian: yes, dim[c,c]=0
      charpoly(A) = lam*(lam - 2)*(lam + 2)*(lam**2 + 1)  [multiplicity of zero m0=1, collision of nonzero: no; rank Omega=4]
  n=5 (3,2) COLL   profile=(1, 1)   : dim so=10 (=n(n-1)/2 ok), dim c(A)=2, closed under [,]: yes, abelian: yes, dim[c,c]=0
      charpoly(A) = lam*(lam - 1)*(lam + 1)*(lam**2 + 1)  [multiplicity of zero m0=1, collision of nonzero: no; rank Omega=4]
  n=5 (2,3) GEN    profile=(1, 2)   : dim so=10 (=n(n-1)/2 ok), dim c(A)=2, closed under [,]: yes, abelian: yes, dim[c,c]=0
      charpoly(A) = lam*(lam**2 + 1)*(lam**2 + 4)  [multiplicity of zero m0=1, collision of nonzero: no; rank Omega=4]
  n=5 (2,3) COLL   profile=(1, 1)   : dim so=10 (=n(n-1)/2 ok), dim c(A)=4, closed under [,]: yes, abelian: NO, dim[c,c]=3
      charpoly(A) = lam*(lam**2 + 1)**2  [multiplicity of zero m0=1, collision of nonzero: yes; rank Omega=4]
  n=5 (1,4) GEN    profile=(1, 2)   : dim so=10 (=n(n-1)/2 ok), dim c(A)=2, closed under [,]: yes, abelian: yes, dim[c,c]=0
      charpoly(A) = lam*(lam - 1)*(lam + 1)*(lam**2 + 4)  [multiplicity of zero m0=1, collision of nonzero: no; rank Omega=4]
  n=5 (1,4) COLL   profile=(1, 1)   : dim so=10 (=n(n-1)/2 ok), dim c(A)=2, closed under [,]: yes, abelian: yes, dim[c,c]=0
      charpoly(A) = lam*(lam - 1)*(lam + 1)*(lam**2 + 1)  [multiplicity of zero m0=1, collision of nonzero: no; rank Omega=4]
  n=5 (0,5) GEN    profile=(1, 2)   : dim so=10 (=n(n-1)/2 ok), dim c(A)=2, closed under [,]: yes, abelian: yes, dim[c,c]=0
      charpoly(A) = lam*(lam**2 + 1)*(lam**2 + 4)  [multiplicity of zero m0=1, collision of nonzero: no; rank Omega=4]
  n=5 (0,5) COLL   profile=(1, 1)   : dim so=10 (=n(n-1)/2 ok), dim c(A)=4, closed under [,]: yes, abelian: NO, dim[c,c]=3
      charpoly(A) = lam*(lam**2 + 1)**2  [multiplicity of zero m0=1, collision of nonzero: yes; rank Omega=4]
  n=6 (3,3) GEN    profile=(1, 2, 3): dim so=15 (=n(n-1)/2 ok), dim c(A)=3, closed under [,]: yes, abelian: yes, dim[c,c]=0
      charpoly(A) = (lam - 2)*(lam + 2)*(lam**2 + 1)*(lam**2 + 9)  [multiplicity of zero m0=0, collision of nonzero: no; rank Omega=6]
  n=6 (3,3) COLL   profile=(1, 1, 2): dim so=15 (=n(n-1)/2 ok), dim c(A)=3, closed under [,]: yes, abelian: yes, dim[c,c]=0
      charpoly(A) = (lam - 1)*(lam + 1)*(lam**2 + 1)*(lam**2 + 4)  [multiplicity of zero m0=0, collision of nonzero: no; rank Omega=6]
  n=6 (3,3) CRACK  profile=(1, 2, 0): dim so=15 (=n(n-1)/2 ok), dim c(A)=3, closed under [,]: yes, abelian: yes, dim[c,c]=0
      charpoly(A) = lam**2*(lam - 2)*(lam + 2)*(lam**2 + 1)  [multiplicity of zero m0=2, collision of nonzero: no; rank Omega=4, RANK DROP]
  n=6 (5,1) GEN    profile=(1, 2, 3): dim so=15 (=n(n-1)/2 ok), dim c(A)=3, closed under [,]: yes, abelian: yes, dim[c,c]=0
      charpoly(A) = (lam - 3)*(lam + 3)*(lam**2 + 1)*(lam**2 + 4)  [multiplicity of zero m0=0, collision of nonzero: no; rank Omega=6]
  n=6 (5,1) COLL   profile=(1, 1, 2): dim so=15 (=n(n-1)/2 ok), dim c(A)=5, closed under [,]: yes, abelian: NO, dim[c,c]=3
      charpoly(A) = (lam - 2)*(lam + 2)*(lam**2 + 1)**2  [multiplicity of zero m0=0, collision of nonzero: yes; rank Omega=6]
  n=6 (5,1) CRACK  profile=(1, 2, 0): dim so=15 (=n(n-1)/2 ok), dim c(A)=3, closed under [,]: yes, abelian: yes, dim[c,c]=0
      charpoly(A) = lam**2*(lam**2 + 1)*(lam**2 + 4)  [multiplicity of zero m0=2, collision of nonzero: no; rank Omega=4, RANK DROP]

  SUMMARY TABLE S1:
| n | p | q | family | profile   | rkOm | Pf=0 | coll | dimc | abel | dim[c,c] |
|---|---|---|--------|-----------|------|------|-------|------|------|----------|
| 4 | 4 | 0 | GEN    | (1, 2)    | 4 | no  | no  |  2 | yes |  0 |
| 4 | 4 | 0 | COLL   | (1, 1)    | 4 | no  | yes |  4 | NO  |  3 |
| 4 | 4 | 0 | CRACK  | (1, 0)    | 2 | yes | no  |  2 | yes |  0 |
| 4 | 4 | 0 | CRACK2 | (0, 0)    | 0 | yes | no  |  6 | NO  |  6 |
| 4 | 3 | 1 | GEN    | (1, 2)    | 4 | no  | no  |  2 | yes |  0 |
| 4 | 3 | 1 | COLL   | (1, 1)    | 4 | no  | no  |  2 | yes |  0 |
| 4 | 3 | 1 | CRACK  | (1, 0)    | 2 | yes | no  |  2 | yes |  0 |
| 4 | 3 | 1 | CRACK2 | (0, 0)    | 0 | yes | no  |  6 | NO  |  6 |
| 4 | 2 | 2 | GEN    | (1, 2)    | 4 | no  | no  |  2 | yes |  0 |
| 4 | 2 | 2 | COLL   | (1, 1)    | 4 | no  | yes |  4 | NO  |  3 |
| 4 | 2 | 2 | CRACK  | (1, 0)    | 2 | yes | no  |  2 | yes |  0 |
| 4 | 2 | 2 | CRACK2 | (0, 0)    | 0 | yes | no  |  6 | NO  |  6 |
| 4 | 1 | 3 | GEN    | (1, 2)    | 4 | no  | no  |  2 | yes |  0 |
| 4 | 1 | 3 | COLL   | (1, 1)    | 4 | no  | no  |  2 | yes |  0 |
| 4 | 1 | 3 | CRACK  | (1, 0)    | 2 | yes | no  |  2 | yes |  0 |
| 4 | 1 | 3 | CRACK2 | (0, 0)    | 0 | yes | no  |  6 | NO  |  6 |
| 4 | 0 | 4 | GEN    | (1, 2)    | 4 | no  | no  |  2 | yes |  0 |
| 4 | 0 | 4 | COLL   | (1, 1)    | 4 | no  | yes |  4 | NO  |  3 |
| 4 | 0 | 4 | CRACK  | (1, 0)    | 2 | yes | no  |  2 | yes |  0 |
| 4 | 0 | 4 | CRACK2 | (0, 0)    | 0 | yes | no  |  6 | NO  |  6 |
| 3 | 3 | 0 | GEN    | (1,)      | 2 | yes | no  |  1 | yes |  0 |
| 3 | 3 | 0 | CRACK  | (0,)      | 0 | yes | no  |  3 | NO  |  3 |
| 3 | 2 | 1 | GEN    | (1,)      | 2 | yes | no  |  1 | yes |  0 |
| 3 | 2 | 1 | CRACK  | (0,)      | 0 | yes | no  |  3 | NO  |  3 |
| 3 | 1 | 2 | GEN    | (1,)      | 2 | yes | no  |  1 | yes |  0 |
| 3 | 1 | 2 | CRACK  | (0,)      | 0 | yes | no  |  3 | NO  |  3 |
| 3 | 0 | 3 | GEN    | (1,)      | 2 | yes | no  |  1 | yes |  0 |
| 3 | 0 | 3 | CRACK  | (0,)      | 0 | yes | no  |  3 | NO  |  3 |
| 5 | 5 | 0 | GEN    | (1, 2)    | 4 | yes | no  |  2 | yes |  0 |
| 5 | 5 | 0 | COLL   | (1, 1)    | 4 | yes | yes |  4 | NO  |  3 |
| 5 | 4 | 1 | GEN    | (1, 2)    | 4 | yes | no  |  2 | yes |  0 |
| 5 | 4 | 1 | COLL   | (1, 1)    | 4 | yes | yes |  4 | NO  |  3 |
| 5 | 3 | 2 | GEN    | (1, 2)    | 4 | yes | no  |  2 | yes |  0 |
| 5 | 3 | 2 | COLL   | (1, 1)    | 4 | yes | no  |  2 | yes |  0 |
| 5 | 2 | 3 | GEN    | (1, 2)    | 4 | yes | no  |  2 | yes |  0 |
| 5 | 2 | 3 | COLL   | (1, 1)    | 4 | yes | yes |  4 | NO  |  3 |
| 5 | 1 | 4 | GEN    | (1, 2)    | 4 | yes | no  |  2 | yes |  0 |
| 5 | 1 | 4 | COLL   | (1, 1)    | 4 | yes | no  |  2 | yes |  0 |
| 5 | 0 | 5 | GEN    | (1, 2)    | 4 | yes | no  |  2 | yes |  0 |
| 5 | 0 | 5 | COLL   | (1, 1)    | 4 | yes | yes |  4 | NO  |  3 |
| 6 | 3 | 3 | GEN    | (1, 2, 3) | 6 | no  | no  |  3 | yes |  0 |
| 6 | 3 | 3 | COLL   | (1, 1, 2) | 6 | no  | no  |  3 | yes |  0 |
| 6 | 3 | 3 | CRACK  | (1, 2, 0) | 4 | yes | no  |  3 | yes |  0 |
| 6 | 5 | 1 | GEN    | (1, 2, 3) | 6 | no  | no  |  3 | yes |  0 |
| 6 | 5 | 1 | COLL   | (1, 1, 2) | 6 | no  | yes |  5 | NO  |  3 |
| 6 | 5 | 1 | CRACK  | (1, 2, 0) | 4 | yes | no  |  3 | yes |  0 |

  Checking the pattern "non-abelian <=> degenerate (collision of eigenvalues of A OR rank drop of Omega)":
    direction 1 (non-abelian => degenerate): violations 0
    direction 2 (degenerate => non-abelian): violations 7
      BREAKS: n=4 (4,0) CRACK  (1, 0)    — degenerate (coll=False, rank_drop=True), but ABELIAN (dim c=2)
      BREAKS: n=4 (3,1) CRACK  (1, 0)    — degenerate (coll=False, rank_drop=True), but ABELIAN (dim c=2)
      BREAKS: n=4 (2,2) CRACK  (1, 0)    — degenerate (coll=False, rank_drop=True), but ABELIAN (dim c=2)
      BREAKS: n=4 (1,3) CRACK  (1, 0)    — degenerate (coll=False, rank_drop=True), but ABELIAN (dim c=2)
      BREAKS: n=4 (0,4) CRACK  (1, 0)    — degenerate (coll=False, rank_drop=True), but ABELIAN (dim c=2)
      BREAKS: n=6 (3,3) CRACK  (1, 2, 0) — degenerate (coll=False, rank_drop=True), but ABELIAN (dim c=3)
      BREAKS: n=6 (5,1) CRACK  (1, 2, 0) — degenerate (coll=False, rank_drop=True), but ABELIAN (dim c=3)
    REFINEMENT from the data: "non-abelian <=> (collision of NONzero eigenvalues OR dim ker(Omega) >= 3)":
      violations direction 1: 0, direction 2: 0
  VERDICT S1: OK (46 cases, 17 non-abelian). The pattern from the statement does NOT hold as an equivalence: the direction "non-abelian => degenerate" holds (violations 0), but "degenerate => non-abelian" BREAKS on 7 cases (a rank drop with ker=2 gives an ABELIAN c). The exact pattern in the data: non-abelian <=> (collision of nonzero eigenvalues of A OR dim ker >= 3): violations 0+0.

====================================================================================================
SECTION S2 — INVARIANCE UNDER AN O(p,q) ISOMETRY (rational rotations/boosts)
====================================================================================================
  (2,2): S = rot(0,1)*rot(2,3)*boost(1,2); checking S^T*eta*S = eta: ok
    GEN    profile=(1, 2) : dim c(A)=2, dim c(A')=2; abelian: yes / yes  => MATCH
    CRACK  profile=(1, 0) : dim c(A)=2, dim c(A')=2; abelian: yes / yes  => MATCH
  (3,1): S = rot(0,1)*boost(2,3); checking S^T*eta*S = eta: ok
    GEN    profile=(1, 2) : dim c(A)=2, dim c(A')=2; abelian: yes / yes  => MATCH
    CRACK  profile=(1, 0) : dim c(A)=2, dim c(A')=2; abelian: yes / yes  => MATCH
  Pairs checked (Omega, Omega'): 4 (zero => invalid)
  VERDICT S2: OK — dim c and abelian-ness are invariant under the exact isometry in 4/4 cases

====================================================================================================
SECTION M — MUTANTS (each MUST be caught, otherwise the measurement is invalid)
====================================================================================================
  m1: centralizer solver with dropped equations (from the end of the system).
    (4,0) GEN    (1, 2) : dropped last equations k=9; dim: 2 (true) vs 3 (broken) [DIFFERENT]; broken closed under [,]: NO (CATCHES); elements with [X,A]!=0: 1 => CAUGHT
    (2,2) GEN    (1, 2) : dropped last equations k=9; dim: 2 (true) vs 3 (broken) [DIFFERENT]; broken closed under [,]: NO (CATCHES); elements with [X,A]!=0: 1 => CAUGHT
    (3,1) CRACK  (1, 0) : dropped last equations k=9; dim: 2 (true) vs 3 (broken) [DIFFERENT]; broken closed under [,]: NO (CATCHES); elements with [X,A]!=0: 1 => CAUGHT
    m1: caught in 3/3 cases => CAUGHT
  m2: an abelian-ness test that always says "abelian", on the so(3) reference in (3,0).
    real test: is so(3) abelian? NO (must be NO); mutant: yes => discrepancy CAUGHT
  m3: the false claim Pf(Omega) = w1 + w2 for a block Omega, n=4, profile (1,2).
    Pf_fake = 3, Pf_fake^2 = 9, det = 4: 9 != 4 => CAUGHT (real Pf=2, Pf^2=det: ok)
  VERDICT M: OK — caught 3/3 mutants

====================================================================================================
SECTION SUMMARY
====================================================================================================
  VERDICTS:
    S0: OK — 46/46 Omega passed Pf^2=det (recursion agreed with the block formula everywhere)
    S1: OK (46 cases, 17 non-abelian). The pattern from the statement does NOT hold as an equivalence: the direction "non-abelian => degenerate" holds (violations 0), but "degenerate => non-abelian" BREAKS on 7 cases (a rank drop with ker=2 gives an ABELIAN c). The exact pattern in the data: non-abelian <=> (collision of nonzero eigenvalues of A OR dim ker >= 3): violations 0+0.
    S2: OK — dim c and abelian-ness are invariant under the exact isometry in 4/4 cases
    M: OK — caught 3/3 mutants

  COUNTERS: S0=46 Omega checked; S1=46 strata; S2=4 isometry pairs; M=3/3 mutants caught.

  FULL TABLE S1 (repeated):
| n | p | q | family | profile   | rkOm | Pf=0 | coll | dimc | abel | dim[c,c] |
|---|---|---|--------|-----------|------|------|-------|------|------|----------|
| 4 | 4 | 0 | GEN    | (1, 2)    | 4 | no  | no  |  2 | yes |  0 |
| 4 | 4 | 0 | COLL   | (1, 1)    | 4 | no  | yes |  4 | NO  |  3 |
| 4 | 4 | 0 | CRACK  | (1, 0)    | 2 | yes | no  |  2 | yes |  0 |
| 4 | 4 | 0 | CRACK2 | (0, 0)    | 0 | yes | no  |  6 | NO  |  6 |
| 4 | 3 | 1 | GEN    | (1, 2)    | 4 | no  | no  |  2 | yes |  0 |
| 4 | 3 | 1 | COLL   | (1, 1)    | 4 | no  | no  |  2 | yes |  0 |
| 4 | 3 | 1 | CRACK  | (1, 0)    | 2 | yes | no  |  2 | yes |  0 |
| 4 | 3 | 1 | CRACK2 | (0, 0)    | 0 | yes | no  |  6 | NO  |  6 |
| 4 | 2 | 2 | GEN    | (1, 2)    | 4 | no  | no  |  2 | yes |  0 |
| 4 | 2 | 2 | COLL   | (1, 1)    | 4 | no  | yes |  4 | NO  |  3 |
| 4 | 2 | 2 | CRACK  | (1, 0)    | 2 | yes | no  |  2 | yes |  0 |
| 4 | 2 | 2 | CRACK2 | (0, 0)    | 0 | yes | no  |  6 | NO  |  6 |
| 4 | 1 | 3 | GEN    | (1, 2)    | 4 | no  | no  |  2 | yes |  0 |
| 4 | 1 | 3 | COLL   | (1, 1)    | 4 | no  | no  |  2 | yes |  0 |
| 4 | 1 | 3 | CRACK  | (1, 0)    | 2 | yes | no  |  2 | yes |  0 |
| 4 | 1 | 3 | CRACK2 | (0, 0)    | 0 | yes | no  |  6 | NO  |  6 |
| 4 | 0 | 4 | GEN    | (1, 2)    | 4 | no  | no  |  2 | yes |  0 |
| 4 | 0 | 4 | COLL   | (1, 1)    | 4 | no  | yes |  4 | NO  |  3 |
| 4 | 0 | 4 | CRACK  | (1, 0)    | 2 | yes | no  |  2 | yes |  0 |
| 4 | 0 | 4 | CRACK2 | (0, 0)    | 0 | yes | no  |  6 | NO  |  6 |
| 3 | 3 | 0 | GEN    | (1,)      | 2 | yes | no  |  1 | yes |  0 |
| 3 | 3 | 0 | CRACK  | (0,)      | 0 | yes | no  |  3 | NO  |  3 |
| 3 | 2 | 1 | GEN    | (1,)      | 2 | yes | no  |  1 | yes |  0 |
| 3 | 2 | 1 | CRACK  | (0,)      | 0 | yes | no  |  3 | NO  |  3 |
| 3 | 1 | 2 | GEN    | (1,)      | 2 | yes | no  |  1 | yes |  0 |
| 3 | 1 | 2 | CRACK  | (0,)      | 0 | yes | no  |  3 | NO  |  3 |
| 3 | 0 | 3 | GEN    | (1,)      | 2 | yes | no  |  1 | yes |  0 |
| 3 | 0 | 3 | CRACK  | (0,)      | 0 | yes | no  |  3 | NO  |  3 |
| 5 | 5 | 0 | GEN    | (1, 2)    | 4 | yes | no  |  2 | yes |  0 |
| 5 | 5 | 0 | COLL   | (1, 1)    | 4 | yes | yes |  4 | NO  |  3 |
| 5 | 4 | 1 | GEN    | (1, 2)    | 4 | yes | no  |  2 | yes |  0 |
| 5 | 4 | 1 | COLL   | (1, 1)    | 4 | yes | yes |  4 | NO  |  3 |
| 5 | 3 | 2 | GEN    | (1, 2)    | 4 | yes | no  |  2 | yes |  0 |
| 5 | 3 | 2 | COLL   | (1, 1)    | 4 | yes | no  |  2 | yes |  0 |
| 5 | 2 | 3 | GEN    | (1, 2)    | 4 | yes | no  |  2 | yes |  0 |
| 5 | 2 | 3 | COLL   | (1, 1)    | 4 | yes | yes |  4 | NO  |  3 |
| 5 | 1 | 4 | GEN    | (1, 2)    | 4 | yes | no  |  2 | yes |  0 |
| 5 | 1 | 4 | COLL   | (1, 1)    | 4 | yes | no  |  2 | yes |  0 |
| 5 | 0 | 5 | GEN    | (1, 2)    | 4 | yes | no  |  2 | yes |  0 |
| 5 | 0 | 5 | COLL   | (1, 1)    | 4 | yes | yes |  4 | NO  |  3 |
| 6 | 3 | 3 | GEN    | (1, 2, 3) | 6 | no  | no  |  3 | yes |  0 |
| 6 | 3 | 3 | COLL   | (1, 1, 2) | 6 | no  | no  |  3 | yes |  0 |
| 6 | 3 | 3 | CRACK  | (1, 2, 0) | 4 | yes | no  |  3 | yes |  0 |
| 6 | 5 | 1 | GEN    | (1, 2, 3) | 6 | no  | no  |  3 | yes |  0 |
| 6 | 5 | 1 | COLL   | (1, 1, 2) | 6 | no  | yes |  5 | NO  |  3 |
| 6 | 5 | 1 | CRACK  | (1, 2, 0) | 4 | yes | no  |  3 | yes |  0 |

SUMMARY: OK — all sections passed, all mutants caught, counters nonzero.
EXIT: 0
