
==============================================================================
SECTION N0 — NON-EXISTENCE of a nonzero nilpotent in the definite signatures
==============================================================================
  [OK]   n=3: identity tr(X^2) + 2*Sum_(i<j) X[i,j]^2 == 0 (symbolic)
  [OK]   n=3: X*(+I)+(+I)*X^T=0 for a general antisymmetric X
  [OK]   n=3: X*(-I)+(-I)*X^T=0 for a general antisymmetric X
  [OK]   n=3: dim so(n,0) (nullspace of the defining system) = 3 = n(n-1)/2 = 3
  [OK]   n=3: every basis element of so(n,0) is antisymmetric
  [OK]   n=3: dim so(0,n) = 3 = n(n-1)/2 and all antisymmetric
  [OK]   n=3: the form -tr(X^2) is positive DEFINITE (Hessian/2 PD, exact) => tr(X^2)=0 <=> X=0
  [OK]   n=4: identity tr(X^2) + 2*Sum_(i<j) X[i,j]^2 == 0 (symbolic)
  [OK]   n=4: X*(+I)+(+I)*X^T=0 for a general antisymmetric X
  [OK]   n=4: X*(-I)+(-I)*X^T=0 for a general antisymmetric X
  [OK]   n=4: dim so(n,0) (nullspace of the defining system) = 6 = n(n-1)/2 = 6
  [OK]   n=4: every basis element of so(n,0) is antisymmetric
  [OK]   n=4: dim so(0,n) = 6 = n(n-1)/2 and all antisymmetric
  [OK]   n=4: the form -tr(X^2) is positive DEFINITE (Hessian/2 PD, exact) => tr(X^2)=0 <=> X=0
  [OK]   n=5: identity tr(X^2) + 2*Sum_(i<j) X[i,j]^2 == 0 (symbolic)
  [OK]   n=5: X*(+I)+(+I)*X^T=0 for a general antisymmetric X
  [OK]   n=5: X*(-I)+(-I)*X^T=0 for a general antisymmetric X
  [OK]   n=5: dim so(n,0) (nullspace of the defining system) = 10 = n(n-1)/2 = 10
  [OK]   n=5: every basis element of so(n,0) is antisymmetric
  [OK]   n=5: dim so(0,n) = 10 = n(n-1)/2 and all antisymmetric
  [OK]   n=5: the form -tr(X^2) is positive DEFINITE (Hessian/2 PD, exact) => tr(X^2)=0 <=> X=0

  Derivation chain (machine-checked links marked):
    X nilpotent (X^k=0) => X^2 nilpotent => tr(X^2)=0                 [trace of a nilpotent = 0, standard]
    tr(X^2) = -2*Sum_(i<j) X[i,j]^2                                    [MACHINE: identity]
    -tr(X^2) — a positive definite form                                [MACHINE: PD check]
    => tr(X^2)=0 only at X=0 (over R)                                 => nilpotent != 0 does not exist.
  For so(0,n) (eta=-I) the algebra is THE SAME (antisymmetric) — the same conclusion.
  -- checks in section N0: 21
VERDICT N0: nilpotent X != 0 does NOT exist in the definite signatures so(n,0), so(0,n) (n=3,4,5 machine-checked; the argument goes exclusively through tr(X^2) as a +-definite form).

==============================================================================
SECTION N1 — "WEDGE" CONSTRUCTION AND TAXONOMY (soft / deep)
==============================================================================

--- signature (2,1), n=3, eta=diag(1,1,-1) ---
  [OK]   (2,1): wedge A(x,y) in so(p,q) for symbolic x,y (identity)
  [OK]   (2,1) soft: x=[1, 0, 1] null (<x,x>=0)
  [OK]   (2,1) soft: y=[0, 1, 0] orthogonal to x (<x,y>=0)
  [OK]   (2,1) soft: <y,y>=1 != 0
  [OK]   (2,1) soft: x,y linearly independent
  [OK]   (2,1) soft: A in so(p,q)
  [OK]   (2,1) soft: A^2 != 0
  [OK]   (2,1) soft: A^3 == 0
  [OK]   (2,1) soft: rank A=2 (expect 2), rank A^2=1 (expect 1), dim ker A=1
  [OK]   (2,1) soft: dim ker A via nullspace = 1 = n - rank
  [OK]   (2,1) soft: charpoly(A) = lam^3
  [OK]   (2,1) soft: tr(A)=0 and tr(A^2)=0 (consistent with the N0 chain)
  [OK]   (2,1) deep: NON-EXISTENCE for x=[1, 0, 1]: form +PSD, dim ker=1, all solutions (linear lift of the kernel) lie in span(x)
  [OK]   (2,1) deep: NON-EXISTENCE for alt. x=[1, 0, -1]: form +PSD, dim ker=1, all solutions (linear lift of the kernel) lie in span(x)
         (coverage: proved for 2 representatives of a null x; an arbitrary null x reduces to a representative by transitivity of O(p,q) on null vectors — Witt, 📖)

--- signature (1,2), n=3, eta=diag(1,-1,-1) ---
  [OK]   (1,2): wedge A(x,y) in so(p,q) for symbolic x,y (identity)
  [OK]   (1,2) soft: x=[1, 1, 0] null (<x,x>=0)
  [OK]   (1,2) soft: y=[0, 0, 1] orthogonal to x (<x,y>=0)
  [OK]   (1,2) soft: <y,y>=-1 != 0
  [OK]   (1,2) soft: x,y linearly independent
  [OK]   (1,2) soft: A in so(p,q)
  [OK]   (1,2) soft: A^2 != 0
  [OK]   (1,2) soft: A^3 == 0
  [OK]   (1,2) soft: rank A=2 (expect 2), rank A^2=1 (expect 1), dim ker A=1
  [OK]   (1,2) soft: dim ker A via nullspace = 1 = n - rank
  [OK]   (1,2) soft: charpoly(A) = lam^3
  [OK]   (1,2) soft: tr(A)=0 and tr(A^2)=0 (consistent with the N0 chain)
  [OK]   (1,2) deep: NON-EXISTENCE for x=[1, 1, 0]: form -PSD, dim ker=1, all solutions (linear lift of the kernel) lie in span(x)
  [OK]   (1,2) deep: NON-EXISTENCE for alt. x=[1, -1, 0]: form -PSD, dim ker=1, all solutions (linear lift of the kernel) lie in span(x)
         (coverage: proved for 2 representatives of a null x; an arbitrary null x reduces to a representative by transitivity of O(p,q) on null vectors — Witt, 📖)

--- signature (3,1), n=4, eta=diag(1,1,1,-1) ---
  [OK]   (3,1): wedge A(x,y) in so(p,q) for symbolic x,y (identity)
  [OK]   (3,1) soft: x=[1, 0, 0, 1] null (<x,x>=0)
  [OK]   (3,1) soft: y=[0, 1, 0, 0] orthogonal to x (<x,y>=0)
  [OK]   (3,1) soft: <y,y>=1 != 0
  [OK]   (3,1) soft: x,y linearly independent
  [OK]   (3,1) soft: A in so(p,q)
  [OK]   (3,1) soft: A^2 != 0
  [OK]   (3,1) soft: A^3 == 0
  [OK]   (3,1) soft: rank A=2 (expect 2), rank A^2=1 (expect 1), dim ker A=2
  [OK]   (3,1) soft: dim ker A via nullspace = 2 = n - rank
  [OK]   (3,1) soft: charpoly(A) = lam^4
  [OK]   (3,1) soft: tr(A)=0 and tr(A^2)=0 (consistent with the N0 chain)
  [OK]   (3,1) deep: NON-EXISTENCE for x=[1, 0, 0, 1]: form +PSD, dim ker=1, all solutions (linear lift of the kernel) lie in span(x)
  [OK]   (3,1) deep: NON-EXISTENCE for alt. x=[1, 0, 0, -1]: form +PSD, dim ker=1, all solutions (linear lift of the kernel) lie in span(x)
         (coverage: proved for 2 representatives of a null x; an arbitrary null x reduces to a representative by transitivity of O(p,q) on null vectors — Witt, 📖)

--- signature (1,3), n=4, eta=diag(1,-1,-1,-1) ---
  [OK]   (1,3): wedge A(x,y) in so(p,q) for symbolic x,y (identity)
  [OK]   (1,3) soft: x=[1, 1, 0, 0] null (<x,x>=0)
  [OK]   (1,3) soft: y=[0, 0, 1, 0] orthogonal to x (<x,y>=0)
  [OK]   (1,3) soft: <y,y>=-1 != 0
  [OK]   (1,3) soft: x,y linearly independent
  [OK]   (1,3) soft: A in so(p,q)
  [OK]   (1,3) soft: A^2 != 0
  [OK]   (1,3) soft: A^3 == 0
  [OK]   (1,3) soft: rank A=2 (expect 2), rank A^2=1 (expect 1), dim ker A=2
  [OK]   (1,3) soft: dim ker A via nullspace = 2 = n - rank
  [OK]   (1,3) soft: charpoly(A) = lam^4
  [OK]   (1,3) soft: tr(A)=0 and tr(A^2)=0 (consistent with the N0 chain)
  [OK]   (1,3) deep: NON-EXISTENCE for x=[1, 1, 0, 0]: form -PSD, dim ker=1, all solutions (linear lift of the kernel) lie in span(x)
  [OK]   (1,3) deep: NON-EXISTENCE for alt. x=[1, -1, 0, 0]: form -PSD, dim ker=1, all solutions (linear lift of the kernel) lie in span(x)
         (coverage: proved for 2 representatives of a null x; an arbitrary null x reduces to a representative by transitivity of O(p,q) on null vectors — Witt, 📖)

--- signature (2,2), n=4, eta=diag(1,1,-1,-1) ---
  [OK]   (2,2): wedge A(x,y) in so(p,q) for symbolic x,y (identity)
  [OK]   (2,2) soft: x=[1, 0, 1, 0] null (<x,x>=0)
  [OK]   (2,2) soft: y=[0, 1, 0, 0] orthogonal to x (<x,y>=0)
  [OK]   (2,2) soft: <y,y>=1 != 0
  [OK]   (2,2) soft: x,y linearly independent
  [OK]   (2,2) soft: A in so(p,q)
  [OK]   (2,2) soft: A^2 != 0
  [OK]   (2,2) soft: A^3 == 0
  [OK]   (2,2) soft: rank A=2 (expect 2), rank A^2=1 (expect 1), dim ker A=2
  [OK]   (2,2) soft: dim ker A via nullspace = 2 = n - rank
  [OK]   (2,2) soft: charpoly(A) = lam^4
  [OK]   (2,2) soft: tr(A)=0 and tr(A^2)=0 (consistent with the N0 chain)
  [OK]   (2,2) deep: x=[1, 0, 1, 0], y=[0, 1, 0, 1] — totally isotropic plane (<x,x>=<y,y>=<x,y>=0, independent)
  [OK]   (2,2) deep: A in so(p,q)
  [OK]   (2,2) deep: A^2 == 0
  [OK]   (2,2) deep: A != 0
  [OK]   (2,2) deep: rank A=2 (expect 2), rank A^2=0, dim ker A=2
  [OK]   (2,2) deep: charpoly(A) = lam^4

--- signature (3,2), n=5, eta=diag(1,1,1,-1,-1) ---
  [OK]   (3,2): wedge A(x,y) in so(p,q) for symbolic x,y (identity)
  [OK]   (3,2) soft: x=[1, 0, 0, 1, 0] null (<x,x>=0)
  [OK]   (3,2) soft: y=[0, 1, 0, 0, 0] orthogonal to x (<x,y>=0)
  [OK]   (3,2) soft: <y,y>=1 != 0
  [OK]   (3,2) soft: x,y linearly independent
  [OK]   (3,2) soft: A in so(p,q)
  [OK]   (3,2) soft: A^2 != 0
  [OK]   (3,2) soft: A^3 == 0
  [OK]   (3,2) soft: rank A=2 (expect 2), rank A^2=1 (expect 1), dim ker A=3
  [OK]   (3,2) soft: dim ker A via nullspace = 3 = n - rank
  [OK]   (3,2) soft: charpoly(A) = lam^5
  [OK]   (3,2) soft: tr(A)=0 and tr(A^2)=0 (consistent with the N0 chain)
  [OK]   (3,2) deep: x=[1, 0, 0, 1, 0], y=[0, 1, 0, 0, 1] — totally isotropic plane (<x,x>=<y,y>=<x,y>=0, independent)
  [OK]   (3,2) deep: A in so(p,q)
  [OK]   (3,2) deep: A^2 == 0
  [OK]   (3,2) deep: A != 0
  [OK]   (3,2) deep: rank A=2 (expect 2), rank A^2=0, dim ker A=3
  [OK]   (3,2) deep: charpoly(A) = lam^5

--- signature (2,3), n=5, eta=diag(1,1,-1,-1,-1) ---
  [OK]   (2,3): wedge A(x,y) in so(p,q) for symbolic x,y (identity)
  [OK]   (2,3) soft: x=[1, 0, 1, 0, 0] null (<x,x>=0)
  [OK]   (2,3) soft: y=[0, 1, 0, 0, 0] orthogonal to x (<x,y>=0)
  [OK]   (2,3) soft: <y,y>=1 != 0
  [OK]   (2,3) soft: x,y linearly independent
  [OK]   (2,3) soft: A in so(p,q)
  [OK]   (2,3) soft: A^2 != 0
  [OK]   (2,3) soft: A^3 == 0
  [OK]   (2,3) soft: rank A=2 (expect 2), rank A^2=1 (expect 1), dim ker A=3
  [OK]   (2,3) soft: dim ker A via nullspace = 3 = n - rank
  [OK]   (2,3) soft: charpoly(A) = lam^5
  [OK]   (2,3) soft: tr(A)=0 and tr(A^2)=0 (consistent with the N0 chain)
  [OK]   (2,3) deep: x=[1, 0, 1, 0, 0], y=[0, 1, 0, 1, 0] — totally isotropic plane (<x,x>=<y,y>=<x,y>=0, independent)
  [OK]   (2,3) deep: A in so(p,q)
  [OK]   (2,3) deep: A^2 == 0
  [OK]   (2,3) deep: A != 0
  [OK]   (2,3) deep: rank A=2 (expect 2), rank A^2=0, dim ker A=3
  [OK]   (2,3) deep: charpoly(A) = lam^5

--- signature (4,1), n=5, eta=diag(1,1,1,1,-1) ---
  [OK]   (4,1): wedge A(x,y) in so(p,q) for symbolic x,y (identity)
  [OK]   (4,1) soft: x=[1, 0, 0, 0, 1] null (<x,x>=0)
  [OK]   (4,1) soft: y=[0, 1, 0, 0, 0] orthogonal to x (<x,y>=0)
  [OK]   (4,1) soft: <y,y>=1 != 0
  [OK]   (4,1) soft: x,y linearly independent
  [OK]   (4,1) soft: A in so(p,q)
  [OK]   (4,1) soft: A^2 != 0
  [OK]   (4,1) soft: A^3 == 0
  [OK]   (4,1) soft: rank A=2 (expect 2), rank A^2=1 (expect 1), dim ker A=3
  [OK]   (4,1) soft: dim ker A via nullspace = 3 = n - rank
  [OK]   (4,1) soft: charpoly(A) = lam^5
  [OK]   (4,1) soft: tr(A)=0 and tr(A^2)=0 (consistent with the N0 chain)
  [OK]   (4,1) deep: NON-EXISTENCE for x=[1, 0, 0, 0, 1]: form +PSD, dim ker=1, all solutions (linear lift of the kernel) lie in span(x)
  [OK]   (4,1) deep: NON-EXISTENCE for alt. x=[1, 0, 0, 0, -1]: form +PSD, dim ker=1, all solutions (linear lift of the kernel) lie in span(x)
         (coverage: proved for 2 representatives of a null x; an arbitrary null x reduces to a representative by transitivity of O(p,q) on null vectors — Witt, 📖)

--- signature (1,4), n=5, eta=diag(1,-1,-1,-1,-1) ---
  [OK]   (1,4): wedge A(x,y) in so(p,q) for symbolic x,y (identity)
  [OK]   (1,4) soft: x=[1, 1, 0, 0, 0] null (<x,x>=0)
  [OK]   (1,4) soft: y=[0, 0, 1, 0, 0] orthogonal to x (<x,y>=0)
  [OK]   (1,4) soft: <y,y>=-1 != 0
  [OK]   (1,4) soft: x,y linearly independent
  [OK]   (1,4) soft: A in so(p,q)
  [OK]   (1,4) soft: A^2 != 0
  [OK]   (1,4) soft: A^3 == 0
  [OK]   (1,4) soft: rank A=2 (expect 2), rank A^2=1 (expect 1), dim ker A=3
  [OK]   (1,4) soft: dim ker A via nullspace = 3 = n - rank
  [OK]   (1,4) soft: charpoly(A) = lam^5
  [OK]   (1,4) soft: tr(A)=0 and tr(A^2)=0 (consistent with the N0 chain)
  [OK]   (1,4) deep: NON-EXISTENCE for x=[1, 1, 0, 0, 0]: form -PSD, dim ker=1, all solutions (linear lift of the kernel) lie in span(x)
  [OK]   (1,4) deep: NON-EXISTENCE for alt. x=[1, -1, 0, 0, 0]: form -PSD, dim ker=1, all solutions (linear lift of the kernel) lie in span(x)
         (coverage: proved for 2 representatives of a null x; an arbitrary null x reduces to a representative by transitivity of O(p,q) on null vectors — Witt, 📖)

--- signature (3,3), n=6, eta=diag(1,1,1,-1,-1,-1) ---
  [OK]   (3,3): wedge A(x,y) in so(p,q) for symbolic x,y (identity)
  [OK]   (3,3) soft: x=[1, 0, 0, 1, 0, 0] null (<x,x>=0)
  [OK]   (3,3) soft: y=[0, 1, 0, 0, 0, 0] orthogonal to x (<x,y>=0)
  [OK]   (3,3) soft: <y,y>=1 != 0
  [OK]   (3,3) soft: x,y linearly independent
  [OK]   (3,3) soft: A in so(p,q)
  [OK]   (3,3) soft: A^2 != 0
  [OK]   (3,3) soft: A^3 == 0
  [OK]   (3,3) soft: rank A=2 (expect 2), rank A^2=1 (expect 1), dim ker A=4
  [OK]   (3,3) soft: dim ker A via nullspace = 4 = n - rank
  [OK]   (3,3) soft: charpoly(A) = lam^6
  [OK]   (3,3) soft: tr(A)=0 and tr(A^2)=0 (consistent with the N0 chain)
  [OK]   (3,3) deep: x=[1, 0, 0, 1, 0, 0], y=[0, 1, 0, 0, 1, 0] — totally isotropic plane (<x,x>=<y,y>=<x,y>=0, independent)
  [OK]   (3,3) deep: A in so(p,q)
  [OK]   (3,3) deep: A^2 == 0
  [OK]   (3,3) deep: A != 0
  [OK]   (3,3) deep: rank A=2 (expect 2), rank A^2=0, dim ker A=4
  [OK]   (3,3) deep: charpoly(A) = lam^6

  TAXONOMY:
  signature  soft     deep
  (2,1)      Yes      NONE (proved)
  (1,2)      Yes      NONE (proved)
  (3,1)      Yes      NONE (proved)
  (1,3)      Yes      NONE (proved)
  (2,2)      Yes      Yes
  (3,2)      Yes      Yes
  (2,3)      Yes      Yes
  (4,1)      Yes      NONE (proved)
  (1,4)      Yes      NONE (proved)
  (3,3)      Yes      Yes
  -- checks in section N1: 156
VERDICT N1: the soft type (A^2!=0, A^3=0) exists in ALL 10 signatures; the deep type (A^2=0, a totally isotropic plane) exists EXACTLY where min(p,q)>=2: (2,2),(3,2),(2,3),(3,3); for min(p,q)=1 non-existence is proved by machine (PSD reduction: every isotropic partner is collinear with x).

==============================================================================
SECTION N2 — ORBITS: exp(tA) = 1 <=> t = 0
==============================================================================
  [OK]   (2,1) soft: exp(tA) — an isometry: exp^T*eta*exp - eta == 0 (symbolic in t)
  [OK]   (2,1) soft: exp(0*A) = 1
  [OK]   (2,1) soft: entry [0,1] of exp(tA)-1 = (1)*t (purely linear, coeff != 0) => exp(tA)=1 requires t=0
  [OK]   (1,2) soft: exp(tA) — an isometry: exp^T*eta*exp - eta == 0 (symbolic in t)
  [OK]   (1,2) soft: exp(0*A) = 1
  [OK]   (1,2) soft: entry [0,2] of exp(tA)-1 = (-1)*t (purely linear, coeff != 0) => exp(tA)=1 requires t=0
  [OK]   (3,1) soft: exp(tA) — an isometry: exp^T*eta*exp - eta == 0 (symbolic in t)
  [OK]   (3,1) soft: exp(0*A) = 1
  [OK]   (3,1) soft: entry [0,1] of exp(tA)-1 = (1)*t (purely linear, coeff != 0) => exp(tA)=1 requires t=0
  [OK]   (1,3) soft: exp(tA) — an isometry: exp^T*eta*exp - eta == 0 (symbolic in t)
  [OK]   (1,3) soft: exp(0*A) = 1
  [OK]   (1,3) soft: entry [0,2] of exp(tA)-1 = (-1)*t (purely linear, coeff != 0) => exp(tA)=1 requires t=0
  [OK]   (2,2) soft: exp(tA) — an isometry: exp^T*eta*exp - eta == 0 (symbolic in t)
  [OK]   (2,2) soft: exp(0*A) = 1
  [OK]   (2,2) soft: entry [0,1] of exp(tA)-1 = (1)*t (purely linear, coeff != 0) => exp(tA)=1 requires t=0
  [OK]   (2,2) deep: exp(tA) — an isometry: exp^T*eta*exp - eta == 0 (symbolic in t)
  [OK]   (2,2) deep: exp(0*A) = 1
  [OK]   (2,2) deep: entry [0,1] of exp(tA)-1 = (1)*t (purely linear, coeff != 0) => exp(tA)=1 requires t=0
  [OK]   (3,2) soft: exp(tA) — an isometry: exp^T*eta*exp - eta == 0 (symbolic in t)
  [OK]   (3,2) soft: exp(0*A) = 1
  [OK]   (3,2) soft: entry [0,1] of exp(tA)-1 = (1)*t (purely linear, coeff != 0) => exp(tA)=1 requires t=0
  [OK]   (3,2) deep: exp(tA) — an isometry: exp^T*eta*exp - eta == 0 (symbolic in t)
  [OK]   (3,2) deep: exp(0*A) = 1
  [OK]   (3,2) deep: entry [0,1] of exp(tA)-1 = (1)*t (purely linear, coeff != 0) => exp(tA)=1 requires t=0
  [OK]   (2,3) soft: exp(tA) — an isometry: exp^T*eta*exp - eta == 0 (symbolic in t)
  [OK]   (2,3) soft: exp(0*A) = 1
  [OK]   (2,3) soft: entry [0,1] of exp(tA)-1 = (1)*t (purely linear, coeff != 0) => exp(tA)=1 requires t=0
  [OK]   (2,3) deep: exp(tA) — an isometry: exp^T*eta*exp - eta == 0 (symbolic in t)
  [OK]   (2,3) deep: exp(0*A) = 1
  [OK]   (2,3) deep: entry [0,1] of exp(tA)-1 = (1)*t (purely linear, coeff != 0) => exp(tA)=1 requires t=0
  [OK]   (4,1) soft: exp(tA) — an isometry: exp^T*eta*exp - eta == 0 (symbolic in t)
  [OK]   (4,1) soft: exp(0*A) = 1
  [OK]   (4,1) soft: entry [0,1] of exp(tA)-1 = (1)*t (purely linear, coeff != 0) => exp(tA)=1 requires t=0
  [OK]   (1,4) soft: exp(tA) — an isometry: exp^T*eta*exp - eta == 0 (symbolic in t)
  [OK]   (1,4) soft: exp(0*A) = 1
  [OK]   (1,4) soft: entry [0,2] of exp(tA)-1 = (-1)*t (purely linear, coeff != 0) => exp(tA)=1 requires t=0
  [OK]   (3,3) soft: exp(tA) — an isometry: exp^T*eta*exp - eta == 0 (symbolic in t)
  [OK]   (3,3) soft: exp(0*A) = 1
  [OK]   (3,3) soft: entry [0,1] of exp(tA)-1 = (1)*t (purely linear, coeff != 0) => exp(tA)=1 requires t=0
  [OK]   (3,3) deep: exp(tA) — an isometry: exp^T*eta*exp - eta == 0 (symbolic in t)
  [OK]   (3,3) deep: exp(0*A) = 1
  [OK]   (3,3) deep: entry [0,1] of exp(tA)-1 = (1)*t (purely linear, coeff != 0) => exp(tA)=1 requires t=0
  -- checks in section N2: 42
VERDICT N2: for EVERY constructed nilpotent (both types, all signatures) exp(tA)=1 <=> t=0 (a concrete matrix entry is linear in t with a nonzero coefficient); the one-parameter N-orbit {exp(tA)} ~ R — never closes.

==============================================================================
SECTION N3 — CENTRALIZERS (the main section)
==============================================================================
  [OK]   so(2,1): dim (nullspace of the defining system) = 3 = n(n-1)/2 = 3
  [OK]   so(2,1): all basis elements satisfy X*eta+eta*X^T=0
  [OK]   (2,1) soft: c(A) — exact nullspace, dim c = 1 >= 1
  [OK]   (2,1) soft: EACH of the 1 elements of c(A) rechecked by commutation [Z,A]=0
  [OK]   (2,1) soft: every element of c(A) lies in so(p,q)
  [OK]   (2,1) soft: A in c(A)
  [OK]   (2,1) soft: closure under the bracket — all 0 pairwise [Zi,Zj] in span(c(A))
  [OK]   (2,1) soft: ABELIAN (all 0 brackets = 0), dim[c,c]=0
  [OK]   so(1,2): dim (nullspace of the defining system) = 3 = n(n-1)/2 = 3
  [OK]   so(1,2): all basis elements satisfy X*eta+eta*X^T=0
  [OK]   (1,2) soft: c(A) — exact nullspace, dim c = 1 >= 1
  [OK]   (1,2) soft: EACH of the 1 elements of c(A) rechecked by commutation [Z,A]=0
  [OK]   (1,2) soft: every element of c(A) lies in so(p,q)
  [OK]   (1,2) soft: A in c(A)
  [OK]   (1,2) soft: closure under the bracket — all 0 pairwise [Zi,Zj] in span(c(A))
  [OK]   (1,2) soft: ABELIAN (all 0 brackets = 0), dim[c,c]=0
  [OK]   so(3,1): dim (nullspace of the defining system) = 6 = n(n-1)/2 = 6
  [OK]   so(3,1): all basis elements satisfy X*eta+eta*X^T=0
  [OK]   (3,1) soft: c(A) — exact nullspace, dim c = 2 >= 1
  [OK]   (3,1) soft: EACH of the 2 elements of c(A) rechecked by commutation [Z,A]=0
  [OK]   (3,1) soft: every element of c(A) lies in so(p,q)
  [OK]   (3,1) soft: A in c(A)
  [OK]   (3,1) soft: closure under the bracket — all 1 pairwise [Zi,Zj] in span(c(A))
  [OK]   (3,1) soft: ABELIAN (all 1 brackets = 0), dim[c,c]=0
  [OK]   so(1,3): dim (nullspace of the defining system) = 6 = n(n-1)/2 = 6
  [OK]   so(1,3): all basis elements satisfy X*eta+eta*X^T=0
  [OK]   (1,3) soft: c(A) — exact nullspace, dim c = 2 >= 1
  [OK]   (1,3) soft: EACH of the 2 elements of c(A) rechecked by commutation [Z,A]=0
  [OK]   (1,3) soft: every element of c(A) lies in so(p,q)
  [OK]   (1,3) soft: A in c(A)
  [OK]   (1,3) soft: closure under the bracket — all 1 pairwise [Zi,Zj] in span(c(A))
  [OK]   (1,3) soft: ABELIAN (all 1 brackets = 0), dim[c,c]=0
  [OK]   so(2,2): dim (nullspace of the defining system) = 6 = n(n-1)/2 = 6
  [OK]   so(2,2): all basis elements satisfy X*eta+eta*X^T=0
  [OK]   (2,2) soft: c(A) — exact nullspace, dim c = 2 >= 1
  [OK]   (2,2) soft: EACH of the 2 elements of c(A) rechecked by commutation [Z,A]=0
  [OK]   (2,2) soft: every element of c(A) lies in so(p,q)
  [OK]   (2,2) soft: A in c(A)
  [OK]   (2,2) soft: closure under the bracket — all 1 pairwise [Zi,Zj] in span(c(A))
  [OK]   (2,2) soft: ABELIAN (all 1 brackets = 0), dim[c,c]=0
  [OK]   (2,2) deep: c(A) — exact nullspace, dim c = 4 >= 1
  [OK]   (2,2) deep: EACH of the 4 elements of c(A) rechecked by commutation [Z,A]=0
  [OK]   (2,2) deep: every element of c(A) lies in so(p,q)
  [OK]   (2,2) deep: A in c(A)
  [OK]   (2,2) deep: closure under the bracket — all 6 pairwise [Zi,Zj] in span(c(A))
  [OK]   (2,2) deep: NOT abelian, dim[c,c] = 3
  [OK]   so(3,2): dim (nullspace of the defining system) = 10 = n(n-1)/2 = 10
  [OK]   so(3,2): all basis elements satisfy X*eta+eta*X^T=0
  [OK]   (3,2) soft: c(A) — exact nullspace, dim c = 4 >= 1
  [OK]   (3,2) soft: EACH of the 4 elements of c(A) rechecked by commutation [Z,A]=0
  [OK]   (3,2) soft: every element of c(A) lies in so(p,q)
  [OK]   (3,2) soft: A in c(A)
  [OK]   (3,2) soft: closure under the bracket — all 6 pairwise [Zi,Zj] in span(c(A))
  [OK]   (3,2) soft: NOT abelian, dim[c,c] = 2
  [OK]   (3,2) deep: c(A) — exact nullspace, dim c = 6 >= 1
  [OK]   (3,2) deep: EACH of the 6 elements of c(A) rechecked by commutation [Z,A]=0
  [OK]   (3,2) deep: every element of c(A) lies in so(p,q)
  [OK]   (3,2) deep: A in c(A)
  [OK]   (3,2) deep: closure under the bracket — all 15 pairwise [Zi,Zj] in span(c(A))
  [OK]   (3,2) deep: NOT abelian, dim[c,c] = 6
  [OK]   so(2,3): dim (nullspace of the defining system) = 10 = n(n-1)/2 = 10
  [OK]   so(2,3): all basis elements satisfy X*eta+eta*X^T=0
  [OK]   (2,3) soft: c(A) — exact nullspace, dim c = 4 >= 1
  [OK]   (2,3) soft: EACH of the 4 elements of c(A) rechecked by commutation [Z,A]=0
  [OK]   (2,3) soft: every element of c(A) lies in so(p,q)
  [OK]   (2,3) soft: A in c(A)
  [OK]   (2,3) soft: closure under the bracket — all 6 pairwise [Zi,Zj] in span(c(A))
  [OK]   (2,3) soft: NOT abelian, dim[c,c] = 2
  [OK]   (2,3) deep: c(A) — exact nullspace, dim c = 6 >= 1
  [OK]   (2,3) deep: EACH of the 6 elements of c(A) rechecked by commutation [Z,A]=0
  [OK]   (2,3) deep: every element of c(A) lies in so(p,q)
  [OK]   (2,3) deep: A in c(A)
  [OK]   (2,3) deep: closure under the bracket — all 15 pairwise [Zi,Zj] in span(c(A))
  [OK]   (2,3) deep: NOT abelian, dim[c,c] = 6
  [OK]   so(4,1): dim (nullspace of the defining system) = 10 = n(n-1)/2 = 10
  [OK]   so(4,1): all basis elements satisfy X*eta+eta*X^T=0
  [OK]   (4,1) soft: c(A) — exact nullspace, dim c = 4 >= 1
  [OK]   (4,1) soft: EACH of the 4 elements of c(A) rechecked by commutation [Z,A]=0
  [OK]   (4,1) soft: every element of c(A) lies in so(p,q)
  [OK]   (4,1) soft: A in c(A)
  [OK]   (4,1) soft: closure under the bracket — all 6 pairwise [Zi,Zj] in span(c(A))
  [OK]   (4,1) soft: NOT abelian, dim[c,c] = 2
  [OK]   so(1,4): dim (nullspace of the defining system) = 10 = n(n-1)/2 = 10
  [OK]   so(1,4): all basis elements satisfy X*eta+eta*X^T=0
  [OK]   (1,4) soft: c(A) — exact nullspace, dim c = 4 >= 1
  [OK]   (1,4) soft: EACH of the 4 elements of c(A) rechecked by commutation [Z,A]=0
  [OK]   (1,4) soft: every element of c(A) lies in so(p,q)
  [OK]   (1,4) soft: A in c(A)
  [OK]   (1,4) soft: closure under the bracket — all 6 pairwise [Zi,Zj] in span(c(A))
  [OK]   (1,4) soft: NOT abelian, dim[c,c] = 2
  [OK]   so(3,3): dim (nullspace of the defining system) = 15 = n(n-1)/2 = 15
  [OK]   so(3,3): all basis elements satisfy X*eta+eta*X^T=0
  [OK]   (3,3) soft: c(A) — exact nullspace, dim c = 7 >= 1
  [OK]   (3,3) soft: EACH of the 7 elements of c(A) rechecked by commutation [Z,A]=0
  [OK]   (3,3) soft: every element of c(A) lies in so(p,q)
  [OK]   (3,3) soft: A in c(A)
  [OK]   (3,3) soft: closure under the bracket — all 21 pairwise [Zi,Zj] in span(c(A))
  [OK]   (3,3) soft: NOT abelian, dim[c,c] = 6
  [OK]   (3,3) deep: c(A) — exact nullspace, dim c = 9 >= 1
  [OK]   (3,3) deep: EACH of the 9 elements of c(A) rechecked by commutation [Z,A]=0
  [OK]   (3,3) deep: every element of c(A) lies in so(p,q)
  [OK]   (3,3) deep: A in c(A)
  [OK]   (3,3) deep: closure under the bracket — all 36 pairwise [Zi,Zj] in span(c(A))
  [OK]   (3,3) deep: NOT abelian, dim[c,c] = 8

  TABLE N3:
  (p,q)   type       rkA  rkA2  dim ker A  dim c  abelian   dim[c,c]  mark
  (2,1)   soft       2    1     1          1      yes       0         
  (1,2)   soft       2    1     1          1      yes       0         
  (3,1)   soft       2    1     2          2      yes       0         <== (3,1)/(1,3)
  (1,3)   soft       2    1     2          2      yes       0         <== (3,1)/(1,3)
  (2,2)   soft       2    1     2          2      yes       0         
  (2,2)   deep       2    0     2          4      NO        3         
  (3,2)   soft       2    1     3          4      NO        2         
  (3,2)   deep       2    0     3          6      NO        6         
  (2,3)   soft       2    1     3          4      NO        2         
  (2,3)   deep       2    0     3          6      NO        6         
  (4,1)   soft       2    1     3          4      NO        2         
  (1,4)   soft       2    1     3          4      NO        2         
  (3,3)   soft       2    1     4          7      NO        6         
  (3,3)   deep       2    0     4          9      NO        8         
  [OK]   table N3 is nonempty and covers every constructed nilpotent

  PATTERN ANALYSIS (candidates against the data; counterexamples listed):
    K1: non-abelian <=> type=deep: REJECTED. Counterexamples: (3,2) soft: predicate=False, non-abelian=True; (2,3) soft: predicate=False, non-abelian=True; (4,1) soft: predicate=False, non-abelian=True; (1,4) soft: predicate=False, non-abelian=True; (3,3) soft: predicate=False, non-abelian=True
    K2: non-abelian <=> min(p,q)>=2: REJECTED. Counterexamples: (2,2) soft: predicate=True, non-abelian=False; (4,1) soft: predicate=False, non-abelian=True; (1,4) soft: predicate=False, non-abelian=True
    K3: non-abelian <=> dim ker A >= 3: REJECTED. Counterexamples: (2,2) deep: predicate=False, non-abelian=True
    K4: non-abelian <=> algebraic multiplicity of zero >= 5 (multiplicity = n always, charpoly=lam^n): REJECTED. Counterexamples: (2,2) deep: predicate=False, non-abelian=True
    K5: non-abelian <=> dim c >= 4: CONSISTENT with all 14 rows
    K6: non-abelian <=> (deep OR n>=5): CONSISTENT with all 14 rows
    I1: deep => non-abelian: CONSISTENT with all 14 rows
    I2: soft => abelian: REJECTED. Counterexamples: (3,2) soft (abelian=False); (2,3) soft (abelian=False); (4,1) soft (abelian=False); (1,4) soft (abelian=False); (3,3) soft (abelian=False)
    Note: the algebraic multiplicity of zero = n in ALL rows (charpoly=lam^n) and cannot distinguish rows with the same n; the pair (3,1) soft (abelian=True) vs (2,2) deep (abelian=False) has the same n=4 and dim ker A=2 — the multiplicity and dim ker do NOT determine abelian-ness.
  [OK]   pattern analysis performed (candidates evaluated, survivors listed)
  -- checks in section N3: 106
VERDICT N3: pattern from the data: K5: non-abelian <=> dim c >= 4; K6: non-abelian <=> (deep OR n>=5); I1: deep => non-abelian. Neither the type itself, nor dim ker A, nor the algebraic multiplicity (=n), nor the signature alone determine abelian-ness — counterexamples listed above.

==============================================================================
SECTION N4 — ISOMETRIC CONSISTENCY (conjugation by a rational isometry)
==============================================================================
  [OK]   (3,1) soft: S = R(axes 1,2; both +) * B(axes 3,4; signs +,-) — an isometry: S^T*eta*S == eta (exact)
  [OK]   (3,1) soft: A' = S*A*S^(-1) in so(p,q)
  [OK]   (3,1) soft: A' != A (the conjugation is nontrivial)
  [OK]   (3,1) soft: dim c(A') = 2 = dim c(A) = 2 (invariant)
  [OK]   (3,1) soft: abelian-ness of c(A') = True = abelian-ness of c(A) = True (invariant)
  [OK]   (3,1) soft: dim[c(A'),c(A')] = 0 = dim[c,c] = 0 (invariant)
  [OK]   (2,2) deep: S = R(axes 1,2; both +) * B(axes 2,3; signs +,-) — an isometry: S^T*eta*S == eta (exact)
  [OK]   (2,2) deep: A' = S*A*S^(-1) in so(p,q)
  [OK]   (2,2) deep: A' != A (the conjugation is nontrivial)
  [OK]   (2,2) deep: dim c(A') = 4 = dim c(A) = 4 (invariant)
  [OK]   (2,2) deep: abelian-ness of c(A') = False = abelian-ness of c(A) = False (invariant)
  [OK]   (2,2) deep: dim[c(A'),c(A')] = 3 = dim[c,c] = 3 (invariant)
  -- checks in section N4: 12
VERDICT N4: dim c, abelian-ness and dim[c,c] are invariant under a rational isometric conjugation (checked on the (3,1)-soft and (2,2)-deep cases; S^T*eta*S=eta exact).

==============================================================================
SECTION M — MUTANTS (each MUST be caught)
==============================================================================
  m1: (2,2)-deep; the true rank of the system = 2; dropped 14 equations; broken dim 'c' = 5 vs true 4
  [OK]   m1: the broken solver GAVE a different (larger) space
  m1: recheck by commutation [Z,A]=0 on each of the 5 elements: 4 FALSE ones found -> CAUGHT
  [OK]   m1 CAUGHT: false elements of the broken centralizer caught by commutation
  m2: so(3) reference: honest test = False (witness: [B0,B1] != 0), broken test = True
  [OK]   m2: the so(3) reference is honestly NOT abelian (witness bracket != 0)
  m2: discrepancy of the broken test vs the honest one -> CAUGHT
  [OK]   m2 CAUGHT: the broken abelian-ness test disagrees with the honest one on so(3)
  m3: the claim "soft => A^2=0" REFUTED exactly: (3,1)-soft, A^2[0,0] = -1 != 0 -> CAUGHT
  [OK]   m3 CAUGHT: the false claim refuted by a concrete nonzero entry of A^2
  [OK]   all mutants caught: 3/3
  -- checks in section M: 6
VERDICT M: mutants caught 3/3 (m1 — commutation recheck; m2 — discrepancy with the honest bracket on so(3); m3 — a concrete nonzero entry of A^2).

==============================================================================
SECTION SUMMARY — VERDICTS OF ALL SECTIONS + THE FULL N3 TABLE
==============================================================================
  VERDICT N0: nilpotent X != 0 does NOT exist in the definite signatures so(n,0), so(0,n) (n=3,4,5 machine-checked; the argument goes exclusively through tr(X^2) as a +-definite form).
  VERDICT N1: the soft type (A^2!=0, A^3=0) exists in ALL 10 signatures; the deep type (A^2=0, a totally isotropic plane) exists EXACTLY where min(p,q)>=2: (2,2),(3,2),(2,3),(3,3); for min(p,q)=1 non-existence is proved by machine (PSD reduction: every isotropic partner is collinear with x).
  VERDICT N2: for EVERY constructed nilpotent (both types, all signatures) exp(tA)=1 <=> t=0 (a concrete matrix entry is linear in t with a nonzero coefficient); the one-parameter N-orbit {exp(tA)} ~ R — never closes.
  VERDICT N3: pattern from the data: K5: non-abelian <=> dim c >= 4; K6: non-abelian <=> (deep OR n>=5); I1: deep => non-abelian. Neither the type itself, nor dim ker A, nor the algebraic multiplicity (=n), nor the signature alone determine abelian-ness — counterexamples listed above.
  VERDICT N4: dim c, abelian-ness and dim[c,c] are invariant under a rational isometric conjugation (checked on the (3,1)-soft and (2,2)-deep cases; S^T*eta*S=eta exact).
  VERDICT M: mutants caught 3/3 (m1 — commutation recheck; m2 — discrepancy with the honest bracket on so(3); m3 — a concrete nonzero entry of A^2).

  FULL TABLE N3 (repeated):
  (p,q)   type       rkA  rkA2  dim ker A  dim c  abelian   dim[c,c]  mark
  (2,1)   soft       2    1     1          1      yes       0         
  (1,2)   soft       2    1     1          1      yes       0         
  (3,1)   soft       2    1     2          2      yes       0         <== (3,1)/(1,3)
  (1,3)   soft       2    1     2          2      yes       0         <== (3,1)/(1,3)
  (2,2)   soft       2    1     2          2      yes       0         
  (2,2)   deep       2    0     2          4      NO        3         
  (3,2)   soft       2    1     3          4      NO        2         
  (3,2)   deep       2    0     3          6      NO        6         
  (2,3)   soft       2    1     3          4      NO        2         
  (2,3)   deep       2    0     3          6      NO        6         
  (4,1)   soft       2    1     3          4      NO        2         
  (1,4)   soft       2    1     3          4      NO        2         
  (3,3)   soft       2    1     4          7      NO        6         
  (3,3)   deep       2    0     4          9      NO        8         
  [OK]   SUMMARY: all previous sections had > 0 checks
  [OK]   SUMMARY: mutants 3/3 caught

  COUNTERS: total checks = 345; by section: N0=21, N1=156, N2=42, N3=106, N4=12, M=6, SUMMARY=2; FAIL = 0
  -- checks in section SUMMARY: 2
VERDICT SUMMARY: checks=345, FAIL=0, mutants=3/3; ALL OK
EXIT=0
