S921 (W29): affine extension so(p,q) ⋉ R^n — the shift leg

SAMPLING BOUNDARY (explicit): all signatures (p,q) with n=p+q ∈ {3,4,5}
  (including the definite q=0 and p=0) + two from n=6: (5,1), (3,3).
  Total 17 signatures: [(3, 0), (2, 1), (1, 2), (0, 3), (4, 0), (3, 1), (2, 2), (1, 3), (0, 4), (5, 0), (4, 1), (3, 2), (2, 3), (1, 4), (0, 5), (5, 1), (3, 3)]
Jacobi (A1d): n=3,4 — EXHAUSTIVELY all three triple types over the bases;
  n=5,6 — declared: (M,M,T) EXHAUSTIVELY all pairs of basis M × all
  basis T; (M,T,T) EXHAUSTIVELY all M × pairs of T; (T,T,T) EXHAUSTIVELY all
  triples of T (small volumes, so the "sample" = a full enumeration; the bound = the bases).

==============================================================================
SECTION A1 — CLOSURE AND FORCEDNESS OF THE EXTENSION
==============================================================================
  (3,0): dim so=3; (a)=9 OK, (b)=3 OK, (c)=3 OK, (d) MMT=9 MTT=9 TTT=1 OK
  (2,1): dim so=3; (a)=9 OK, (b)=3 OK, (c)=3 OK, (d) MMT=9 MTT=9 TTT=1 OK
  (1,2): dim so=3; (a)=9 OK, (b)=3 OK, (c)=3 OK, (d) MMT=9 MTT=9 TTT=1 OK
  (0,3): dim so=3; (a)=9 OK, (b)=3 OK, (c)=3 OK, (d) MMT=9 MTT=9 TTT=1 OK
  (4,0): dim so=6; (a)=24 OK, (b)=6 OK, (c)=15 OK, (d) MMT=60 MTT=36 TTT=4 OK
  (3,1): dim so=6; (a)=24 OK, (b)=6 OK, (c)=15 OK, (d) MMT=60 MTT=36 TTT=4 OK
  (2,2): dim so=6; (a)=24 OK, (b)=6 OK, (c)=15 OK, (d) MMT=60 MTT=36 TTT=4 OK
  (1,3): dim so=6; (a)=24 OK, (b)=6 OK, (c)=15 OK, (d) MMT=60 MTT=36 TTT=4 OK
  (0,4): dim so=6; (a)=24 OK, (b)=6 OK, (c)=15 OK, (d) MMT=60 MTT=36 TTT=4 OK
  (5,0): dim so=10; (a)=50 OK, (b)=10 OK, (c)=45 OK, (d) MMT=225 MTT=100 TTT=10 OK
  (4,1): dim so=10; (a)=50 OK, (b)=10 OK, (c)=45 OK, (d) MMT=225 MTT=100 TTT=10 OK
  (3,2): dim so=10; (a)=50 OK, (b)=10 OK, (c)=45 OK, (d) MMT=225 MTT=100 TTT=10 OK
  (2,3): dim so=10; (a)=50 OK, (b)=10 OK, (c)=45 OK, (d) MMT=225 MTT=100 TTT=10 OK
  (1,4): dim so=10; (a)=50 OK, (b)=10 OK, (c)=45 OK, (d) MMT=225 MTT=100 TTT=10 OK
  (0,5): dim so=10; (a)=50 OK, (b)=10 OK, (c)=45 OK, (d) MMT=225 MTT=100 TTT=10 OK
  (5,1): dim so=15; (a)=90 OK, (b)=15 OK, (c)=105 OK, (d) MMT=630 MTT=225 TTT=20 OK
  (3,3): dim so=15; (a)=90 OK, (b)=15 OK, (c)=105 OK, (d) MMT=630 MTT=225 TTT=20 OK
  VERDICT [A1 — CLOSURE AND FORCEDNESS OF THE EXTENSION]: the extension so(p,q) ⋉ R^n is CLOSED in the homogeneous representation; the structure constants are FORCED: [M̂,T_a]=T_{Ma} — an identity of block matrix multiplication, [T,T]=0, Jacobi holds automatically (an associative algebra) and is checked explicitly — NO free parameter in the structure of the extension.

==============================================================================
SECTION A2 — INVARIANT FORMS ON THE TRANSLATIONS (the main section)
==============================================================================
  --- signature (3,0), n=3, dim so=3 ---
      (a) LINEAR invariant forms: dim = 0
      (b) SYMMETRIC invariants: dim = 1; η in the space: YES; all ∝ η: YES
          basis of solutions: [[1, 0, 0], [0, 1, 0], [0, 0, 1]]
      (c) ANTISYMMETRIC invariants: dim = 0
  --- signature (2,1), n=3, dim so=3 ---
      (a) LINEAR invariant forms: dim = 0
      (b) SYMMETRIC invariants: dim = 1; η in the space: YES; all ∝ η: YES
          basis of solutions: [[-1, 0, 0], [0, -1, 0], [0, 0, 1]]
      (c) ANTISYMMETRIC invariants: dim = 0
  --- signature (1,2), n=3, dim so=3 ---
      (a) LINEAR invariant forms: dim = 0
      (b) SYMMETRIC invariants: dim = 1; η in the space: YES; all ∝ η: YES
          basis of solutions: [[-1, 0, 0], [0, 1, 0], [0, 0, 1]]
      (c) ANTISYMMETRIC invariants: dim = 0
  --- signature (0,3), n=3, dim so=3 ---
      (a) LINEAR invariant forms: dim = 0
      (b) SYMMETRIC invariants: dim = 1; η in the space: YES; all ∝ η: YES
          basis of solutions: [[1, 0, 0], [0, 1, 0], [0, 0, 1]]
      (c) ANTISYMMETRIC invariants: dim = 0
  --- signature (4,0), n=4, dim so=6 ---
      (a) LINEAR invariant forms: dim = 0
      (b) SYMMETRIC invariants: dim = 1; η in the space: YES; all ∝ η: YES
          basis of solutions: [[1, 0, 0, 0], [0, 1, 0, 0], [0, 0, 1, 0], [0, 0, 0, 1]]
      (c) ANTISYMMETRIC invariants: dim = 0
  --- signature (3,1), n=4, dim so=6 ---
      (a) LINEAR invariant forms: dim = 0
      (b) SYMMETRIC invariants: dim = 1; η in the space: YES; all ∝ η: YES
          basis of solutions: [[-1, 0, 0, 0], [0, -1, 0, 0], [0, 0, -1, 0], [0, 0, 0, 1]]
      (c) ANTISYMMETRIC invariants: dim = 0
  --- signature (2,2), n=4, dim so=6 ---
      (a) LINEAR invariant forms: dim = 0
      (b) SYMMETRIC invariants: dim = 1; η in the space: YES; all ∝ η: YES
          basis of solutions: [[-1, 0, 0, 0], [0, -1, 0, 0], [0, 0, 1, 0], [0, 0, 0, 1]]
      (c) ANTISYMMETRIC invariants: dim = 0
  --- signature (1,3), n=4, dim so=6 ---
      (a) LINEAR invariant forms: dim = 0
      (b) SYMMETRIC invariants: dim = 1; η in the space: YES; all ∝ η: YES
          basis of solutions: [[-1, 0, 0, 0], [0, 1, 0, 0], [0, 0, 1, 0], [0, 0, 0, 1]]
      (c) ANTISYMMETRIC invariants: dim = 0
  --- signature (0,4), n=4, dim so=6 ---
      (a) LINEAR invariant forms: dim = 0
      (b) SYMMETRIC invariants: dim = 1; η in the space: YES; all ∝ η: YES
          basis of solutions: [[1, 0, 0, 0], [0, 1, 0, 0], [0, 0, 1, 0], [0, 0, 0, 1]]
      (c) ANTISYMMETRIC invariants: dim = 0
  --- signature (5,0), n=5, dim so=10 ---
      (a) LINEAR invariant forms: dim = 0
      (b) SYMMETRIC invariants: dim = 1; η in the space: YES; all ∝ η: YES
          basis of solutions: [[1, 0, 0, 0, 0], [0, 1, 0, 0, 0], [0, 0, 1, 0, 0], [0, 0, 0, 1, 0], [0, 0, 0, 0, 1]]
      (c) ANTISYMMETRIC invariants: dim = 0
  --- signature (4,1), n=5, dim so=10 ---
      (a) LINEAR invariant forms: dim = 0
      (b) SYMMETRIC invariants: dim = 1; η in the space: YES; all ∝ η: YES
          basis of solutions: [[-1, 0, 0, 0, 0], [0, -1, 0, 0, 0], [0, 0, -1, 0, 0], [0, 0, 0, -1, 0], [0, 0, 0, 0, 1]]
      (c) ANTISYMMETRIC invariants: dim = 0
  --- signature (3,2), n=5, dim so=10 ---
      (a) LINEAR invariant forms: dim = 0
      (b) SYMMETRIC invariants: dim = 1; η in the space: YES; all ∝ η: YES
          basis of solutions: [[-1, 0, 0, 0, 0], [0, -1, 0, 0, 0], [0, 0, -1, 0, 0], [0, 0, 0, 1, 0], [0, 0, 0, 0, 1]]
      (c) ANTISYMMETRIC invariants: dim = 0
  --- signature (2,3), n=5, dim so=10 ---
      (a) LINEAR invariant forms: dim = 0
      (b) SYMMETRIC invariants: dim = 1; η in the space: YES; all ∝ η: YES
          basis of solutions: [[-1, 0, 0, 0, 0], [0, -1, 0, 0, 0], [0, 0, 1, 0, 0], [0, 0, 0, 1, 0], [0, 0, 0, 0, 1]]
      (c) ANTISYMMETRIC invariants: dim = 0
  --- signature (1,4), n=5, dim so=10 ---
      (a) LINEAR invariant forms: dim = 0
      (b) SYMMETRIC invariants: dim = 1; η in the space: YES; all ∝ η: YES
          basis of solutions: [[-1, 0, 0, 0, 0], [0, 1, 0, 0, 0], [0, 0, 1, 0, 0], [0, 0, 0, 1, 0], [0, 0, 0, 0, 1]]
      (c) ANTISYMMETRIC invariants: dim = 0
  --- signature (0,5), n=5, dim so=10 ---
      (a) LINEAR invariant forms: dim = 0
      (b) SYMMETRIC invariants: dim = 1; η in the space: YES; all ∝ η: YES
          basis of solutions: [[1, 0, 0, 0, 0], [0, 1, 0, 0, 0], [0, 0, 1, 0, 0], [0, 0, 0, 1, 0], [0, 0, 0, 0, 1]]
      (c) ANTISYMMETRIC invariants: dim = 0
  --- signature (5,1), n=6, dim so=15 ---
      (a) LINEAR invariant forms: dim = 0
      (b) SYMMETRIC invariants: dim = 1; η in the space: YES; all ∝ η: YES
          basis of solutions: [[-1, 0, 0, 0, 0, 0], [0, -1, 0, 0, 0, 0], [0, 0, -1, 0, 0, 0], [0, 0, 0, -1, 0, 0], [0, 0, 0, 0, -1, 0], [0, 0, 0, 0, 0, 1]]
      (c) ANTISYMMETRIC invariants: dim = 0
  --- signature (3,3), n=6, dim so=15 ---
      (a) LINEAR invariant forms: dim = 0
      (b) SYMMETRIC invariants: dim = 1; η in the space: YES; all ∝ η: YES
          basis of solutions: [[-1, 0, 0, 0, 0, 0], [0, -1, 0, 0, 0, 0], [0, 0, -1, 0, 0, 0], [0, 0, 0, 1, 0, 0], [0, 0, 0, 0, 1, 0], [0, 0, 0, 0, 0, 1]]
      (c) ANTISYMMETRIC invariants: dim = 0
  VERDICT [A2 — INVARIANT FORMS ON THE TRANSLATIONS (the main section)]: invariant numbers that can be attached to a shift: LINEAR — 0 (no signature gives an invariant covector); QUADRATIC — exactly 1 (every solution ∝ η: the unique invariant number of a shift = the η-norm a·η·a, whose sign is exactly the time/space-like-ness); ANTISYMMETRIC — 0. See the rollup table in SUMMARY.

==============================================================================
SECTION A3 — THE FATE OF THE TIME SHIFT
==============================================================================
  --- (3,0): q=0, there is no minus-axis — T_t is undefined, skipped (declared) ---
  --- signature (2,1): t = axis 2 (η_tt = -1) ---
      M[0] axes(0,1) a spatial rotation: [M,T_t] = 0
      M[1] axes(0,2) a boost (+,−) with axis t: [M,T_t] = T_v, v = [1, 0, 0]
      M[2] axes(1,2) a boost (+,−) with axis t: [M,T_t] = T_v, v = [0, 1, 0]
      (b) stabilizer of e_t: dim = 1 = dim so(2,0) — this is so(2,0) on the first 2 axes
      (c) q=1 (in the task list): [LOG link] the translation ideal ≅ the vector representation of so(2,1) (proved by machine in A1(a): [M̂,T_a]=T_(Ma) ∀ basis M, a) ⟹ the S920 cone-argument applies VERBATIM:
          active-v10.2/src/symbolic/S920_w29_energy_sign_orientation.py
          (log: active-v10.2/src/symbolic/S920_w29_run.log; S920 verdict: a sector of multiplicity 1 is orientable — two invariant cones)
          ⟹ the flows of so(2,1) do NOT connect T_t with −T_t: the time shift is oriented.
  --- signature (1,2): t = axis 2 (η_tt = -1) ---
      M[0] axes(0,1) a boost without t: [M,T_t] = 0
      M[1] axes(0,2) a boost (+,−) with axis t: [M,T_t] = T_v, v = [1, 0, 0]
      M[2] axes(1,2) a {−−}-rotation with axis t: [M,T_t] = T_v, v = [0, -1, 0]
      (b) stabilizer of e_t: dim = 1 = dim so(1,1) — this is so(1,1) on the first 2 axes
      (c) q≥2: a {−−}-rotation J in the plane (1,2); ad J = J on the vectors (machine-checked); exp(θ·adJ): T_t → cos(θ)T_t + sin(θ)... → at θ=π EXACTLY −T_t — the time shift is connected to its negation continuously.
  --- signature (0,3): t = axis 2 (η_tt = -1) ---
      M[0] axes(0,1) a {−−}-rotation without t: [M,T_t] = 0
      M[1] axes(0,2) a {−−}-rotation with axis t: [M,T_t] = T_v, v = [-1, 0, 0]
      M[2] axes(1,2) a {−−}-rotation with axis t: [M,T_t] = T_v, v = [0, -1, 0]
      (b) stabilizer of e_t: dim = 1 = dim so(0,2) — this is so(0,2) on the first 2 axes
      (c) q≥2: a {−−}-rotation J in the plane (1,2); ad J = J on the vectors (machine-checked); exp(θ·adJ): T_t → cos(θ)T_t + sin(θ)... → at θ=π EXACTLY −T_t — the time shift is connected to its negation continuously.
  --- (4,0): q=0, there is no minus-axis — T_t is undefined, skipped (declared) ---
  --- signature (3,1): t = axis 3 (η_tt = -1) ---
      M[0] axes(0,1) a spatial rotation: [M,T_t] = 0
      M[1] axes(0,2) a spatial rotation: [M,T_t] = 0
      M[2] axes(1,2) a spatial rotation: [M,T_t] = 0
      M[3] axes(0,3) a boost (+,−) with axis t: [M,T_t] = T_v, v = [1, 0, 0, 0]
      M[4] axes(1,3) a boost (+,−) with axis t: [M,T_t] = T_v, v = [0, 1, 0, 0]
      M[5] axes(2,3) a boost (+,−) with axis t: [M,T_t] = T_v, v = [0, 0, 1, 0]
      (b) stabilizer of e_t: dim = 3 = dim so(3,0) — this is so(3,0) on the first 3 axes
      (c) q=1 (in the task list): [LOG link] the translation ideal ≅ the vector representation of so(3,1) (proved by machine in A1(a): [M̂,T_a]=T_(Ma) ∀ basis M, a) ⟹ the S920 cone-argument applies VERBATIM:
          active-v10.2/src/symbolic/S920_w29_energy_sign_orientation.py
          (log: active-v10.2/src/symbolic/S920_w29_run.log; S920 verdict: a sector of multiplicity 1 is orientable — two invariant cones)
          ⟹ the flows of so(3,1) do NOT connect T_t with −T_t: the time shift is oriented.
  --- signature (2,2): t = axis 3 (η_tt = -1) ---
      M[0] axes(0,1) a spatial rotation: [M,T_t] = 0
      M[1] axes(0,2) a boost without t: [M,T_t] = 0
      M[2] axes(1,2) a boost without t: [M,T_t] = 0
      M[3] axes(0,3) a boost (+,−) with axis t: [M,T_t] = T_v, v = [1, 0, 0, 0]
      M[4] axes(1,3) a boost (+,−) with axis t: [M,T_t] = T_v, v = [0, 1, 0, 0]
      M[5] axes(2,3) a {−−}-rotation with axis t: [M,T_t] = T_v, v = [0, 0, -1, 0]
      (b) stabilizer of e_t: dim = 3 = dim so(2,1) — this is so(2,1) on the first 3 axes
      (c) q≥2 (named in the task): a {−−}-rotation J in the plane (2,3); ad J = J on the vectors (machine-checked); exp(θ·adJ): T_t → cos(θ)T_t + sin(θ)... → at θ=π EXACTLY −T_t — the time shift is connected to its negation continuously.
  --- signature (1,3): t = axis 3 (η_tt = -1) ---
      M[0] axes(0,1) a boost without t: [M,T_t] = 0
      M[1] axes(0,2) a boost without t: [M,T_t] = 0
      M[2] axes(1,2) a {−−}-rotation without t: [M,T_t] = 0
      M[3] axes(0,3) a boost (+,−) with axis t: [M,T_t] = T_v, v = [1, 0, 0, 0]
      M[4] axes(1,3) a {−−}-rotation with axis t: [M,T_t] = T_v, v = [0, -1, 0, 0]
      M[5] axes(2,3) a {−−}-rotation with axis t: [M,T_t] = T_v, v = [0, 0, -1, 0]
      (b) stabilizer of e_t: dim = 3 = dim so(1,2) — this is so(1,2) on the first 3 axes
      (c) q≥2: a {−−}-rotation J in the plane (2,3); ad J = J on the vectors (machine-checked); exp(θ·adJ): T_t → cos(θ)T_t + sin(θ)... → at θ=π EXACTLY −T_t — the time shift is connected to its negation continuously.
  --- signature (0,4): t = axis 3 (η_tt = -1) ---
      M[0] axes(0,1) a {−−}-rotation without t: [M,T_t] = 0
      M[1] axes(0,2) a {−−}-rotation without t: [M,T_t] = 0
      M[2] axes(1,2) a {−−}-rotation without t: [M,T_t] = 0
      M[3] axes(0,3) a {−−}-rotation with axis t: [M,T_t] = T_v, v = [-1, 0, 0, 0]
      M[4] axes(1,3) a {−−}-rotation with axis t: [M,T_t] = T_v, v = [0, -1, 0, 0]
      M[5] axes(2,3) a {−−}-rotation with axis t: [M,T_t] = T_v, v = [0, 0, -1, 0]
      (b) stabilizer of e_t: dim = 3 = dim so(0,3) — this is so(0,3) on the first 3 axes
      (c) q≥2: a {−−}-rotation J in the plane (2,3); ad J = J on the vectors (machine-checked); exp(θ·adJ): T_t → cos(θ)T_t + sin(θ)... → at θ=π EXACTLY −T_t — the time shift is connected to its negation continuously.
  --- (5,0): q=0, there is no minus-axis — T_t is undefined, skipped (declared) ---
  --- signature (4,1): t = axis 4 (η_tt = -1) ---
      M[0] axes(0,1) a spatial rotation: [M,T_t] = 0
      M[1] axes(0,2) a spatial rotation: [M,T_t] = 0
      M[2] axes(1,2) a spatial rotation: [M,T_t] = 0
      M[3] axes(0,3) a spatial rotation: [M,T_t] = 0
      M[4] axes(1,3) a spatial rotation: [M,T_t] = 0
      M[5] axes(2,3) a spatial rotation: [M,T_t] = 0
      M[6] axes(0,4) a boost (+,−) with axis t: [M,T_t] = T_v, v = [1, 0, 0, 0, 0]
      M[7] axes(1,4) a boost (+,−) with axis t: [M,T_t] = T_v, v = [0, 1, 0, 0, 0]
      M[8] axes(2,4) a boost (+,−) with axis t: [M,T_t] = T_v, v = [0, 0, 1, 0, 0]
      M[9] axes(3,4) a boost (+,−) with axis t: [M,T_t] = T_v, v = [0, 0, 0, 1, 0]
      (b) stabilizer of e_t: dim = 6 = dim so(4,0) — this is so(4,0) on the first 4 axes
      (c) q=1 (in the task list): [LOG link] the translation ideal ≅ the vector representation of so(4,1) (proved by machine in A1(a): [M̂,T_a]=T_(Ma) ∀ basis M, a) ⟹ the S920 cone-argument applies VERBATIM:
          active-v10.2/src/symbolic/S920_w29_energy_sign_orientation.py
          (log: active-v10.2/src/symbolic/S920_w29_run.log; S920 verdict: a sector of multiplicity 1 is orientable — two invariant cones)
          ⟹ the flows of so(4,1) do NOT connect T_t with −T_t: the time shift is oriented.
  --- signature (3,2): t = axis 4 (η_tt = -1) ---
      M[0] axes(0,1) a spatial rotation: [M,T_t] = 0
      M[1] axes(0,2) a spatial rotation: [M,T_t] = 0
      M[2] axes(1,2) a spatial rotation: [M,T_t] = 0
      M[3] axes(0,3) a boost without t: [M,T_t] = 0
      M[4] axes(1,3) a boost without t: [M,T_t] = 0
      M[5] axes(2,3) a boost without t: [M,T_t] = 0
      M[6] axes(0,4) a boost (+,−) with axis t: [M,T_t] = T_v, v = [1, 0, 0, 0, 0]
      M[7] axes(1,4) a boost (+,−) with axis t: [M,T_t] = T_v, v = [0, 1, 0, 0, 0]
      M[8] axes(2,4) a boost (+,−) with axis t: [M,T_t] = T_v, v = [0, 0, 1, 0, 0]
      M[9] axes(3,4) a {−−}-rotation with axis t: [M,T_t] = T_v, v = [0, 0, 0, -1, 0]
      (b) stabilizer of e_t: dim = 6 = dim so(3,1) — this is so(3,1) on the first 4 axes
      (c) q≥2 (named in the task): a {−−}-rotation J in the plane (3,4); ad J = J on the vectors (machine-checked); exp(θ·adJ): T_t → cos(θ)T_t + sin(θ)... → at θ=π EXACTLY −T_t — the time shift is connected to its negation continuously.
  --- signature (2,3): t = axis 4 (η_tt = -1) ---
      M[0] axes(0,1) a spatial rotation: [M,T_t] = 0
      M[1] axes(0,2) a boost without t: [M,T_t] = 0
      M[2] axes(1,2) a boost without t: [M,T_t] = 0
      M[3] axes(0,3) a boost without t: [M,T_t] = 0
      M[4] axes(1,3) a boost without t: [M,T_t] = 0
      M[5] axes(2,3) a {−−}-rotation without t: [M,T_t] = 0
      M[6] axes(0,4) a boost (+,−) with axis t: [M,T_t] = T_v, v = [1, 0, 0, 0, 0]
      M[7] axes(1,4) a boost (+,−) with axis t: [M,T_t] = T_v, v = [0, 1, 0, 0, 0]
      M[8] axes(2,4) a {−−}-rotation with axis t: [M,T_t] = T_v, v = [0, 0, -1, 0, 0]
      M[9] axes(3,4) a {−−}-rotation with axis t: [M,T_t] = T_v, v = [0, 0, 0, -1, 0]
      (b) stabilizer of e_t: dim = 6 = dim so(2,2) — this is so(2,2) on the first 4 axes
      (c) q≥2: a {−−}-rotation J in the plane (3,4); ad J = J on the vectors (machine-checked); exp(θ·adJ): T_t → cos(θ)T_t + sin(θ)... → at θ=π EXACTLY −T_t — the time shift is connected to its negation continuously.
  --- signature (1,4): t = axis 4 (η_tt = -1) ---
      M[0] axes(0,1) a boost without t: [M,T_t] = 0
      M[1] axes(0,2) a boost without t: [M,T_t] = 0
      M[2] axes(1,2) a {−−}-rotation without t: [M,T_t] = 0
      M[3] axes(0,3) a boost without t: [M,T_t] = 0
      M[4] axes(1,3) a {−−}-rotation without t: [M,T_t] = 0
      M[5] axes(2,3) a {−−}-rotation without t: [M,T_t] = 0
      M[6] axes(0,4) a boost (+,−) with axis t: [M,T_t] = T_v, v = [1, 0, 0, 0, 0]
      M[7] axes(1,4) a {−−}-rotation with axis t: [M,T_t] = T_v, v = [0, -1, 0, 0, 0]
      M[8] axes(2,4) a {−−}-rotation with axis t: [M,T_t] = T_v, v = [0, 0, -1, 0, 0]
      M[9] axes(3,4) a {−−}-rotation with axis t: [M,T_t] = T_v, v = [0, 0, 0, -1, 0]
      (b) stabilizer of e_t: dim = 6 = dim so(1,3) — this is so(1,3) on the first 4 axes
      (c) q≥2: a {−−}-rotation J in the plane (3,4); ad J = J on the vectors (machine-checked); exp(θ·adJ): T_t → cos(θ)T_t + sin(θ)... → at θ=π EXACTLY −T_t — the time shift is connected to its negation continuously.
  --- signature (0,5): t = axis 4 (η_tt = -1) ---
      M[0] axes(0,1) a {−−}-rotation without t: [M,T_t] = 0
      M[1] axes(0,2) a {−−}-rotation without t: [M,T_t] = 0
      M[2] axes(1,2) a {−−}-rotation without t: [M,T_t] = 0
      M[3] axes(0,3) a {−−}-rotation without t: [M,T_t] = 0
      M[4] axes(1,3) a {−−}-rotation without t: [M,T_t] = 0
      M[5] axes(2,3) a {−−}-rotation without t: [M,T_t] = 0
      M[6] axes(0,4) a {−−}-rotation with axis t: [M,T_t] = T_v, v = [-1, 0, 0, 0, 0]
      M[7] axes(1,4) a {−−}-rotation with axis t: [M,T_t] = T_v, v = [0, -1, 0, 0, 0]
      M[8] axes(2,4) a {−−}-rotation with axis t: [M,T_t] = T_v, v = [0, 0, -1, 0, 0]
      M[9] axes(3,4) a {−−}-rotation with axis t: [M,T_t] = T_v, v = [0, 0, 0, -1, 0]
      (b) stabilizer of e_t: dim = 6 = dim so(0,4) — this is so(0,4) on the first 4 axes
      (c) q≥2: a {−−}-rotation J in the plane (3,4); ad J = J on the vectors (machine-checked); exp(θ·adJ): T_t → cos(θ)T_t + sin(θ)... → at θ=π EXACTLY −T_t — the time shift is connected to its negation continuously.
  --- signature (5,1): t = axis 5 (η_tt = -1) ---
      M[0] axes(0,1) a spatial rotation: [M,T_t] = 0
      M[1] axes(0,2) a spatial rotation: [M,T_t] = 0
      M[2] axes(1,2) a spatial rotation: [M,T_t] = 0
      M[3] axes(0,3) a spatial rotation: [M,T_t] = 0
      M[4] axes(1,3) a spatial rotation: [M,T_t] = 0
      M[5] axes(2,3) a spatial rotation: [M,T_t] = 0
      M[6] axes(0,4) a spatial rotation: [M,T_t] = 0
      M[7] axes(1,4) a spatial rotation: [M,T_t] = 0
      M[8] axes(2,4) a spatial rotation: [M,T_t] = 0
      M[9] axes(3,4) a spatial rotation: [M,T_t] = 0
      M[10] axes(0,5) a boost (+,−) with axis t: [M,T_t] = T_v, v = [1, 0, 0, 0, 0, 0]
      M[11] axes(1,5) a boost (+,−) with axis t: [M,T_t] = T_v, v = [0, 1, 0, 0, 0, 0]
      M[12] axes(2,5) a boost (+,−) with axis t: [M,T_t] = T_v, v = [0, 0, 1, 0, 0, 0]
      M[13] axes(3,5) a boost (+,−) with axis t: [M,T_t] = T_v, v = [0, 0, 0, 1, 0, 0]
      M[14] axes(4,5) a boost (+,−) with axis t: [M,T_t] = T_v, v = [0, 0, 0, 0, 1, 0]
      (b) stabilizer of e_t: dim = 10 = dim so(5,0) — this is so(5,0) on the first 5 axes
      (c) q=1 (outside the task list — the same carryover): [LOG link] the translation ideal ≅ the vector representation of so(5,1) (proved by machine in A1(a): [M̂,T_a]=T_(Ma) ∀ basis M, a) ⟹ the S920 cone-argument applies VERBATIM:
          active-v10.2/src/symbolic/S920_w29_energy_sign_orientation.py
          (log: active-v10.2/src/symbolic/S920_w29_run.log; S920 verdict: a sector of multiplicity 1 is orientable — two invariant cones)
          ⟹ the flows of so(5,1) do NOT connect T_t with −T_t: the time shift is oriented.
  --- signature (3,3): t = axis 5 (η_tt = -1) ---
      M[0] axes(0,1) a spatial rotation: [M,T_t] = 0
      M[1] axes(0,2) a spatial rotation: [M,T_t] = 0
      M[2] axes(1,2) a spatial rotation: [M,T_t] = 0
      M[3] axes(0,3) a boost without t: [M,T_t] = 0
      M[4] axes(1,3) a boost without t: [M,T_t] = 0
      M[5] axes(2,3) a boost without t: [M,T_t] = 0
      M[6] axes(0,4) a boost without t: [M,T_t] = 0
      M[7] axes(1,4) a boost without t: [M,T_t] = 0
      M[8] axes(2,4) a boost without t: [M,T_t] = 0
      M[9] axes(3,4) a {−−}-rotation without t: [M,T_t] = 0
      M[10] axes(0,5) a boost (+,−) with axis t: [M,T_t] = T_v, v = [1, 0, 0, 0, 0, 0]
      M[11] axes(1,5) a boost (+,−) with axis t: [M,T_t] = T_v, v = [0, 1, 0, 0, 0, 0]
      M[12] axes(2,5) a boost (+,−) with axis t: [M,T_t] = T_v, v = [0, 0, 1, 0, 0, 0]
      M[13] axes(3,5) a {−−}-rotation with axis t: [M,T_t] = T_v, v = [0, 0, 0, -1, 0, 0]
      M[14] axes(4,5) a {−−}-rotation with axis t: [M,T_t] = T_v, v = [0, 0, 0, 0, -1, 0]
      (b) stabilizer of e_t: dim = 10 = dim so(3,2) — this is so(3,2) on the first 5 axes
      (c) q≥2: a {−−}-rotation J in the plane (4,5); ad J = J on the vectors (machine-checked); exp(θ·adJ): T_t → cos(θ)T_t + sin(θ)... → at θ=π EXACTLY −T_t — the time shift is connected to its negation continuously.
  VERDICT [A3 — THE FATE OF THE TIME SHIFT]: q=1: the translation ideal ≅ the vector representation ⟹ the S920 cone-argument carries over verbatim — T_t is NOT connected to −T_t (the shift is oriented); q≥2: an explicit path exp(θ·adJ) in the {−−}-plane connects T_t to −T_t continuously (exact endpoints) — the orientation of the shift is lost. The stabilizer of e_t = so(p,q−1) in every signature with q≥1.

==============================================================================
SECTION M — MUTANTS
==============================================================================
  m1 DETAIL (3,1), M[0] = [[0, -1, 0, 0], [1, 0, 0, 0], [0, 0, 0, 0], [0, 0, 0, 0]], a = e_0:
      Ma  = [0, 1, 0, 0]
      Mᵀa = [0, -1, 0, 0]
      discrepancy (M−Mᵀ)a = [0, 2, 0, 0] ≠ 0 — the mutant gives a DIFFERENT translation, the computed bracket = T_(Ma). CAUGHT.
  m1: caught in 17/17 signatures → CAUGHT
  m2 DETAIL (3,1): φ = (1,0,…,0), M[0] = [[0, -1, 0, 0], [1, 0, 0, 0], [0, 0, 0, 0], [0, 0, 0, 0]], e_1: φ(M e_1) = -1 ≠ 0 — the "invariance" breaks on the very first basis generator. CAUGHT.
  m2: caught in 17/17 signatures → CAUGHT
  m3: CAUGHT (dim=1 everywhere) — the space of symmetric invariants is one-dimensional in EVERY signature, every solution ∝ η (A2(b)); "a second independent form" is refuted by dimension.
  VERDICT [M — MUTANTS]: m1 CAUGHT (the transposed rule gives a different translation — an exact discrepancy is shown); m2 CAUGHT (φ=(1,0,…,0) breaks on an explicit basis M, e_i); m3 CAUGHT by the dim=1 dimension from A2(b) in every signature.

==============================================================================
SECTION SUMMARY
==============================================================================
  VERDICTS:
    [A1 — CLOSURE AND FORCEDNESS OF THE EXTENSION]
      the extension so(p,q) ⋉ R^n is CLOSED in the homogeneous representation; the structure constants are FORCED: [M̂,T_a]=T_{Ma} — an identity of block matrix multiplication, [T,T]=0, Jacobi holds automatically (an associative algebra) and is checked explicitly — NO free parameter in the structure of the extension.
    [A2 — INVARIANT FORMS ON THE TRANSLATIONS (the main section)]
      invariant numbers that can be attached to a shift: LINEAR — 0 (no signature gives an invariant covector); QUADRATIC — exactly 1 (every solution ∝ η: the unique invariant number of a shift = the η-norm a·η·a, whose sign is exactly the time/space-like-ness); ANTISYMMETRIC — 0. See the rollup table in SUMMARY.
    [A3 — THE FATE OF THE TIME SHIFT]
      q=1: the translation ideal ≅ the vector representation ⟹ the S920 cone-argument carries over verbatim — T_t is NOT connected to −T_t (the shift is oriented); q≥2: an explicit path exp(θ·adJ) in the {−−}-plane connects T_t to −T_t continuously (exact endpoints) — the orientation of the shift is lost. The stabilizer of e_t = so(p,q−1) in every signature with q≥1.
    [M — MUTANTS]
      m1 CAUGHT (the transposed rule gives a different translation — an exact discrepancy is shown); m2 CAUGHT (φ=(1,0,…,0) breaks on an explicit basis M, e_i); m3 CAUGHT by the dim=1 dimension from A2(b) in every signature.

  ROLLUP TABLE BY SIGNATURE:
  --------------------------------------------------------------------------
  (p,q)  | dim lin.inv | dim sym.inv | sym ∝ η? | dim antisym | dim stab e_t
  --------------------------------------------------------------------------
  (3,0)  |     0       |     1       |   YES    |     0       |   —(q=0)
  (2,1)  |     0       |     1       |   YES    |     0       |   1
  (1,2)  |     0       |     1       |   YES    |     0       |   1
  (0,3)  |     0       |     1       |   YES    |     0       |   1
  (4,0)  |     0       |     1       |   YES    |     0       |   —(q=0)
  (3,1)  |     0       |     1       |   YES    |     0       |   3
  (2,2)  |     0       |     1       |   YES    |     0       |   3
  (1,3)  |     0       |     1       |   YES    |     0       |   3
  (0,4)  |     0       |     1       |   YES    |     0       |   3
  (5,0)  |     0       |     1       |   YES    |     0       |   —(q=0)
  (4,1)  |     0       |     1       |   YES    |     0       |   6
  (3,2)  |     0       |     1       |   YES    |     0       |   6
  (2,3)  |     0       |     1       |   YES    |     0       |   6
  (1,4)  |     0       |     1       |   YES    |     0       |   6
  (0,5)  |     0       |     1       |   YES    |     0       |   6
  (5,1)  |     0       |     1       |   YES    |     0       |   10
  (3,3)  |     0       |     1       |   YES    |     0       |   10
  --------------------------------------------------------------------------
  LAW: the one invariant number that can be attached to a shift a is its η-norm aᵀηa (multiplicity 1, ∝ η); there are no linear or antisymmetric invariants; the stabilizer of a time shift = so(p,q−1); the orientation of a time shift survives ⟺ q=1 (the S920 carryover), is lost at q≥2 (an explicit path T_t → −T_t).

==============================================================================
COUNTERS:
  A1 — CLOSURE AND FORCEDNESS OF THE EXTENSION         checks= 5952  failures=0
  A2 — INVARIANT FORMS ON THE TRANSLATIONS (the main   checks=  234  failures=0
  A3 — THE FATE OF THE TIME SHIFT                      checks=  255  failures=0
  M — MUTANTS                                          checks=   51  failures=0
  SUMMARY                                              checks=    0  failures=0
  TOTAL checks: 6492 (of which 889 check calls, the rest are individually counted brackets/Jacobi), failures: 0
  MUTANTS:
    m1 [M,T_a]=T_(Mᵀa): CAUGHT
    m2 φ=(1,0,…,0) invariant: CAUGHT
    m3 "a second sym. form": CAUGHT (dim=1 everywhere)
SUMMARY: ALL OK — exit 0
