--- menu base fingerprints (dim, Killing-sig(pos,neg,zer), n_invforms) ---
MENU so(3): dim=3 Killing=(0, 3, 0) n_invforms=1
MENU so(2,1): dim=3 Killing=(2, 1, 0) n_invforms=1
MENU sp(2,R): dim=3 Killing=(2, 1, 0) n_invforms=1
MENU so(4): dim=6 Killing=(0, 6, 0) n_invforms=2
MENU so(3,1): dim=6 Killing=(3, 3, 0) n_invforms=2
MENU so(2,2): dim=6 Killing=(4, 2, 0) n_invforms=2
MENU sp(4,R): dim=10 Killing=(6, 4, 0) n_invforms=1
--- part 1: perfect-core / solvable structure of nilpotent-row centralizers ---
ROW N SIG=(3,1) rank1 | dimc=2 | ABELIAN (dim[c,c]=0) | derived=[2, 0] | dimZ=2
ROW N SIG=(2,2) rank0 | dimc=4 | NON-ABELIAN | derived=[4, 3] | perfect-core dim=3 | CORE-ID=match=so(2,1)&sp(2,R):dim3:Killing(2, 1, 0):ninv1
ROW N SIG=(2,2) rank1 | dimc=2 | ABELIAN (dim[c,c]=0) | derived=[2, 0] | dimZ=2
ROW N SIG=(4,1) rank1 | dimc=4 | SOLVABLE | derived=[4, 2, 0] | lower-central=[4, 2] | center-per-lcs-level=[1, 2]
ROW N SIG=(3,2) rank0 | dimc=6 | ABELIAN (dim[c,c]=0) | derived=[6] | dimZ=1
ROW N SIG=(3,2) rank1 | dimc=4 | SOLVABLE | derived=[4, 2, 0] | lower-central=[4, 2] | center-per-lcs-level=[1, 2]
ROW N SIG=(5,1) rank1 | dimc=7 | NON-ABELIAN | derived=[7, 6] | perfect-core dim=6 | CORE-ID=OTHER:dim6:Killing(0, 3, 3):ninv2
ROW N SIG=(4,2) rank0 | dimc=9 | NON-ABELIAN | derived=[9, 8] | perfect-core dim=8 | CORE-ID=OTHER:dim8:Killing(2, 1, 5):ninv1
ROW N SIG=(4,2) rank1 | dimc=7 | NON-ABELIAN | derived=[7, 6] | perfect-core dim=6 | CORE-ID=OTHER:dim6:Killing(2, 1, 3):ninv2
ROW N SIG=(3,3) rank0 | dimc=9 | NON-ABELIAN | derived=[9, 8] | perfect-core dim=8 | CORE-ID=OTHER:dim8:Killing(2, 1, 5):ninv1
ROW N SIG=(3,3) rank1 | dimc=7 | NON-ABELIAN | derived=[7, 6] | perfect-core dim=6 | CORE-ID=OTHER:dim6:Killing(2, 1, 3):ninv2
--- part 2: perfect-core structure of mixed-row centralizers ---
ROW J1 SIG=(2,2) mixed | dimc=2 | ABELIAN (dim[c,c]=0) | derived=[2, 0] | dimZ=2
ROW J2 SIG=(4,2) mixed | dimc=5 | NON-ABELIAN | derived=[5, 3] | perfect-core dim=3 | CORE-ID=match=so(2,1)&sp(2,R):dim3:Killing(2, 1, 0):ninv1
ROW J3 SIG=(5,1) mixed | dimc=3 | ABELIAN (dim[c,c]=0) | derived=[3, 0] | dimZ=3
ROW J4 SIG=(3,3) mixed | dimc=5 | NON-ABELIAN | derived=[5, 3] | perfect-core dim=3 | CORE-ID=match=so(2,1)&sp(2,R):dim3:Killing(2, 1, 0):ninv1
--- named: are (4,1) rank1 and (3,2) rank1 centralizers isomorphic? ---
(4,1)r1 battery: dimL=4 derived=[4, 2, 0] lower-central=[4, 2] dimZ=1 dim[L,L]=2 dim-rho=1 disc-form-sig=(0, 1, 0)
(3,2)r1 battery: dimL=4 derived=[4, 2, 0] lower-central=[4, 2] dimZ=1 dim[L,L]=2 dim-rho=1 disc-form-sig=(1, 0, 0)
VERDICT (by bracket-derived conjugation invariant of ad on [L,L]): DISTINCT (disc-form-sig (0, 1, 0) vs (1, 0, 0))
--- mutants ---
MUTANT mu1: CAUGHT (perfect_core separates perfect dim3 from solvable empty)
MUTANT mu2: CAUGHT (Killing sig separates so(3)=(0, 3, 0) from so(2,1)=(2, 1, 0))
MUTANT mu3: CAUGHT (n_invforms counts ideals: so(3)=1, so(4)=2)
MUTANT mu4: CAUGHT (disc-form sig separates rotation (0, 1, 0) from boost (1, 0, 0))
MUTANT mu5: CAUGHT (bracket-table MISMATCH reported)
SUMMARY: rows=15 | menu_singles=7 | catalog_entries=35
SUMMARY: named-iso (4,1)r1 vs (3,2)r1 = DISTINCT
SUMMARY: asserts_passed=95 | FAIL=0
FORBIDDEN-SCAN: hits=0
EXIT=0
