==========================================================================
W34-leg-1: cell closure d=2..6 (A_d), rational arithmetic
==========================================================================

COLUMNS (raw):
d | generator Gram | SC=(d+1)/d | det(Euclid) | det(unit) | z(d) | cos(bond) | traversal(order) | cos2θ | null-modes(symm) | dist²
----------------------------------------------------------------------------------------------------------------------------------
2 | SC*Cartan(A_d) | 3/2 | 3 | 27/4 | 3 | -1/2 | 3 | -1/2 | 2 | 1
3 | SC*Cartan(A_d) | 4/3 | 4 | 256/27 | 4 | -1/3 | inf | -7/9 | 3 | 1
4 | SC*Cartan(A_d) | 5/4 | 5 | 3125/256 | 5 | -1/4 | inf | -7/8 | 4 | 1
5 | SC*Cartan(A_d) | 6/5 | 6 | 46656/3125 | 6 | -1/5 | inf | -23/25 | 5 | 1
6 | SC*Cartan(A_d) | 7/6 | 7 | 823543/46656 | 7 | -1/6 | inf | -17/18 | 6 | 1

BIT-FENCE d=2 (cross-check against the program's stamps):
  det(A_2)=3 · cos=−1/2(120°) · z=3 · nodes=2(K,K') · order=3 — all agree

MUTANTS (one per classification branch):
  MUTANT br-rank: CAUGHT (good basis rank=d; duplicated gen rank<d)
  MUTANT br-shell: CAUGHT (far coset vec norm²=17>1=min; not in z)
  MUTANT br-order: CAUGHT (d=2 cos=-1/2 finite; d=3 cos=-7/9 infinite)
  MUTANT br-node: CAUGHT (Γ |f|²=9≠0 no node; K |f|²=0 node)

SUMMARY: asserts_passed=168 | FAIL=0
FORBIDDEN-SCAN: hits=0
EXIT=0
