==========================================================================
W36-leg-4: η-types of the canonical pairs of the center form
==========================================================================

--- q-SCAN (signatures Witt≥2, n=5,6,7) ---
SIG (3,2) n5 | core-indices=[2] | core-sig=(1,0) | dim V=2
   pair#0 (axis c=2) | η-type(b)=+ | η-type(b′)=+ | SAME-TYPE | ω-conjugate=yes | cross-ortho=yes
SIG (4,2) n6 | core-indices=[2, 3] | core-sig=(2,0) | dim V=4
   pair#0 (axis c=2) | η-type(b)=+ | η-type(b′)=+ | SAME-TYPE | ω-conjugate=yes | cross-ortho=yes
   pair#1 (axis c=3) | η-type(b)=+ | η-type(b′)=+ | SAME-TYPE | ω-conjugate=yes | cross-ortho=yes
SIG (2,4) n6? | core-indices=[4, 5] | core-sig=(0,2) | dim V=4
   pair#0 (axis c=4) | η-type(b)=- | η-type(b′)=- | SAME-TYPE | ω-conjugate=yes | cross-ortho=yes
   pair#1 (axis c=5) | η-type(b)=- | η-type(b′)=- | SAME-TYPE | ω-conjugate=yes | cross-ortho=yes
SIG (3,3) n6 | core-indices=[2, 5] | core-sig=(1,1) | dim V=4
   pair#0 (axis c=2) | η-type(b)=+ | η-type(b′)=+ | SAME-TYPE | ω-conjugate=yes | cross-ortho=yes
   pair#1 (axis c=5) | η-type(b)=- | η-type(b′)=- | SAME-TYPE | ω-conjugate=yes | cross-ortho=yes
SIG (5,2) n7 | core-indices=[2, 3, 4] | core-sig=(3,0) | dim V=6
   pair#0 (axis c=2) | η-type(b)=+ | η-type(b′)=+ | SAME-TYPE | ω-conjugate=yes | cross-ortho=yes
   pair#1 (axis c=3) | η-type(b)=+ | η-type(b′)=+ | SAME-TYPE | ω-conjugate=yes | cross-ortho=yes
   pair#2 (axis c=4) | η-type(b)=+ | η-type(b′)=+ | SAME-TYPE | ω-conjugate=yes | cross-ortho=yes
SIG (4,3) n7 | core-indices=[2, 3, 6] | core-sig=(2,1) | dim V=6
   pair#0 (axis c=2) | η-type(b)=+ | η-type(b′)=+ | SAME-TYPE | ω-conjugate=yes | cross-ortho=yes
   pair#1 (axis c=3) | η-type(b)=+ | η-type(b′)=+ | SAME-TYPE | ω-conjugate=yes | cross-ortho=yes
   pair#2 (axis c=6) | η-type(b)=- | η-type(b′)=- | SAME-TYPE | ω-conjugate=yes | cross-ortho=yes
SIG (3,4) n7? | core-indices=[2, 5, 6] | core-sig=(1,2) | dim V=6
   pair#0 (axis c=2) | η-type(b)=+ | η-type(b′)=+ | SAME-TYPE | ω-conjugate=yes | cross-ortho=yes
   pair#1 (axis c=5) | η-type(b)=- | η-type(b′)=- | SAME-TYPE | ω-conjugate=yes | cross-ortho=yes
   pair#2 (axis c=6) | η-type(b)=- | η-type(b′)=- | SAME-TYPE | ω-conjugate=yes | cross-ortho=yes
SIG (2,5) n7? | core-indices=[4, 5, 6] | core-sig=(0,3) | dim V=6
   pair#0 (axis c=4) | η-type(b)=- | η-type(b′)=- | SAME-TYPE | ω-conjugate=yes | cross-ortho=yes
   pair#1 (axis c=5) | η-type(b)=- | η-type(b′)=- | SAME-TYPE | ω-conjugate=yes | cross-ortho=yes
   pair#2 (axis c=6) | η-type(b)=- | η-type(b′)=- | SAME-TYPE | ω-conjugate=yes | cross-ortho=yes

SYSTEMATICS (raw):
  canonical pairs are ALWAYS same-type (both members bind the same core axis);
  the multiset of pair-types = the core signature.

--- MIXED k>0: (5,2) + partial core rotation (axis ker E) ---
   (5,2)+rotation(2,3) | fixed axis ker E = c=4 type=+ | surviving pair = pair@c=4 type=(+,+)
   → the surviving pair binds the fixed axis (+-type); the rotated axes 2,3 die (do not commute with E)

BIT-FENCE (ω-ranks S961/S968):
  (4,2): constructed module ω-rank=4 (=S961 rank4); core-sig(2,0) → 2 pairs both +

MUTANTS (one per branch: same-type / different-type / isotropic-trace):
  MUTANT br-sametype: CAUGHT ((5,2) core all-pos → all pairs same-type +)
  MUTANT br-difftype: CAUGHT ((3,3) core (1,1) → pairs of both types +,−)
  MUTANT br-isotropic-trace: CAUGHT (bind to W-axis x: eta(x,x)=0 isotropic trace)

SUMMARY: asserts_passed=61 | FAIL=0
FORBIDDEN-SCAN: hits=0
EXIT=0
