--- bit-fence: shared pipeline reproduces S988 (4,4) single-wedge control ---
  FENCE (4,4) control: dimc=18 Levi=so(2,1)+so(2,2) radical=h9

=== OBJECT: (C1) so(5,4) single-wedge rank2 ===
  N: rank=2 nilp_depth=2
  c(N): dim=24 dim[c,c]=24 derived=[24] dim_centre(c)=1
  perfect_core dim=24
  core: dim=24 Killing=(8, 5, 11)
  Levi: Levi=so(2,1)+so(3,2)&so(2,1)+sp(4,R) dim=13 Killing_sig=(8, 5, 0)
  Levi gen^2 eigenvalues on 9-dim rep (raw, reduct signature):
    g0^2 eig={'0': 9}
    g1^2 eig={'0': 9}
    g2^2 eig={'1': 4, '0': 5}
    g3^2 eig={'0': 7, '-1': 2}
    g4^2 eig={'0': 7, '-1': 2}
    g5^2 eig={'0': 7, '1': 2}
    g6^2 eig={'0': 7, '1': 2}
    g7^2 eig={'0': 7, '-1': 2}
    g8^2 eig={'0': 7, '1': 2}
    g9^2 eig={'0': 7, '1': 2}
    g10^2 eig={'0': 7, '1': 2}
    g11^2 eig={'0': 7, '1': 2}
    g12^2 eig={'0': 7, '-1': 2}
  radical: type=h11 dim=11 lower_central_series=[11, 1, 0] n_central_dirs=1 info={'dr': 11, 'dz': 1, 'drr': 1, 'allmove': True}
  module: dv=10 commutant=1 weights(aggregate)={-1: 2, 1: 2, 0: 6}
  module blocks: irreducible(commutant<=1)
  [EXT-1] block0: dim=10 commutant=1 weights={-1: 2, 1: 2, 0: 6} invforms(sym=0,anti=1)
  [EXT-2] [module,module] by blocks (coords in centre basis; else flag):
    [blk0.m0, blk0.m1] -> [-1]
    [blk0.m0, blk0.m2] -> 0
    [blk0.m0, blk0.m3] -> 0
    [blk0.m0, blk0.m4] -> 0
    [blk0.m0, blk0.m5] -> 0
    [blk0.m0, blk0.m6] -> 0
    [blk0.m0, blk0.m7] -> 0
    [blk0.m0, blk0.m8] -> 0
    [blk0.m0, blk0.m9] -> 0
    [blk0.m1, blk0.m2] -> 0
    [blk0.m1, blk0.m3] -> 0
    [blk0.m1, blk0.m4] -> 0
    [blk0.m1, blk0.m5] -> 0
    [blk0.m1, blk0.m6] -> 0
    [blk0.m1, blk0.m7] -> 0
    [blk0.m1, blk0.m8] -> 0
    [blk0.m1, blk0.m9] -> 0
    [blk0.m2, blk0.m3] -> [-1]
    [blk0.m2, blk0.m4] -> 0
    [blk0.m2, blk0.m5] -> 0
    [blk0.m2, blk0.m6] -> 0
    [blk0.m2, blk0.m7] -> 0
    [blk0.m2, blk0.m8] -> 0
    [blk0.m2, blk0.m9] -> 0
    [blk0.m3, blk0.m4] -> 0
    [blk0.m3, blk0.m5] -> 0
    [blk0.m3, blk0.m6] -> 0
    [blk0.m3, blk0.m7] -> 0
    [blk0.m3, blk0.m8] -> 0
    [blk0.m3, blk0.m9] -> 0
    [blk0.m4, blk0.m5] -> [-1]
    [blk0.m4, blk0.m6] -> 0
    [blk0.m4, blk0.m7] -> 0
    [blk0.m4, blk0.m8] -> 0
    [blk0.m4, blk0.m9] -> 0
    [blk0.m5, blk0.m6] -> 0
    [blk0.m5, blk0.m7] -> 0
    [blk0.m5, blk0.m8] -> 0
    [blk0.m5, blk0.m9] -> 0
    [blk0.m6, blk0.m7] -> 0
    [blk0.m6, blk0.m8] -> [1]
    [blk0.m6, blk0.m9] -> 0
    [blk0.m7, blk0.m8] -> 0
    [blk0.m7, blk0.m9] -> [1]
    [blk0.m8, blk0.m9] -> 0
  -- STOP (raw) --

=== OBJECT: (A1) so(5,4) two-wedge rank4 ===
  N: rank=4 nilp_depth=2
  c(N): dim=20 dim[c,c]=20 derived=[20] dim_centre(c)=1
  perfect_core dim=20
  core: dim=20 Killing=(6, 4, 10)
  Levi: Levi=so(3,2)&sp(4,R) dim=10 Killing_sig=(6, 4, 0)
  Levi gen^2 eigenvalues on 9-dim rep (raw, reduct signature):
    g0^2 eig={'0': 9}
    g1^2 eig={'0': 9}
    g2^2 eig={'1': 4, '0': 5}
    g3^2 eig={'0': 9}
    g4^2 eig={'0': 9}
    g5^2 eig={'0': 9}
    g6^2 eig={'0': 9}
    g7^2 eig={'0': 9}
    g8^2 eig={'0': 9}
    g9^2 eig={'0': 5, '1': 4}
  radical: type=R0+h10 dim=10 lower_central_series=[10, 6, 0] n_central_dirs=6 info={'dr': 10, 'dz': 6, 'drr': 6, 'allmove': True, 'a': 0, 'b': 10}
  module: dv=4 commutant=1 weights(aggregate)={1: 1, -1: 1, 0: 2}
  module blocks: irreducible(commutant<=1)
  [EXT-1] block0: dim=4 commutant=1 weights={1: 1, -1: 1, 0: 2} invforms(sym=0,anti=1)
  [EXT-2] [module,module] by blocks (coords in centre basis; else flag):
    [blk0.m0, blk0.m1] -> [-1, 0, 0, 0, 0, 0]
    [blk0.m0, blk0.m2] -> [0, -1, 0, 0, 0, 0]
    [blk0.m0, blk0.m3] -> [0, 0, -1, 0, 0, 0]
    [blk0.m1, blk0.m2] -> [0, 0, 0, -1, 0, 0]
    [blk0.m1, blk0.m3] -> [0, 0, 0, 0, -1, 0]
    [blk0.m2, blk0.m3] -> [0, 0, 0, 0, 0, -1]
  -- STOP (raw) --

=== OBJECT: (C2) so(5,5) single-wedge rank2 ===
  N: rank=2 nilp_depth=2
  c(N): dim=31 dim[c,c]=31 derived=[31] dim_centre(c)=1
  perfect_core dim=31
  core: dim=31 Killing=(11, 7, 13)
  Levi: Levi=so(2,1)+so(3,3) dim=18 Killing_sig=(11, 7, 0)
  Levi gen^2 eigenvalues on 10-dim rep (raw, reduct signature):
    g0^2 eig={'0': 10}
    g1^2 eig={'0': 10}
    g2^2 eig={'1': 4, '0': 6}
    g3^2 eig={'0': 8, '-1': 2}
    g4^2 eig={'0': 8, '-1': 2}
    g5^2 eig={'0': 8, '1': 2}
    g6^2 eig={'0': 8, '1': 2}
    g7^2 eig={'0': 8, '1': 2}
    g8^2 eig={'0': 8, '-1': 2}
    g9^2 eig={'0': 8, '1': 2}
    g10^2 eig={'0': 8, '1': 2}
    g11^2 eig={'0': 8, '1': 2}
    g12^2 eig={'0': 8, '1': 2}
    g13^2 eig={'0': 8, '1': 2}
    g14^2 eig={'0': 8, '1': 2}
    g15^2 eig={'0': 8, '-1': 2}
    g16^2 eig={'0': 8, '-1': 2}
    g17^2 eig={'0': 8, '-1': 2}
  radical: type=h13 dim=13 lower_central_series=[13, 1, 0] n_central_dirs=1 info={'dr': 13, 'dz': 1, 'drr': 1, 'allmove': True}
  module: dv=12 commutant=1 weights(aggregate)={-1: 2, 1: 2, 0: 8}
  module blocks: irreducible(commutant<=1)
  [EXT-1] block0: dim=12 commutant=1 weights={-1: 2, 1: 2, 0: 8} invforms(sym=0,anti=1)
  [EXT-2] [module,module] by blocks (coords in centre basis; else flag):
    [blk0.m0, blk0.m1] -> [-1]
    [blk0.m0, blk0.m2] -> 0
    [blk0.m0, blk0.m3] -> 0
    [blk0.m0, blk0.m4] -> 0
    [blk0.m0, blk0.m5] -> 0
    [blk0.m0, blk0.m6] -> 0
    [blk0.m0, blk0.m7] -> 0
    [blk0.m0, blk0.m8] -> 0
    [blk0.m0, blk0.m9] -> 0
    [blk0.m0, blk0.m10] -> 0
    [blk0.m0, blk0.m11] -> 0
    [blk0.m1, blk0.m2] -> 0
    [blk0.m1, blk0.m3] -> 0
    [blk0.m1, blk0.m4] -> 0
    [blk0.m1, blk0.m5] -> 0
    [blk0.m1, blk0.m6] -> 0
    [blk0.m1, blk0.m7] -> 0
    [blk0.m1, blk0.m8] -> 0
    [blk0.m1, blk0.m9] -> 0
    [blk0.m1, blk0.m10] -> 0
    [blk0.m1, blk0.m11] -> 0
    [blk0.m2, blk0.m3] -> [-1]
    [blk0.m2, blk0.m4] -> 0
    [blk0.m2, blk0.m5] -> 0
    [blk0.m2, blk0.m6] -> 0
    [blk0.m2, blk0.m7] -> 0
    [blk0.m2, blk0.m8] -> 0
    [blk0.m2, blk0.m9] -> 0
    [blk0.m2, blk0.m10] -> 0
    [blk0.m2, blk0.m11] -> 0
    [blk0.m3, blk0.m4] -> 0
    [blk0.m3, blk0.m5] -> 0
    [blk0.m3, blk0.m6] -> 0
    [blk0.m3, blk0.m7] -> 0
    [blk0.m3, blk0.m8] -> 0
    [blk0.m3, blk0.m9] -> 0
    [blk0.m3, blk0.m10] -> 0
    [blk0.m3, blk0.m11] -> 0
    [blk0.m4, blk0.m5] -> [-1]
    [blk0.m4, blk0.m6] -> 0
    [blk0.m4, blk0.m7] -> 0
    [blk0.m4, blk0.m8] -> 0
    [blk0.m4, blk0.m9] -> 0
    [blk0.m4, blk0.m10] -> 0
    [blk0.m4, blk0.m11] -> 0
    [blk0.m5, blk0.m6] -> 0
    [blk0.m5, blk0.m7] -> 0
    [blk0.m5, blk0.m8] -> 0
    [blk0.m5, blk0.m9] -> 0
    [blk0.m5, blk0.m10] -> 0
    [blk0.m5, blk0.m11] -> 0
    [blk0.m6, blk0.m7] -> 0
    [blk0.m6, blk0.m8] -> 0
    [blk0.m6, blk0.m9] -> [1]
    [blk0.m6, blk0.m10] -> 0
    [blk0.m6, blk0.m11] -> 0
    [blk0.m7, blk0.m8] -> 0
    [blk0.m7, blk0.m9] -> 0
    [blk0.m7, blk0.m10] -> [1]
    [blk0.m7, blk0.m11] -> 0
    [blk0.m8, blk0.m9] -> 0
    [blk0.m8, blk0.m10] -> 0
    [blk0.m8, blk0.m11] -> [1]
    [blk0.m9, blk0.m10] -> 0
    [blk0.m9, blk0.m11] -> 0
    [blk0.m10, blk0.m11] -> 0
  -- STOP (raw) --

=== OBJECT: (A2) so(5,5) two-wedge rank4 [MAIN] ===
  N: rank=4 nilp_depth=2
  c(N): dim=25 dim[c,c]=24 derived=[25, 24] dim_centre(c)=1
  perfect_core dim=24
  core: dim=24 Killing=(6, 4, 14)
  Levi: Levi=so(3,2)&sp(4,R) dim=10 Killing_sig=(6, 4, 0)
  Levi gen^2 eigenvalues on 10-dim rep (raw, reduct signature):
    g0^2 eig={'1': 4, '0': 6}
    g1^2 eig={'0': 10}
    g2^2 eig={'0': 10}
    g3^2 eig={'0': 10}
    g4^2 eig={'0': 10}
    g5^2 eig={'0': 10}
    g6^2 eig={'0': 10}
    g7^2 eig={'0': 10}
    g8^2 eig={'1': 8, '0': 2}
    g9^2 eig={'0': 10}
  radical: type=R0+h14 dim=14 lower_central_series=[14, 6, 0] n_central_dirs=6 info={'dr': 14, 'dz': 6, 'drr': 6, 'allmove': True, 'a': 0, 'b': 14}
  module: dv=8 commutant=4 weights(aggregate)={1: 2, -1: 2, 0: 4}
  module blocks: rational-eigenspace split (evals=['0', '1'])
  [EXT-1] block0: dim=4 commutant=1 weights={1: 1, -1: 1, 0: 2} invforms(sym=0,anti=1)
  [EXT-1] block1: dim=4 commutant=1 weights={1: 1, -1: 1, 0: 2} invforms(sym=0,anti=1)
  [EXT-1 cross] block0xblock1: invariant pairings dim=1
  [EXT-2] [module,module] by blocks (coords in centre basis; else flag):
    [blk0.m0, blk0.m1] -> [0, 0, 0, 0, 0, 1]
    [blk0.m0, blk0.m2] -> [1, 0, 0, 0, 0, 0]
    [blk0.m0, blk0.m3] -> [0, 1, 0, 0, 0, 0]
    [blk0.m1, blk0.m2] -> [0, 0, -1, 0, 0, 0]
    [blk0.m1, blk0.m3] -> [0, 0, 0, -1, 0, 0]
    [blk0.m2, blk0.m3] -> [0, 0, 0, 0, -1, -1]
    [blk0.m0, blk1.m0] -> 0
    [blk0.m0, blk1.m1] -> 0
    [blk0.m0, blk1.m2] -> 0
    [blk0.m0, blk1.m3] -> 0
    [blk0.m1, blk1.m0] -> 0
    [blk0.m1, blk1.m1] -> 0
    [blk0.m1, blk1.m2] -> 0
    [blk0.m1, blk1.m3] -> 0
    [blk0.m2, blk1.m0] -> 0
    [blk0.m2, blk1.m1] -> 0
    [blk0.m2, blk1.m2] -> 0
    [blk0.m2, blk1.m3] -> 0
    [blk0.m3, blk1.m0] -> 0
    [blk0.m3, blk1.m1] -> 0
    [blk0.m3, blk1.m2] -> 0
    [blk0.m3, blk1.m3] -> 0
    [blk1.m0, blk1.m1] -> [0, 0, 0, 0, 0, -1]
    [blk1.m0, blk1.m2] -> [-1, 0, 0, 0, 0, 0]
    [blk1.m0, blk1.m3] -> [0, -1, 0, 0, 0, 0]
    [blk1.m1, blk1.m2] -> [0, 0, 1, 0, 0, 0]
    [blk1.m1, blk1.m3] -> [0, 0, 0, 1, 0, 0]
    [blk1.m2, blk1.m3] -> [0, 0, 0, 0, 1, 1]
  -- STOP (raw) --

--- mutants (one per branch) ---
MUTANT br-rank: CAUGHT (two-wedge rank4; single rank2)
MUTANT br-constructible: CAUGHT ((9,0) no isotropic; (5,4) has)
MUTANT br-radical: CAUGHT (h3->h3, h5->h5, R3->R3)
MUTANT br-module: CAUGHT (irreducible commutant=1; reducible commutant=4)
MUTANT br-invform: CAUGHT (so(3):sym1/anti0 ; sp(2,R):sym0/anti1)
MUTANT br-block: CAUGHT (reducible->2 blocks; irreducible->1 block)

SUMMARY: objects=4 (C1/A1 so(5,4), C2/A2 so(5,5)) + bit-fence(4,4) + 6 mutants + neg-control
SUMMARY: asserts_passed=40 | FAIL=0
FORBIDDEN-SCAN: hits=0
EXIT=0
