=== §1 SYMBOLIC BLOCK EQUATIONS (MatrixSymbol, symbolic m=2k and g) ===
--- so(eta) block equations (=0), positions [W|G|W'] x [W|G|W'] ---
  soeta[A]: G2 + G2.T = 0
  soeta[B]: H + D.T*Gm = 0
  soeta[Cc]: K + A.T = 0
  soeta[D]: Gm*D + H.T = 0
  soeta[E]: Gm*E + E.T*Gm = 0
  soeta[F]: Gm*F + B.T = 0
  soeta[G2]: A + K.T = 0
  soeta[H]: B + F.T*Gm = 0
  soeta[K]: Cc + Cc.T = 0
--- [M,N] block equations (=0) ---
  [M,N][0,0]: -w*G2 = 0
  [M,N][0,1]: -w*H = 0
  [M,N][0,2]: A*w - w*K = 0
  [M,N][1,2]: D*w = 0
  [M,N][2,2]: G2*w = 0

=== §2 SOLUTION free/linked/zero (hand-read from §1 block eqs; carved, class S952) ===
  FREE:   A in sp(w) [A*w + w*A^T = 0]  = sp(2k,R) Levi   dim k(2k+1)
          Cc antisym m x m [Cc + Cc^T = 0]  = Lambda^2 W (centre)   dim k(2k-1)
          E in so(G) [E^T G + G E = 0]  = so(eta|G) reduct   dim g(g-1)/2
          B free m x g  = module W (x) G   dim 2k*g
  LINKED: F = -G^{-1} B^T ;  H = -D^T G ;  K = -A^T
  ZERO:   G2 = 0 ;  D = 0 (=> H = 0)
  hand-reads (explicit, class S952): (i) soeta[K]:Cc+Cc^T=0 -> Cc antisym=Lambda^2 W ;
    (ii) soeta[A]:A^T w..-> A*w+w*A^T=0 = sp(w) ; (iii) [M,N] forces D=G2=0, K=-A^T ;
    (iv) soeta[F]/[H]: F,H linked to B,D by G ; (v) E block = so(G) unchanged by N.

=== §3 MODULE BRACKET  [u(x)a, v(x)b] = (u^v).eta'(a,b)  (derived; instance bit-check) ===
  Block algebra: effective M = [[A,B,Cc],[0,E,-G^{-1}B^T],[0,0,-A^T]] (upper-tri).
  [M1,M2] (1,3)-block (-> centre Cc=Lambda^2 W) receives  B1(-G^{-1})B2^T - B2(-G^{-1})B1^T
  For B = e_i(x)e_a (u=e_i in W, a-th G-axis):  [B_{u,a},B_{v,b}] = -(G^{-1})_{ab}(u v^T - v u^T)
     = (u^v) . eta'(a,b)   with eta' = -G^{-1} (dual metric on G, sign=convention).  Lambda^2 cocycle.

=== §4 dim-formula + degenerate cases (from the ONE formula) ===
  dim c(k,g) = k(2k+1) + g(g-1)/2 + 2k*g + k(2k-1)   [= sp(2k) + so(G) + W(x)G + Lambda^2 W]
  g=0:  dim = k(2k+1) + k(2k-1) = 4k^2 ; radical = Lambda^2 W (dim k(2k-1)) ABELIAN (eta'=0).
  k=1:  Lambda^2 W dim 1 ; radical = h_{2g+1} ; dim = 3 + g(g-1)/2 + 2g = g(g-1)/2+2g+3  (= T18 rank-0).

=== §5 INSTANCE-FENCES (bit-for-bit vs centralizer(): dim + span + cocycle) ===
  (3,2) k=1 g=1: formula=6 centralizer=6 block-span=6 span-eq=True valid=True | cocycle OK/1
  (4,2) k=1 g=2: formula=9 centralizer=9 block-span=9 span-eq=True valid=True | cocycle OK/4
  (5,2) k=1 g=3: formula=13 centralizer=13 block-span=13 span-eq=True valid=True | cocycle OK/9
  (4,4) k=2 g=0: formula=16 centralizer=16 block-span=16 span-eq=True valid=True | cocycle n/a (g=0, radical=Lambda^2 W abelian)
  (5,4) k=2 g=1: formula=20 centralizer=20 block-span=20 span-eq=True valid=True | cocycle OK/6
  (5,5) k=2 g=2: formula=25 centralizer=25 block-span=25 span-eq=True valid=True | cocycle OK/24
  (6,6) k=3 g=0: formula=36 centralizer=36 block-span=36 span-eq=True valid=True | cocycle n/a (g=0, radical=Lambda^2 W abelian)
  (7,6) k=3 g=1: formula=42 centralizer=42 block-span=42 span-eq=True valid=True | cocycle OK/15

=== mutants (one per branch) ===
MUTANT br-formula: CAUGHT (k=2g=0->16 ; k=1g=2->9 ; distinct)
MUTANT br-sp: CAUGHT (sp(2) dim 3, A*w+w*A^T=0)
MUTANT br-lambda2: CAUGHT (Lambda^2(4) dim 6 antisym ; symmetric excluded)
MUTANT br-cocycle: CAUGHT (Lambda^2 form exact on (5,5) k=2 main object)
MUTANT br-degenerate: CAUGHT (g=0 -> 4k^2=16 abelian Lambda^2 ; k=1 -> h-tower 13)

SUMMARY: forall-derivation (symbolic block eqs + carved free/linked/zero + cocycle) + instance-fences k in {1,2,3}, g in {0,1,2,3}
SUMMARY: asserts_passed=63 | FAIL=0
FORBIDDEN-SCAN: hits=0
EXIT=0
