==========================================================================
W40: marked cell axes — spectral trace of marking (blind probe)
==========================================================================

T1 (bit-fence, base t=1, d=2..4): cross-check against S956 run.log BIT-FOR-BIT
  d=2: SC=3/2 detE=3 detU=27/4 z=3 bondcos=-1/2 zeros=2 dist2=1  <- matches S956 run.log
  d=3: SC=4/3 detE=4 detU=256/27 z=4 bondcos=-1/3 zeros=3 dist2=1  <- matches S956 run.log
  d=4: SC=5/4 detE=5 detU=3125/256 z=5 bondcos=-1/4 zeros=4 dist2=1  <- matches S956 run.log

T2 (m=1): {g_t = 0} on the BZ torus, exact classification
d | t | type | dim | #points | rank(J) | note
----------------------------------------------------------------------------------------------------
2 | 0 | variety | 1 | - | 1 | circle psi_2 - psi_1 = 1/2 (saturation 1 = t + 1)
2 | 1/2 | points | 0 | 2 | 2 | solve: (x=-1/4,y=-sqrt(15)/4); (x=-1/4,y=sqrt(15)/4)
2 | 1 | points | 0 | 2 | 2 | solve: (x=-1/2,y=-sqrt(3)/2); (x=-1/2,y=sqrt(3)/2)
2 | 3/2 | points | 0 | 2 | 2 | solve: (x=-3/4,y=-sqrt(7)/4); (x=-3/4,y=sqrt(7)/4)
2 | 2 | point | 0 | 1 | 1 | unique psi=(1/2,..,1/2): Re g >= t-d=0, equality <=> all w=-1
2 | 5/2 | empty | - | 0 | - | |g| >= t-d = 1/2 > 0
2 | 3 | empty | - | 0 | - | |g| >= t-d = 1 > 0
3 | 0 | variety | 1 | - | 2 | dim = d - rank(J) = 1
3 | 1/2 | variety | 1 | - | 2 | dim = d - rank(J) = 1
3 | 1 | variety | 1 | - | 2 | dim = d - rank(J) = 1
3 | 3/2 | variety | 1 | - | 2 | dim = d - rank(J) = 1
3 | 2 | variety | 1 | - | 2 | dim = d - rank(J) = 1
3 | 5/2 | variety | 1 | - | 2 | dim = d - rank(J) = 1
3 | 3 | point | 0 | 1 | 1 | unique psi=(1/2,..,1/2): Re g >= t-d=0, equality <=> all w=-1
3 | 7/2 | empty | - | 0 | - | |g| >= t-d = 1/2 > 0
3 | 4 | empty | - | 0 | - | |g| >= t-d = 1 > 0
4 | 0 | variety | 2 | - | 2 | dim = d - rank(J) = 2
4 | 1/2 | variety | 2 | - | 2 | dim = d - rank(J) = 2
4 | 1 | variety | 2 | - | 2 | dim = d - rank(J) = 2
4 | 3/2 | variety | 2 | - | 2 | dim = d - rank(J) = 2
4 | 2 | variety | 2 | - | 2 | dim = d - rank(J) = 2
4 | 5/2 | variety | 2 | - | 2 | dim = d - rank(J) = 2
4 | 3 | variety | 2 | - | 2 | dim = d - rank(J) = 2
4 | 7/2 | variety | 2 | - | 2 | dim = d - rank(J) = 2
4 | 4 | point | 0 | 1 | 1 | unique psi=(1/2,..,1/2): Re g >= t-d=0, equality <=> all w=-1

T2 critical t* (symbolic, polygon saturation 2*max = sum):
  d=2: t* = d = 2 (the zeros merge into psi=(1/2,..,1/2) and vanish) ; lower t* = 2-d = 0 (points -> circle, smeared) ; collinear t (singular points on the zero-set): [2, 0]
  d=3: t* = d = 3 (the zeros merge into psi=(1/2,..,1/2) and vanish) ; collinear t (singular points on the zero-set): [3, 1]
  d=4: t* = d = 4 (the zeros merge into psi=(1/2,..,1/2) and vanish) ; collinear t (singular points on the zero-set): [4, 2, 0]
  demonstrations: d=3 t=1 (1,-1,-1) rank=1 ; d=4 t=0 (1,1,-1,-1) rank=1 ; d=4 t=2 (-1,-1,-1,1) rank=1 — all exact

T3 (m=2, weight t on two axes): {g_t = 0}, d in {3,4}, t in {0,1/2,1,2}
d | t | type | dim | #points | rank(J) | note
----------------------------------------------------------------------------------------------------
3 | 0 | variety | 2 | - | 1 | marked axes excluded: d-1 bonds; psi_1 free => factor T^1
3 | 1/2 | variety | 1 | - | 2 | dim = d - rank(J)
3 | 1 | variety | 1 | - | 2 | dim = d - rank(J)
3 | 2 | variety | 1 | - | 2 | dim = d - rank(J)
4 | 0 | variety | 2 | - | 2 | marked axes excluded: d-1 bonds; psi_1 free => factor T^1
4 | 1/2 | variety | 2 | - | 2 | dim = d - rank(J)
4 | 1 | variety | 2 | - | 2 | dim = d - rank(J)
4 | 2 | variety | 2 | - | 2 | dim = d - rank(J)
  singular points m=2: d=3 — (-1,1,-1) for ALL t (rank=1); d=4 — at t=1/2 (rank=1)

T4: pairs (p,q) — C1: d=p, m=0  ·  C2: d=p+q-1, m=q, t=1
pair (p,q) | cell | d | m | t | rank | det Gram(unit) | z | zeros(symm) | dim zero-set
--------------------------------------------------------------------------------------
(2,1) | C1 | 2 | 0 | 1 | 2 | 27/4 | 3 | 2 | 0
(2,1) | C2 | 2 | 1 | 1 | 2 | 27/4 | 3 | 2 | 0
(3,1) | C1 | 3 | 0 | 1 | 3 | 256/27 | 4 | 3 | 1
(3,1) | C2 | 3 | 1 | 1 | 3 | 256/27 | 4 | 3 | 1
(2,2) | C1 | 2 | 0 | 1 | 2 | 27/4 | 3 | 2 | 0
(2,2) | C2 | 3 | 2 | 1 | 3 | 256/27 | 4 | 3 | 1
(3,2) | C1 | 3 | 0 | 1 | 3 | 256/27 | 4 | 3 | 1
(3,2) | C2 | 4 | 2 | 1 | 4 | 3125/256 | 5 | 4 | 2

MUTANTS (each classification branch):
  MUTANT M1: CAUGHT (pair=-1/4 != -1/d; norm=3/4 != 1; det shifted)
  MUTANT M2: CAUGHT (t=101/100: zeros(symm)=0 != 3 from S956 log)
  MUTANT M3: CAUGHT (strict criterion: 'empty' at t=d=3, but an exact zero psi=(1/2,1/2,1/2) exists; t* would shift)
  MUTANT M4: CAUGHT (off-by-one count=2 != 3)
  MUTANT M5: CAUGHT (m=2 sample: g_m2=0, but g_m1=-1/2+I*0 != 0)

NEGATIVE CONTROL (seeded): weight 7/5 on a NON-symmetric axis
  d=3, axis=1, w=(1,..,7/5,..): zeros(symm)=0 vs base 3; |f|^2(j=1)=4/25 != 0 — the control fired (the measurement is sensitive)

SUMMARY: asserts_passed=253 | FAIL=0
FORBIDDEN-SCAN: hits=0 (src=0, log=0)
EXIT=0
STOP
